Archive member included to satisfy reference by file (symbol)

c:/gcc4mbed-master/gcc4mbed-master/gcc-arm-none-eabi/bin/../lib/gcc/arm-none-eabi/5.2.1/../../../../arm-none-eabi/lib/armv6-m\libstdc++_nano.a(del_opv.o)
                              C:/Users/hamed/Desktop/CODES/blinky-OS5/.build/tests/SARA_NBIOT_EVK/GCC_ARM/mbed-os/core/hal/common/RawSerial.o (operator delete[](void*))
c:/gcc4mbed-master/gcc4mbed-master/gcc-arm-none-eabi/bin/../lib/gcc/arm-none-eabi/5.2.1/../../../../arm-none-eabi/lib/armv6-m\libstdc++_nano.a(atexit_arm.o)
                              C:/Users/hamed/Desktop/CODES/blinky-OS5/.build/tests/SARA_NBIOT_EVK/GCC_ARM/mbed-os/core/hal/common/FileBase.o (__aeabi_atexit)
c:/gcc4mbed-master/gcc4mbed-master/gcc-arm-none-eabi/bin/../lib/gcc/arm-none-eabi/5.2.1/../../../../arm-none-eabi/lib/armv6-m\libstdc++_nano.a(del_op.o)
                              C:/Users/hamed/Desktop/CODES/blinky-OS5/.build/tests/SARA_NBIOT_EVK/GCC_ARM/mbed-os/core/hal/common/BusIn.o (operator delete(void*))
c:/gcc4mbed-master/gcc4mbed-master/gcc-arm-none-eabi/bin/../lib/gcc/arm-none-eabi/5.2.1/../../../../arm-none-eabi/lib/armv6-m\libstdc++_nano.a(new_op.o)
                              C:/Users/hamed/Desktop/CODES/blinky-OS5/.build/tests/SARA_NBIOT_EVK/GCC_ARM/mbed-os/core/hal/common/BusIn.o (operator new(unsigned int))
c:/gcc4mbed-master/gcc4mbed-master/gcc-arm-none-eabi/bin/../lib/gcc/arm-none-eabi/5.2.1/../../../../arm-none-eabi/lib/armv6-m\libstdc++_nano.a(new_opv.o)
                              C:/Users/hamed/Desktop/CODES/blinky-OS5/.build/tests/SARA_NBIOT_EVK/GCC_ARM/mbed-os/core/hal/common/RawSerial.o (operator new[](unsigned int))
c:/gcc4mbed-master/gcc4mbed-master/gcc-arm-none-eabi/bin/../lib/gcc/arm-none-eabi/5.2.1/../../../../arm-none-eabi/lib/armv6-m\libstdc++_nano.a(new_handler.o)
                              c:/gcc4mbed-master/gcc4mbed-master/gcc-arm-none-eabi/bin/../lib/gcc/arm-none-eabi/5.2.1/../../../../arm-none-eabi/lib/armv6-m\libstdc++_nano.a(new_op.o) (std::get_new_handler())
c:/gcc4mbed-master/gcc4mbed-master/gcc-arm-none-eabi/bin/../lib/gcc/arm-none-eabi/5.2.1/../../../../arm-none-eabi/lib/armv6-m\libm.a(lib_a-s_fpclassify.o)
                              C:/Users/hamed/Desktop/CODES/blinky-OS5/.build/tests/SARA_NBIOT_EVK/GCC_ARM/mbed-os/frameworks/unity/source/unity.o (__fpclassifyd)
c:/gcc4mbed-master/gcc4mbed-master/gcc-arm-none-eabi/bin/../lib/gcc/arm-none-eabi/5.2.1/../../../../arm-none-eabi/lib/armv6-m\libm.a(lib_a-sf_fpclassify.o)
                              C:/Users/hamed/Desktop/CODES/blinky-OS5/.build/tests/SARA_NBIOT_EVK/GCC_ARM/mbed-os/frameworks/unity/source/unity.o (__fpclassifyf)
c:/gcc4mbed-master/gcc4mbed-master/gcc-arm-none-eabi/bin/../lib/gcc/arm-none-eabi/5.2.1/../../../../arm-none-eabi/lib/armv6-m\libc_nano.a(lib_a-abort.o)
                              c:/gcc4mbed-master/gcc4mbed-master/gcc-arm-none-eabi/bin/../lib/gcc/arm-none-eabi/5.2.1/../../../../arm-none-eabi/lib/armv6-m\libstdc++_nano.a(new_op.o) (abort)
c:/gcc4mbed-master/gcc4mbed-master/gcc-arm-none-eabi/bin/../lib/gcc/arm-none-eabi/5.2.1/../../../../arm-none-eabi/lib/armv6-m\libc_nano.a(lib_a-atexit.o)
                              C:/Users/hamed/Desktop/CODES/blinky-OS5/.build/tests/SARA_NBIOT_EVK/GCC_ARM/mbed-os/core/rtos/rtx/TARGET_CORTEX_M/RTX_Conf_CM.o (atexit)
c:/gcc4mbed-master/gcc4mbed-master/gcc-arm-none-eabi/bin/../lib/gcc/arm-none-eabi/5.2.1/../../../../arm-none-eabi/lib/armv6-m\libc_nano.a(lib_a-calloc.o)
                              C:/Users/hamed/Desktop/CODES/blinky-OS5/.build/tests/SARA_NBIOT_EVK/GCC_ARM/mbed-os/features/mbedtls/src/asn1parse.o (calloc)
c:/gcc4mbed-master/gcc4mbed-master/gcc-arm-none-eabi/bin/../lib/gcc/arm-none-eabi/5.2.1/../../../../arm-none-eabi/lib/armv6-m\libc_nano.a(lib_a-ctype_.o)
                              C:/Users/hamed/Desktop/CODES/blinky-OS5/.build/tests/SARA_NBIOT_EVK/GCC_ARM/mbed-os/features/storage/cfstore/source/cfstore_fnmatch.o (__ctype_ptr__)
c:/gcc4mbed-master/gcc4mbed-master/gcc-arm-none-eabi/bin/../lib/gcc/arm-none-eabi/5.2.1/../../../../arm-none-eabi/lib/armv6-m\libc_nano.a(lib_a-cxa_atexit.o)
                              c:/gcc4mbed-master/gcc4mbed-master/gcc-arm-none-eabi/bin/../lib/gcc/arm-none-eabi/5.2.1/../../../../arm-none-eabi/lib/armv6-m\libstdc++_nano.a(atexit_arm.o) (__cxa_atexit)
c:/gcc4mbed-master/gcc4mbed-master/gcc-arm-none-eabi/bin/../lib/gcc/arm-none-eabi/5.2.1/../../../../arm-none-eabi/lib/armv6-m\libc_nano.a(lib_a-errno.o)
                              C:/Users/hamed/Desktop/CODES/blinky-OS5/.build/tests/SARA_NBIOT_EVK/GCC_ARM/mbed-os/core/hal/common/retarget.o (__errno)
c:/gcc4mbed-master/gcc4mbed-master/gcc-arm-none-eabi/bin/../lib/gcc/arm-none-eabi/5.2.1/../../../../arm-none-eabi/lib/armv6-m\libc_nano.a(lib_a-exit.o)
                              c:/gcc4mbed-master/gcc4mbed-master/gcc-arm-none-eabi/bin/../lib/gcc/arm-none-eabi/5.2.1/../../../../arm-none-eabi/lib/armv6-m/crt0.o (exit)
[...]
Memory Configuration

Name             Origin             Length             Attributes
VECTORS          0x00000000         0x000000c0
FLASH_PROGRAM    0x000000c0         0x0000ff40
SRAM             0x01000000         0x00003f00
IPC_MAILBOX      0x01003f00         0x00000100
*default*        0x00000000         0xffffffff

Linker script and memory map

LOAD c:/gcc4mbed-master/gcc4mbed-master/gcc-arm-none-eabi/bin/../lib/gcc/arm-none-eabi/5.2.1/armv6-m/crti.o
LOAD c:/gcc4mbed-master/gcc4mbed-master/gcc-arm-none-eabi/bin/../lib/gcc/arm-none-eabi/5.2.1/armv6-m/crtbegin.o
LOAD c:/gcc4mbed-master/gcc4mbed-master/gcc-arm-none-eabi/bin/../lib/gcc/arm-none-eabi/5.2.1/../../../../arm-none-eabi/lib/armv6-m/crt0.o
LOAD C:/Users/hamed/Desktop/CODES/blinky-OS5/.build/tests/SARA_NBIOT_EVK/GCC_ARM/blinky.o
LOAD C:/Users/hamed/Desktop/CODES/blinky-OS5/.build/tests/SARA_NBIOT_EVK/GCC_ARM/mbed-os/core/hal/common/AnalogIn.o
LOAD C:/Users/hamed/Desktop/CODES/blinky-OS5/.build/tests/SARA_NBIOT_EVK/GCC_ARM/mbed-os/core/hal/common/assert.o
LOAD C:/Users/hamed/Desktop/CODES/blinky-OS5/.build/tests/SARA_NBIOT_EVK/GCC_ARM/mbed-os/core/hal/common/board.o
LOAD C:/Users/hamed/Desktop/CODES/blinky-OS5/.build/tests/SARA_NBIOT_EVK/GCC_ARM/mbed-os/core/hal/common/BusIn.o
LOAD C:/Users/hamed/Desktop/CODES/blinky-OS5/.build/tests/SARA_NBIOT_EVK/GCC_ARM/mbed-os/core/hal/common/BusInOut.o
LOAD C:/Users/hamed/Desktop/CODES/blinky-OS5/.build/tests/SARA_NBIOT_EVK/GCC_ARM/mbed-os/core/hal/common/BusOut.o
LOAD C:/Users/hamed/Desktop/CODES/blinky-OS5/.build/tests/SARA_NBIOT_EVK/GCC_ARM/mbed-os/core/hal/common/CallChain.o
LOAD C:/Users/hamed/Desktop/CODES/blinky-OS5/.build/tests/SARA_NBIOT_EVK/GCC_ARM/mbed-os/core/hal/common/CAN.o
LOAD C:/Users/hamed/Desktop/CODES/blinky-OS5/.build/tests/SARA_NBIOT_EVK/GCC_ARM/mbed-os/core/hal/common/critical.o
LOAD C:/Users/hamed/Desktop/CODES/blinky-OS5/.build/tests/SARA_NBIOT_EVK/GCC_ARM/mbed-os/core/hal/common/error.o
LOAD C:/Users/hamed/Desktop/CODES/blinky-OS5/.build/tests/SARA_NBIOT_EVK/GCC_ARM/mbed-os/core/hal/common/Ethernet.o
LOAD C:/Users/hamed/Desktop/CODES/blinky-OS5/.build/tests/SARA_NBIOT_EVK/GCC_ARM/mbed-os/core/hal/common/FileBase.o
LOAD C:/Users/hamed/Desktop/CODES/blinky-OS5/.build/tests/SARA_NBIOT_EVK/GCC_ARM/mbed-os/core/hal/common/FileLike.o
LOAD C:/Users/hamed/Desktop/CODES/blinky-OS5/.build/tests/SARA_NBIOT_EVK/GCC_ARM/mbed-os/core/hal/common/FilePath.o
LOAD C:/Users/hamed/Desktop/CODES/blinky-OS5/.build/tests/SARA_NBIOT_EVK/GCC_ARM/mbed-os/core/hal/common/FileSystemLike.o
LOAD C:/Users/hamed/Desktop/CODES/blinky-OS5/.build/tests/SARA_NBIOT_EVK/GCC_ARM/mbed-os/core/hal/common/gpio.o
LOAD C:/Users/hamed/Desktop/CODES/blinky-OS5/.build/tests/SARA_NBIOT_EVK/GCC_ARM/mbed-os/core/hal/common/I2C.o
LOAD C:/Users/hamed/Desktop/CODES/blinky-OS5/.build/tests/SARA_NBIOT_EVK/GCC_ARM/mbed-os/core/hal/common/I2CSlave.o
LOAD C:/Users/hamed/Desktop/CODES/blinky-OS5/.build/tests/SARA_NBIOT_EVK/GCC_ARM/mbed-os/core/hal/common/InterruptIn.o
LOAD C:/Users/hamed/Desktop/CODES/blinky-OS5/.build/tests/SARA_NBIOT_EVK/GCC_ARM/mbed-os/core/hal/common/InterruptManager.o
LOAD C:/Users/hamed/Desktop/CODES/blinky-OS5/.build/tests/SARA_NBIOT_EVK/GCC_ARM/mbed-os/core/hal/common/LocalFileSystem.o
LOAD C:/Users/hamed/Desktop/CODES/blinky-OS5/.build/tests/SARA_NBIOT_EVK/GCC_ARM/mbed-os/core/hal/common/lp_ticker_api.o
LOAD C:/Users/hamed/Desktop/CODES/blinky-OS5/.build/tests/SARA_NBIOT_EVK/GCC_ARM/mbed-os/core/hal/common/mbed_interface.o
LOAD C:/Users/hamed/Desktop/CODES/blinky-OS5/.build/tests/SARA_NBIOT_EVK/GCC_ARM/mbed-os/core/hal/common/pinmap_common.o
LOAD C:/Users/hamed/Desktop/CODES/blinky-OS5/.build/tests/SARA_NBIOT_EVK/GCC_ARM/mbed-os/core/hal/common/RawSerial.o
LOAD C:/Users/hamed/Desktop/CODES/blinky-OS5/.build/tests/SARA_NBIOT_EVK/GCC_ARM/mbed-os/core/hal/common/retarget.o
LOAD C:/Users/hamed/Desktop/CODES/blinky-OS5/.build/tests/SARA_NBIOT_EVK/GCC_ARM/mbed-os/core/hal/common/rtc_time.o
LOAD C:/Users/hamed/Desktop/CODES/blinky-OS5/.build/tests/SARA_NBIOT_EVK/GCC_ARM/mbed-os/core/hal/common/semihost_api.o
LOAD C:/Users/hamed/Desktop/CODES/blinky-OS5/.build/tests/SARA_NBIOT_EVK/GCC_ARM/mbed-os/core/hal/common/Serial.o
LOAD C:/Users/hamed/Desktop/CODES/blinky-OS5/.build/tests/SARA_NBIOT_EVK/GCC_ARM/mbed-os/core/hal/common/SerialBase.o
LOAD C:/Users/hamed/Desktop/CODES/blinky-OS5/.build/tests/SARA_NBIOT_EVK/GCC_ARM/mbed-os/core/hal/common/SPI.o
LOAD C:/Users/hamed/Desktop/CODES/blinky-OS5/.build/tests/SARA_NBIOT_EVK/GCC_ARM/mbed-os/core/hal/common/SPISlave.o
LOAD C:/Users/hamed/Desktop/CODES/blinky-OS5/.build/tests/SARA_NBIOT_EVK/GCC_ARM/mbed-os/core/hal/common/Stream.o
LOAD C:/Users/hamed/Desktop/CODES/blinky-OS5/.build/tests/SARA_NBIOT_EVK/GCC_ARM/mbed-os/core/hal/common/Ticker.o
LOAD C:/Users/hamed/Desktop/CODES/blinky-OS5/.build/tests/SARA_NBIOT_EVK/GCC_ARM/mbed-os/core/hal/common/ticker_api.o
LOAD C:/Users/hamed/Desktop/CODES/blinky-OS5/.build/tests/SARA_NBIOT_EVK/GCC_ARM/mbed-os/core/hal/common/Timeout.o
LOAD C:/Users/hamed/Desktop/CODES/blinky-OS5/.build/tests/SARA_NBIOT_EVK/GCC_ARM/mbed-os/core/hal/common/Timer.o
LOAD C:/Users/hamed/Desktop/CODES/blinky-OS5/.build/tests/SARA_NBIOT_EVK/GCC_ARM/mbed-os/core/hal/common/TimerEvent.o
LOAD C:/Users/hamed/Desktop/CODES/blinky-OS5/.build/tests/SARA_NBIOT_EVK/GCC_ARM/mbed-os/core/hal/common/us_ticker_api.o
LOAD C:/Users/hamed/Desktop/CODES/blinky-OS5/.build/tests/SARA_NBIOT_EVK/GCC_ARM/mbed-os/core/hal/common/wait_api.o
LOAD C:/Users/hamed/Desktop/CODES/blinky-OS5/.build/tests/SARA_NBIOT_EVK/GCC_ARM/mbed-os/core/hal/targets/cmsis/TARGET_ublox/TARGET_HI2110/cmsis_nvic.o
LOAD C:/Users/hamed/Desktop/CODES/blinky-OS5/.build/tests/SARA_NBIOT_EVK/GCC_ARM/mbed-os/core/hal/targets/cmsis/TARGET_ublox/TARGET_HI2110/system_HI2110.o
LOAD C:/Users/hamed/Desktop/CODES/blinky-OS5/.build/tests/SARA_NBIOT_EVK/GCC_ARM/mbed-os/core/hal/targets/cmsis/TARGET_ublox/TARGET_HI2110/TOOLCHAIN_GCC_ARM/startup_HI2110.o
LOAD C:/Users/hamed/Desktop/CODES/blinky-OS5/.build/tests/SARA_NBIOT_EVK/GCC_ARM/mbed-os/core/hal/targets/hal/TARGET_ublox/TARGET_HI2110/gpio_api.o
LOAD C:/Users/hamed/Desktop/CODES/blinky-OS5/.build/tests/SARA_NBIOT_EVK/GCC_ARM/mbed-os/core/hal/targets/hal/TARGET_ublox/TARGET_HI2110/gpio_irq_api.o
LOAD C:/Users/hamed/Desktop/CODES/blinky-OS5/.build/tests/SARA_NBIOT_EVK/GCC_ARM/mbed-os/core/hal/targets/hal/TARGET_ublox/TARGET_HI2110/HI2110_init.o
LOAD C:/Users/hamed/Desktop/CODES/blinky-OS5/.build/tests/SARA_NBIOT_EVK/GCC_ARM/mbed-os/core/hal/targets/hal/TARGET_ublox/TARGET_HI2110/lp_ticker.o
LOAD C:/Users/hamed/Desktop/CODES/blinky-OS5/.build/tests/SARA_NBIOT_EVK/GCC_ARM/mbed-os/core/hal/targets/hal/TARGET_ublox/TARGET_HI2110/mbed_overrides.o
LOAD C:/Users/hamed/Desktop/CODES/blinky-OS5/.build/tests/SARA_NBIOT_EVK/GCC_ARM/mbed-os/core/hal/targets/hal/TARGET_ublox/TARGET_HI2110/pinmap.o
LOAD C:/Users/hamed/Desktop/CODES/blinky-OS5/.build/tests/SARA_NBIOT_EVK/GCC_ARM/mbed-os/core/hal/targets/hal/TARGET_ublox/TARGET_HI2110/port_api.o
LOAD C:/Users/hamed/Desktop/CODES/blinky-OS5/.build/tests/SARA_NBIOT_EVK/GCC_ARM/mbed-os/core/hal/targets/hal/TARGET_ublox/TARGET_HI2110/serial_api.o
LOAD C:/Users/hamed/Desktop/CODES/blinky-OS5/.build/tests/SARA_NBIOT_EVK/GCC_ARM/mbed-os/core/hal/targets/hal/TARGET_ublox/TARGET_HI2110/sleep.o
LOAD C:/Users/hamed/Desktop/CODES/blinky-OS5/.build/tests/SARA_NBIOT_EVK/GCC_ARM/mbed-os/core/hal/targets/hal/TARGET_ublox/TARGET_HI2110/us_ticker.o
LOAD C:/Users/hamed/Desktop/CODES/blinky-OS5/.build/tests/SARA_NBIOT_EVK/GCC_ARM/mbed-os/core/rtos/rtos/Mutex.o
LOAD C:/Users/hamed/Desktop/CODES/blinky-OS5/.build/tests/SARA_NBIOT_EVK/GCC_ARM/mbed-os/core/rtos/rtos/RtosTimer.o
LOAD C:/Users/hamed/Desktop/CODES/blinky-OS5/.build/tests/SARA_NBIOT_EVK/GCC_ARM/mbed-os/core/rtos/rtos/rtos_idle.o
LOAD C:/Users/hamed/Desktop/CODES/blinky-OS5/.build/tests/SARA_NBIOT_EVK/GCC_ARM/mbed-os/core/rtos/rtos/Semaphore.o
LOAD C:/Users/hamed/Desktop/CODES/blinky-OS5/.build/tests/SARA_NBIOT_EVK/GCC_ARM/mbed-os/core/rtos/rtos/Thread.o
LOAD C:/Users/hamed/Desktop/CODES/blinky-OS5/.build/tests/SARA_NBIOT_EVK/GCC_ARM/mbed-os/core/rtos/rtx/TARGET_CORTEX_M/HAL_CM.o
LOAD C:/Users/hamed/Desktop/CODES/blinky-OS5/.build/tests/SARA_NBIOT_EVK/GCC_ARM/mbed-os/core/rtos/rtx/TARGET_CORTEX_M/RTX_Conf_CM.o
LOAD C:/Users/hamed/Desktop/CODES/blinky-OS5/.build/tests/SARA_NBIOT_EVK/GCC_ARM/mbed-os/core/rtos/rtx/TARGET_CORTEX_M/rt_CMSIS.o
LOAD C:/Users/hamed/Desktop/CODES/blinky-OS5/.build/tests/SARA_NBIOT_EVK/GCC_ARM/mbed-os/core/rtos/rtx/TARGET_CORTEX_M/rt_Event.o
LOAD C:/Users/hamed/Desktop/CODES/blinky-OS5/.build/tests/SARA_NBIOT_EVK/GCC_ARM/mbed-os/core/rtos/rtx/TARGET_CORTEX_M/rt_List.o
LOAD C:/Users/hamed/Desktop/CODES/blinky-OS5/.build/tests/SARA_NBIOT_EVK/GCC_ARM/mbed-os/core/rtos/rtx/TARGET_CORTEX_M/rt_Mailbox.o
LOAD C:/Users/hamed/Desktop/CODES/blinky-OS5/.build/tests/SARA_NBIOT_EVK/GCC_ARM/mbed-os/core/rtos/rtx/TARGET_CORTEX_M/rt_MemBox.o
LOAD C:/Users/hamed/Desktop/CODES/blinky-OS5/.build/tests/SARA_NBIOT_EVK/GCC_ARM/mbed-os/core/rtos/rtx/TARGET_CORTEX_M/rt_Memory.o
LOAD C:/Users/hamed/Desktop/CODES/blinky-OS5/.build/tests/SARA_NBIOT_EVK/GCC_ARM/mbed-os/core/rtos/rtx/TARGET_CORTEX_M/rt_Mutex.o
LOAD C:/Users/hamed/Desktop/CODES/blinky-OS5/.build/tests/SARA_NBIOT_EVK/GCC_ARM/mbed-os/core/rtos/rtx/TARGET_CORTEX_M/rt_OsEventObserver.o
LOAD C:/Users/hamed/Desktop/CODES/blinky-OS5/.build/tests/SARA_NBIOT_EVK/GCC_ARM/mbed-os/core/rtos/rtx/TARGET_CORTEX_M/rt_Robin.o
LOAD C:/Users/hamed/Desktop/CODES/blinky-OS5/.build/tests/SARA_NBIOT_EVK/GCC_ARM/mbed-os/core/rtos/rtx/TARGET_CORTEX_M/rt_Semaphore.o
LOAD C:/Users/hamed/Desktop/CODES/blinky-OS5/.build/tests/SARA_NBIOT_EVK/GCC_ARM/mbed-os/core/rtos/rtx/TARGET_CORTEX_M/rt_System.o
LOAD C:/Users/hamed/Desktop/CODES/blinky-OS5/.build/tests/SARA_NBIOT_EVK/GCC_ARM/mbed-os/core/rtos/rtx/TARGET_CORTEX_M/rt_Task.o
LOAD C:/Users/hamed/Desktop/CODES/blinky-OS5/.build/tests/SARA_NBIOT_EVK/GCC_ARM/mbed-os/core/rtos/rtx/TARGET_CORTEX_M/rt_Time.o
LOAD C:/Users/hamed/Desktop/CODES/blinky-OS5/.build/tests/SARA_NBIOT_EVK/GCC_ARM/mbed-os/core/rtos/rtx/TARGET_CORTEX_M/rt_Timer.o
LOAD C:/Users/hamed/Desktop/CODES/blinky-OS5/.build/tests/SARA_NBIOT_EVK/GCC_ARM/mbed-os/core/rtos/rtx/TARGET_CORTEX_M/TARGET_M0/TOOLCHAIN_GCC/HAL_CM0.o
LOAD C:/Users/hamed/Desktop/CODES/blinky-OS5/.build/tests/SARA_NBIOT_EVK/GCC_ARM/mbed-os/core/rtos/rtx/TARGET_CORTEX_M/TARGET_M0/TOOLCHAIN_GCC/SVC_Table.o
LOAD C:/Users/hamed/Desktop/CODES/blinky-OS5/.build/tests/SARA_NBIOT_EVK/GCC_ARM/mbed-os/drivers/ESP8266Interface/ESP8266Interface.o
LOAD C:/Users/hamed/Desktop/CODES/blinky-OS5/.build/tests/SARA_NBIOT_EVK/GCC_ARM/mbed-os/drivers/ESP8266Interface/ESP8266/ESP8266.o
LOAD C:/Users/hamed/Desktop/CODES/blinky-OS5/.build/tests/SARA_NBIOT_EVK/GCC_ARM/mbed-os/drivers/ESP8266Interface/ESP8266/ATParser/ATParser.o
LOAD C:/Users/hamed/Desktop/CODES/blinky-OS5/.build/tests/SARA_NBIOT_EVK/GCC_ARM/mbed-os/drivers/ESP8266Interface/ESP8266/ATParser/BufferedSerial/BufferedPrint.o
LOAD C:/Users/hamed/Desktop/CODES/blinky-OS5/.build/tests/SARA_NBIOT_EVK/GCC_ARM/mbed-os/drivers/ESP8266Interface/ESP8266/ATParser/BufferedSerial/BufferedSerial.o
LOAD C:/Users/hamed/Desktop/CODES/blinky-OS5/.build/tests/SARA_NBIOT_EVK/GCC_ARM/mbed-os/drivers/ESP8266Interface/ESP8266/ATParser/BufferedSerial/Buffer/MyBuffer.o
LOAD C:/Users/hamed/Desktop/CODES/blinky-OS5/.build/tests/SARA_NBIOT_EVK/GCC_ARM/mbed-os/features/mbedtls/src/aes.o
LOAD C:/Users/hamed/Desktop/CODES/blinky-OS5/.build/tests/SARA_NBIOT_EVK/GCC_ARM/mbed-os/features/mbedtls/src/aesni.o
LOAD C:/Users/hamed/Desktop/CODES/blinky-OS5/.build/tests/SARA_NBIOT_EVK/GCC_ARM/mbed-os/features/mbedtls/src/arc4.o
LOAD C:/Users/hamed/Desktop/CODES/blinky-OS5/.build/tests/SARA_NBIOT_EVK/GCC_ARM/mbed-os/features/mbedtls/src/asn1parse.o
LOAD C:/Users/hamed/Desktop/CODES/blinky-OS5/.build/tests/SARA_NBIOT_EVK/GCC_ARM/mbed-os/features/mbedtls/src/asn1write.o
LOAD C:/Users/hamed/Desktop/CODES/blinky-OS5/.build/tests/SARA_NBIOT_EVK/GCC_ARM/mbed-os/features/mbedtls/src/base64.o
LOAD C:/Users/hamed/Desktop/CODES/blinky-OS5/.build/tests/SARA_NBIOT_EVK/GCC_ARM/mbed-os/features/mbedtls/src/bignum.o
LOAD C:/Users/hamed/Desktop/CODES/blinky-OS5/.build/tests/SARA_NBIOT_EVK/GCC_ARM/mbed-os/features/mbedtls/src/blowfish.o
LOAD C:/Users/hamed/Desktop/CODES/blinky-OS5/.build/tests/SARA_NBIOT_EVK/GCC_ARM/mbed-os/features/mbedtls/src/camellia.o
LOAD C:/Users/hamed/Desktop/CODES/blinky-OS5/.build/tests/SARA_NBIOT_EVK/GCC_ARM/mbed-os/features/mbedtls/src/ccm.o
LOAD C:/Users/hamed/Desktop/CODES/blinky-OS5/.build/tests/SARA_NBIOT_EVK/GCC_ARM/mbed-os/features/mbedtls/src/certs.o
LOAD C:/Users/hamed/Desktop/CODES/blinky-OS5/.build/tests/SARA_NBIOT_EVK/GCC_ARM/mbed-os/features/mbedtls/src/cipher.o
LOAD C:/Users/hamed/Desktop/CODES/blinky-OS5/.build/tests/SARA_NBIOT_EVK/GCC_ARM/mbed-os/features/mbedtls/src/cipher_wrap.o
LOAD C:/Users/hamed/Desktop/CODES/blinky-OS5/.build/tests/SARA_NBIOT_EVK/GCC_ARM/mbed-os/features/mbedtls/src/ctr_drbg.o
LOAD C:/Users/hamed/Desktop/CODES/blinky-OS5/.build/tests/SARA_NBIOT_EVK/GCC_ARM/mbed-os/features/mbedtls/src/debug.o
LOAD C:/Users/hamed/Desktop/CODES/blinky-OS5/.build/tests/SARA_NBIOT_EVK/GCC_ARM/mbed-os/features/mbedtls/src/des.o
LOAD C:/Users/hamed/Desktop/CODES/blinky-OS5/.build/tests/SARA_NBIOT_EVK/GCC_ARM/mbed-os/features/mbedtls/src/dhm.o
LOAD C:/Users/hamed/Desktop/CODES/blinky-OS5/.build/tests/SARA_NBIOT_EVK/GCC_ARM/mbed-os/features/mbedtls/src/ecdh.o
LOAD C:/Users/hamed/Desktop/CODES/blinky-OS5/.build/tests/SARA_NBIOT_EVK/GCC_ARM/mbed-os/features/mbedtls/src/ecdsa.o
LOAD C:/Users/hamed/Desktop/CODES/blinky-OS5/.build/tests/SARA_NBIOT_EVK/GCC_ARM/mbed-os/features/mbedtls/src/ecjpake.o
LOAD C:/Users/hamed/Desktop/CODES/blinky-OS5/.build/tests/SARA_NBIOT_EVK/GCC_ARM/mbed-os/features/mbedtls/src/ecp.o
LOAD C:/Users/hamed/Desktop/CODES/blinky-OS5/.build/tests/SARA_NBIOT_EVK/GCC_ARM/mbed-os/features/mbedtls/src/ecp_curves.o
LOAD C:/Users/hamed/Desktop/CODES/blinky-OS5/.build/tests/SARA_NBIOT_EVK/GCC_ARM/mbed-os/features/mbedtls/src/entropy.o
LOAD C:/Users/hamed/Desktop/CODES/blinky-OS5/.build/tests/SARA_NBIOT_EVK/GCC_ARM/mbed-os/features/mbedtls/src/entropy_poll.o
LOAD C:/Users/hamed/Desktop/CODES/blinky-OS5/.build/tests/SARA_NBIOT_EVK/GCC_ARM/mbed-os/features/mbedtls/src/error.o
LOAD C:/Users/hamed/Desktop/CODES/blinky-OS5/.build/tests/SARA_NBIOT_EVK/GCC_ARM/mbed-os/features/mbedtls/src/gcm.o
LOAD C:/Users/hamed/Desktop/CODES/blinky-OS5/.build/tests/SARA_NBIOT_EVK/GCC_ARM/mbed-os/features/mbedtls/src/havege.o
LOAD C:/Users/hamed/Desktop/CODES/blinky-OS5/.build/tests/SARA_NBIOT_EVK/GCC_ARM/mbed-os/features/mbedtls/src/hmac_drbg.o
LOAD C:/Users/hamed/Desktop/CODES/blinky-OS5/.build/tests/SARA_NBIOT_EVK/GCC_ARM/mbed-os/features/mbedtls/src/md.o
LOAD C:/Users/hamed/Desktop/CODES/blinky-OS5/.build/tests/SARA_NBIOT_EVK/GCC_ARM/mbed-os/features/mbedtls/src/md2.o
LOAD C:/Users/hamed/Desktop/CODES/blinky-OS5/.build/tests/SARA_NBIOT_EVK/GCC_ARM/mbed-os/features/mbedtls/src/md4.o
LOAD C:/Users/hamed/Desktop/CODES/blinky-OS5/.build/tests/SARA_NBIOT_EVK/GCC_ARM/mbed-os/features/mbedtls/src/md5.o
LOAD C:/Users/hamed/Desktop/CODES/blinky-OS5/.build/tests/SARA_NBIOT_EVK/GCC_ARM/mbed-os/features/mbedtls/src/md_wrap.o
LOAD C:/Users/hamed/Desktop/CODES/blinky-OS5/.build/tests/SARA_NBIOT_EVK/GCC_ARM/mbed-os/features/mbedtls/src/memory_buffer_alloc.o
LOAD C:/Users/hamed/Desktop/CODES/blinky-OS5/.build/tests/SARA_NBIOT_EVK/GCC_ARM/mbed-os/features/mbedtls/src/net.o
LOAD C:/Users/hamed/Desktop/CODES/blinky-OS5/.build/tests/SARA_NBIOT_EVK/GCC_ARM/mbed-os/features/mbedtls/src/oid.o
LOAD C:/Users/hamed/Desktop/CODES/blinky-OS5/.build/tests/SARA_NBIOT_EVK/GCC_ARM/mbed-os/features/mbedtls/src/padlock.o
LOAD C:/Users/hamed/Desktop/CODES/blinky-OS5/.build/tests/SARA_NBIOT_EVK/GCC_ARM/mbed-os/features/mbedtls/src/pem.o
LOAD C:/Users/hamed/Desktop/CODES/blinky-OS5/.build/tests/SARA_NBIOT_EVK/GCC_ARM/mbed-os/features/mbedtls/src/pk.o
LOAD C:/Users/hamed/Desktop/CODES/blinky-OS5/.build/tests/SARA_NBIOT_EVK/GCC_ARM/mbed-os/features/mbedtls/src/pkcs11.o
LOAD C:/Users/hamed/Desktop/CODES/blinky-OS5/.build/tests/SARA_NBIOT_EVK/GCC_ARM/mbed-os/features/mbedtls/src/pkcs12.o
LOAD C:/Users/hamed/Desktop/CODES/blinky-OS5/.build/tests/SARA_NBIOT_EVK/GCC_ARM/mbed-os/features/mbedtls/src/pkcs5.o
LOAD C:/Users/hamed/Desktop/CODES/blinky-OS5/.build/tests/SARA_NBIOT_EVK/GCC_ARM/mbed-os/features/mbedtls/src/pkparse.o
LOAD C:/Users/hamed/Desktop/CODES/blinky-OS5/.build/tests/SARA_NBIOT_EVK/GCC_ARM/mbed-os/features/mbedtls/src/pkwrite.o
LOAD C:/Users/hamed/Desktop/CODES/blinky-OS5/.build/tests/SARA_NBIOT_EVK/GCC_ARM/mbed-os/features/mbedtls/src/pk_wrap.o
LOAD C:/Users/hamed/Desktop/CODES/blinky-OS5/.build/tests/SARA_NBIOT_EVK/GCC_ARM/mbed-os/features/mbedtls/src/platform.o
LOAD C:/Users/hamed/Desktop/CODES/blinky-OS5/.build/tests/SARA_NBIOT_EVK/GCC_ARM/mbed-os/features/mbedtls/src/ripemd160.o
LOAD C:/Users/hamed/Desktop/CODES/blinky-OS5/.build/tests/SARA_NBIOT_EVK/GCC_ARM/mbed-os/features/mbedtls/src/rsa.o
LOAD C:/Users/hamed/Desktop/CODES/blinky-OS5/.build/tests/SARA_NBIOT_EVK/GCC_ARM/mbed-os/features/mbedtls/src/sha1.o
LOAD C:/Users/hamed/Desktop/CODES/blinky-OS5/.build/tests/SARA_NBIOT_EVK/GCC_ARM/mbed-os/features/mbedtls/src/sha256.o
LOAD C:/Users/hamed/Desktop/CODES/blinky-OS5/.build/tests/SARA_NBIOT_EVK/GCC_ARM/mbed-os/features/mbedtls/src/sha512.o
LOAD C:/Users/hamed/Desktop/CODES/blinky-OS5/.build/tests/SARA_NBIOT_EVK/GCC_ARM/mbed-os/features/mbedtls/src/ssl_cache.o
LOAD C:/Users/hamed/Desktop/CODES/blinky-OS5/.build/tests/SARA_NBIOT_EVK/GCC_ARM/mbed-os/features/mbedtls/src/ssl_ciphersuites.o
LOAD C:/Users/hamed/Desktop/CODES/blinky-OS5/.build/tests/SARA_NBIOT_EVK/GCC_ARM/mbed-os/features/mbedtls/src/ssl_cli.o
LOAD C:/Users/hamed/Desktop/CODES/blinky-OS5/.build/tests/SARA_NBIOT_EVK/GCC_ARM/mbed-os/features/mbedtls/src/ssl_cookie.o
LOAD C:/Users/hamed/Desktop/CODES/blinky-OS5/.build/tests/SARA_NBIOT_EVK/GCC_ARM/mbed-os/features/mbedtls/src/ssl_srv.o
LOAD C:/Users/hamed/Desktop/CODES/blinky-OS5/.build/tests/SARA_NBIOT_EVK/GCC_ARM/mbed-os/features/mbedtls/src/ssl_ticket.o
LOAD C:/Users/hamed/Desktop/CODES/blinky-OS5/.build/tests/SARA_NBIOT_EVK/GCC_ARM/mbed-os/features/mbedtls/src/ssl_tls.o
LOAD C:/Users/hamed/Desktop/CODES/blinky-OS5/.build/tests/SARA_NBIOT_EVK/GCC_ARM/mbed-os/features/mbedtls/src/threading.o
LOAD C:/Users/hamed/Desktop/CODES/blinky-OS5/.build/tests/SARA_NBIOT_EVK/GCC_ARM/mbed-os/features/mbedtls/src/timing.o
LOAD C:/Users/hamed/Desktop/CODES/blinky-OS5/.build/tests/SARA_NBIOT_EVK/GCC_ARM/mbed-os/features/mbedtls/src/version.o
LOAD C:/Users/hamed/Desktop/CODES/blinky-OS5/.build/tests/SARA_NBIOT_EVK/GCC_ARM/mbed-os/features/mbedtls/src/version_features.o
LOAD C:/Users/hamed/Desktop/CODES/blinky-OS5/.build/tests/SARA_NBIOT_EVK/GCC_ARM/mbed-os/features/mbedtls/src/x509.o
LOAD C:/Users/hamed/Desktop/CODES/blinky-OS5/.build/tests/SARA_NBIOT_EVK/GCC_ARM/mbed-os/features/mbedtls/src/x509write_crt.o
LOAD C:/Users/hamed/Desktop/CODES/blinky-OS5/.build/tests/SARA_NBIOT_EVK/GCC_ARM/mbed-os/features/mbedtls/src/x509write_csr.o
LOAD C:/Users/hamed/Desktop/CODES/blinky-OS5/.build/tests/SARA_NBIOT_EVK/GCC_ARM/mbed-os/features/mbedtls/src/x509_create.o
LOAD C:/Users/hamed/Desktop/CODES/blinky-OS5/.build/tests/SARA_NBIOT_EVK/GCC_ARM/mbed-os/features/mbedtls/src/x509_crl.o
LOAD C:/Users/hamed/Desktop/CODES/blinky-OS5/.build/tests/SARA_NBIOT_EVK/GCC_ARM/mbed-os/features/mbedtls/src/x509_crt.o
LOAD C:/Users/hamed/Desktop/CODES/blinky-OS5/.build/tests/SARA_NBIOT_EVK/GCC_ARM/mbed-os/features/mbedtls/src/x509_csr.o
LOAD C:/Users/hamed/Desktop/CODES/blinky-OS5/.build/tests/SARA_NBIOT_EVK/GCC_ARM/mbed-os/features/mbedtls/src/xtea.o
LOAD C:/Users/hamed/Desktop/CODES/blinky-OS5/.build/tests/SARA_NBIOT_EVK/GCC_ARM/mbed-os/features/NetworkSocketAPI/NetworkStack.o
LOAD C:/Users/hamed/Desktop/CODES/blinky-OS5/.build/tests/SARA_NBIOT_EVK/GCC_ARM/mbed-os/features/NetworkSocketAPI/Socket.o
LOAD C:/Users/hamed/Desktop/CODES/blinky-OS5/.build/tests/SARA_NBIOT_EVK/GCC_ARM/mbed-os/features/NetworkSocketAPI/SocketAddress.o
LOAD C:/Users/hamed/Desktop/CODES/blinky-OS5/.build/tests/SARA_NBIOT_EVK/GCC_ARM/mbed-os/features/NetworkSocketAPI/TCPServer.o
LOAD C:/Users/hamed/Desktop/CODES/blinky-OS5/.build/tests/SARA_NBIOT_EVK/GCC_ARM/mbed-os/features/NetworkSocketAPI/TCPSocket.o
LOAD C:/Users/hamed/Desktop/CODES/blinky-OS5/.build/tests/SARA_NBIOT_EVK/GCC_ARM/mbed-os/features/NetworkSocketAPI/UDPSocket.o
LOAD C:/Users/hamed/Desktop/CODES/blinky-OS5/.build/tests/SARA_NBIOT_EVK/GCC_ARM/mbed-os/features/NetworkSocketAPI/DnsQuery/DnsQuery.o
LOAD C:/Users/hamed/Desktop/CODES/blinky-OS5/.build/tests/SARA_NBIOT_EVK/GCC_ARM/mbed-os/features/storage/cfstore/source/cfstore_fnmatch.o
LOAD C:/Users/hamed/Desktop/CODES/blinky-OS5/.build/tests/SARA_NBIOT_EVK/GCC_ARM/mbed-os/features/storage/cfstore/source/cfstore_test.o
LOAD C:/Users/hamed/Desktop/CODES/blinky-OS5/.build/tests/SARA_NBIOT_EVK/GCC_ARM/mbed-os/features/storage/cfstore/source/configuration_store.o
LOAD C:/Users/hamed/Desktop/CODES/blinky-OS5/.build/tests/SARA_NBIOT_EVK/GCC_ARM/mbed-os/features/storage/flash-journal/flash-journal-strategy-sequential/strategy.o
LOAD C:/Users/hamed/Desktop/CODES/blinky-OS5/.build/tests/SARA_NBIOT_EVK/GCC_ARM/mbed-os/features/storage/flash-journal/flash-journal-strategy-sequential/support_funcs.o
LOAD C:/Users/hamed/Desktop/CODES/blinky-OS5/.build/tests/SARA_NBIOT_EVK/GCC_ARM/mbed-os/frameworks/greentea-client/source/test_env.o
LOAD C:/Users/hamed/Desktop/CODES/blinky-OS5/.build/tests/SARA_NBIOT_EVK/GCC_ARM/mbed-os/frameworks/unity/source/unity.o
LOAD C:/Users/hamed/Desktop/CODES/blinky-OS5/.build/tests/SARA_NBIOT_EVK/GCC_ARM/mbed-os/frameworks/utest/mbed-utest-shim.o
LOAD C:/Users/hamed/Desktop/CODES/blinky-OS5/.build/tests/SARA_NBIOT_EVK/GCC_ARM/mbed-os/frameworks/utest/source/unity_handler.o
LOAD C:/Users/hamed/Desktop/CODES/blinky-OS5/.build/tests/SARA_NBIOT_EVK/GCC_ARM/mbed-os/frameworks/utest/source/utest_case.o
LOAD C:/Users/hamed/Desktop/CODES/blinky-OS5/.build/tests/SARA_NBIOT_EVK/GCC_ARM/mbed-os/frameworks/utest/source/utest_default_handlers.o
LOAD C:/Users/hamed/Desktop/CODES/blinky-OS5/.build/tests/SARA_NBIOT_EVK/GCC_ARM/mbed-os/frameworks/utest/source/utest_greentea_handlers.o
LOAD C:/Users/hamed/Desktop/CODES/blinky-OS5/.build/tests/SARA_NBIOT_EVK/GCC_ARM/mbed-os/frameworks/utest/source/utest_harness.o
LOAD C:/Users/hamed/Desktop/CODES/blinky-OS5/.build/tests/SARA_NBIOT_EVK/GCC_ARM/mbed-os/frameworks/utest/source/utest_serial.o
LOAD C:/Users/hamed/Desktop/CODES/blinky-OS5/.build/tests/SARA_NBIOT_EVK/GCC_ARM/mbed-os/frameworks/utest/source/utest_shim.o
LOAD C:/Users/hamed/Desktop/CODES/blinky-OS5/.build/tests/SARA_NBIOT_EVK/GCC_ARM/mbed-os/frameworks/utest/source/utest_stack_trace.o
LOAD C:/Users/hamed/Desktop/CODES/blinky-OS5/.build/tests/SARA_NBIOT_EVK/GCC_ARM/mbed-os/frameworks/utest/source/utest_types.o
LOAD C:/Users/hamed/Desktop/CODES/blinky-OS5/.build/tests/SARA_NBIOT_EVK/GCC_ARM/./mbed-os/TESTS/mbed_drivers/timeout/./main.o
START GROUP
LOAD c:/gcc4mbed-master/gcc4mbed-master/gcc-arm-none-eabi/bin/../lib/gcc/arm-none-eabi/5.2.1/../../../../arm-none-eabi/lib/armv6-m\libstdc++_nano.a
LOAD c:/gcc4mbed-master/gcc4mbed-master/gcc-arm-none-eabi/bin/../lib/gcc/arm-none-eabi/5.2.1/../../../../arm-none-eabi/lib/armv6-m\libsupc++_nano.a
LOAD c:/gcc4mbed-master/gcc4mbed-master/gcc-arm-none-eabi/bin/../lib/gcc/arm-none-eabi/5.2.1/../../../../arm-none-eabi/lib/armv6-m\libm.a
LOAD c:/gcc4mbed-master/gcc4mbed-master/gcc-arm-none-eabi/bin/../lib/gcc/arm-none-eabi/5.2.1/../../../../arm-none-eabi/lib/armv6-m\libc_nano.a
LOAD c:/gcc4mbed-master/gcc4mbed-master/gcc-arm-none-eabi/bin/../lib/gcc/arm-none-eabi/5.2.1/armv6-m\libgcc.a
LOAD c:/gcc4mbed-master/gcc4mbed-master/gcc-arm-none-eabi/bin/../lib/gcc/arm-none-eabi/5.2.1/../../../../arm-none-eabi/lib/armv6-m\libnosys.a
END GROUP
LOAD c:/gcc4mbed-master/gcc4mbed-master/gcc-arm-none-eabi/bin/../lib/gcc/arm-none-eabi/5.2.1/../../../../arm-none-eabi/lib/armv6-m\libstdc++_nano.a
LOAD c:/gcc4mbed-master/gcc4mbed-master/gcc-arm-none-eabi/bin/../lib/gcc/arm-none-eabi/5.2.1/../../../../arm-none-eabi/lib/armv6-m\libsupc++_nano.a
LOAD c:/gcc4mbed-master/gcc4mbed-master/gcc-arm-none-eabi/bin/../lib/gcc/arm-none-eabi/5.2.1/../../../../arm-none-eabi/lib/armv6-m\libm.a
LOAD c:/gcc4mbed-master/gcc4mbed-master/gcc-arm-none-eabi/bin/../lib/gcc/arm-none-eabi/5.2.1/../../../../arm-none-eabi/lib/armv6-m\libc_nano.a
LOAD c:/gcc4mbed-master/gcc4mbed-master/gcc-arm-none-eabi/bin/../lib/gcc/arm-none-eabi/5.2.1/armv6-m\libgcc.a
LOAD c:/gcc4mbed-master/gcc4mbed-master/gcc-arm-none-eabi/bin/../lib/gcc/arm-none-eabi/5.2.1/../../../../arm-none-eabi/lib/armv6-m\libnosys.a
START GROUP
LOAD c:/gcc4mbed-master/gcc4mbed-master/gcc-arm-none-eabi/bin/../lib/gcc/arm-none-eabi/5.2.1/armv6-m\libgcc.a
LOAD c:/gcc4mbed-master/gcc4mbed-master/gcc-arm-none-eabi/bin/../lib/gcc/arm-none-eabi/5.2.1/../../../../arm-none-eabi/lib/armv6-m\libc_nano.a
END GROUP
START GROUP
LOAD c:/gcc4mbed-master/gcc4mbed-master/gcc-arm-none-eabi/bin/../lib/gcc/arm-none-eabi/5.2.1/armv6-m\libgcc.a
LOAD c:/gcc4mbed-master/gcc4mbed-master/gcc-arm-none-eabi/bin/../lib/gcc/arm-none-eabi/5.2.1/../../../../arm-none-eabi/lib/armv6-m\libc_nano.a
END GROUP
LOAD c:/gcc4mbed-master/gcc4mbed-master/gcc-arm-none-eabi/bin/../lib/gcc/arm-none-eabi/5.2.1/armv6-m/crtend.o
LOAD c:/gcc4mbed-master/gcc4mbed-master/gcc-arm-none-eabi/bin/../lib/gcc/arm-none-eabi/5.2.1/armv6-m/crtn.o
                0x00000000                . = 0x0

startup         0x00000000       0x88
 *(.isr_vector)
 .isr_vector    0x00000000       0x88 C:/Users/hamed/Desktop/CODES/blinky-OS5/.build/tests/SARA_NBIOT_EVK/GCC_ARM/mbed-os/core/hal/targets/cmsis/TARGET_ublox/TARGET_HI2110/TOOLCHAIN_GCC_ARM/startup_HI2110.o
                0x00000000                g_pfnVectors

.text           0x000000c0     0x5c88
                0x000000c0                . = ALIGN (0x4)
 *(.text)
 .text          0x000000c0       0xb4 c:/gcc4mbed-master/gcc4mbed-master/gcc-arm-none-eabi/bin/../lib/gcc/arm-none-eabi/5.2.1/armv6-m/crtbegin.o
 .text          0x00000174       0x78 c:/gcc4mbed-master/gcc4mbed-master/gcc-arm-none-eabi/bin/../lib/gcc/arm-none-eabi/5.2.1/../../../../arm-none-eabi/lib/armv6-m/crt0.o
                0x00000174                _start
                0x00000174                _mainCRTStartup
 .text          0x000001ec      0x154 C:/Users/hamed/Desktop/CODES/blinky-OS5/.build/tests/SARA_NBIOT_EVK/GCC_ARM/mbed-os/core/rtos/rtx/TARGET_CORTEX_M/TARGET_M0/TOOLCHAIN_GCC/HAL_CM0.o
                0x000001ec                rt_set_PSP
                0x000001f2                rt_get_PSP
                0x000001f8                os_set_env
                0x00000216                _alloc_box
                0x00000230                _free_box
                0x0000024a                SVC_Handler
                0x000002d0                PendSV_Handler
                0x000002d4                Sys_Switch
                0x00000318                SysTick_Handler
                0x0000031e                OS_Tick_Handler
 .text          0x00000340      0x114 c:/gcc4mbed-master/gcc4mbed-master/gcc-arm-none-eabi/bin/../lib/gcc/arm-none-eabi/5.2.1/armv6-m\libgcc.a(_udivsi3.o)
                0x00000340                __aeabi_uidiv
                0x00000340                __udivsi3
                0x0000044c                __aeabi_uidivmod
 .text          0x00000454        0x4 c:/gcc4mbed-master/gcc4mbed-master/gcc-arm-none-eabi/bin/../lib/gcc/arm-none-eabi/5.2.1/armv6-m\libgcc.a(_dvmd_tls.o)
                0x00000454                __aeabi_idiv0
                0x00000454                __aeabi_ldiv0
 *(.text*)
 .text.mbed_assert_internal
                0x00000458       0x24 C:/Users/hamed/Desktop/CODES/blinky-OS5/.build/tests/SARA_NBIOT_EVK/GCC_ARM/mbed-os/core/hal/common/assert.o
                0x00000458                mbed_assert_internal
 .text.mbed_die
                0x0000047c       0x14 C:/Users/hamed/Desktop/CODES/blinky-OS5/.build/tests/SARA_NBIOT_EVK/GCC_ARM/mbed-os/core/hal/common/board.o
                0x0000047c                mbed_die
 .text.mbed_error_vfprintf
                0x00000490       0x54 C:/Users/hamed/Desktop/CODES/blinky-OS5/.build/tests/SARA_NBIOT_EVK/GCC_ARM/mbed-os/core/hal/common/board.o
                0x00000490                mbed_error_vfprintf
 .text.mbed_error_printf
                0x000004e4       0x18 C:/Users/hamed/Desktop/CODES/blinky-OS5/.build/tests/SARA_NBIOT_EVK/GCC_ARM/mbed-os/core/hal/common/board.o
                0x000004e4                mbed_error_printf
 .text.core_util_critical_section_enter
                0x000004fc       0x5c C:/Users/hamed/Desktop/CODES/blinky-OS5/.build/tests/SARA_NBIOT_EVK/GCC_ARM/mbed-os/core/hal/common/critical.o
                0x000004fc                core_util_critical_section_enter
 .text.core_util_critical_section_exit
                0x00000558       0x54 C:/Users/hamed/Desktop/CODES/blinky-OS5/.build/tests/SARA_NBIOT_EVK/GCC_ARM/mbed-os/core/hal/common/critical.o
                0x00000558                core_util_critical_section_exit
 .text.error    0x000005ac       0x18 C:/Users/hamed/Desktop/CODES/blinky-OS5/.build/tests/SARA_NBIOT_EVK/GCC_ARM/mbed-os/core/hal/common/error.o
                0x000005ac                error
 .text.startup._GLOBAL__sub_I__ZN4mbed8FileBase5_headE
                0x000005c4       0x24 C:/Users/hamed/Desktop/CODES/blinky-OS5/.build/tests/SARA_NBIOT_EVK/GCC_ARM/mbed-os/core/hal/common/FileBase.o
 .text.gpio_init_out_ex
                0x000005e8       0x50 C:/Users/hamed/Desktop/CODES/blinky-OS5/.build/tests/SARA_NBIOT_EVK/GCC_ARM/mbed-os/core/hal/common/gpio.o
                0x000005e8                gpio_init_out_ex
 .text.gpio_init_out
                0x00000638        0xc C:/Users/hamed/Desktop/CODES/blinky-OS5/.build/tests/SARA_NBIOT_EVK/GCC_ARM/mbed-os/core/hal/common/gpio.o
                0x00000638                gpio_init_out
 .text._ZN4mbed8CallbackIFvvEE12_staticthunkEPvS3_
                0x00000644        0x8 C:/Users/hamed/Desktop/CODES/blinky-OS5/.build/tests/SARA_NBIOT_EVK/GCC_ARM/mbed-os/core/hal/common/InterruptIn.o
                0x00000644                mbed::Callback<void ()>::_staticthunk(void*, void*)
 .text._ZN4mbed9RawSerial6unlockEv
                0x0000064c        0x4 C:/Users/hamed/Desktop/CODES/blinky-OS5/.build/tests/SARA_NBIOT_EVK/GCC_ARM/mbed-os/core/hal/common/RawSerial.o
                0x0000064c                mbed::RawSerial::lock()
                0x0000064c                mbed::RawSerial::unlock()
 .text._ZN4mbed9RawSerialD2Ev
                0x00000650        0x4 C:/Users/hamed/Desktop/CODES/blinky-OS5/.build/tests/SARA_NBIOT_EVK/GCC_ARM/mbed-os/core/hal/common/RawSerial.o
                0x00000650                mbed::RawSerial::~RawSerial()
                0x00000650                mbed::RawSerial::~RawSerial()
 .text._ZN4mbed9RawSerialD0Ev
                0x00000654        0xc C:/Users/hamed/Desktop/CODES/blinky-OS5/.build/tests/SARA_NBIOT_EVK/GCC_ARM/mbed-os/core/hal/common/RawSerial.o
                0x00000654                mbed::RawSerial::~RawSerial()
 .text._ZN4mbed9RawSerialC2E7PinNameS1_
                0x00000660       0x18 C:/Users/hamed/Desktop/CODES/blinky-OS5/.build/tests/SARA_NBIOT_EVK/GCC_ARM/mbed-os/core/hal/common/RawSerial.o
                0x00000660                mbed::RawSerial::RawSerial(PinName, PinName)
                0x00000660                mbed::RawSerial::RawSerial(PinName, PinName)
 .text._ZN4mbed9RawSerial4putcEi
                0x00000678       0x34 C:/Users/hamed/Desktop/CODES/blinky-OS5/.build/tests/SARA_NBIOT_EVK/GCC_ARM/mbed-os/core/hal/common/RawSerial.o
                0x00000678                mbed::RawSerial::putc(int)
 .text._ZN4mbed9RawSerial4putsEPKc
                0x000006ac       0x40 C:/Users/hamed/Desktop/CODES/blinky-OS5/.build/tests/SARA_NBIOT_EVK/GCC_ARM/mbed-os/core/hal/common/RawSerial.o
                0x000006ac                mbed::RawSerial::puts(char const*)
 .text._ZN4mbed9RawSerial6printfEPKcz
                0x000006ec       0x84 C:/Users/hamed/Desktop/CODES/blinky-OS5/.build/tests/SARA_NBIOT_EVK/GCC_ARM/mbed-os/core/hal/common/RawSerial.o
                0x000006ec                mbed::RawSerial::printf(char const*, ...)
 .text._ZL11init_serialv.part.0
                0x00000770       0x14 C:/Users/hamed/Desktop/CODES/blinky-OS5/.build/tests/SARA_NBIOT_EVK/GCC_ARM/mbed-os/core/hal/common/retarget.o
 .text._close   0x00000784       0x2c C:/Users/hamed/Desktop/CODES/blinky-OS5/.build/tests/SARA_NBIOT_EVK/GCC_ARM/mbed-os/core/hal/common/retarget.o
                0x00000784                _close
 .text._write   0x000007b0       0x58 C:/Users/hamed/Desktop/CODES/blinky-OS5/.build/tests/SARA_NBIOT_EVK/GCC_ARM/mbed-os/core/hal/common/retarget.o
                0x000007b0                _write
 .text._read    0x00000808       0x48 C:/Users/hamed/Desktop/CODES/blinky-OS5/.build/tests/SARA_NBIOT_EVK/GCC_ARM/mbed-os/core/hal/common/retarget.o
                0x00000808                _read
 .text._lseek   0x00000850       0x28 C:/Users/hamed/Desktop/CODES/blinky-OS5/.build/tests/SARA_NBIOT_EVK/GCC_ARM/mbed-os/core/hal/common/retarget.o
                0x00000850                _lseek
 .text.__cxa_pure_virtual
                0x00000878        0x8 C:/Users/hamed/Desktop/CODES/blinky-OS5/.build/tests/SARA_NBIOT_EVK/GCC_ARM/mbed-os/core/hal/common/retarget.o
                0x00000878                __cxa_pure_virtual
 .text.__wrap__malloc_r
                0x00000880        0x8 C:/Users/hamed/Desktop/CODES/blinky-OS5/.build/tests/SARA_NBIOT_EVK/GCC_ARM/mbed-os/core/hal/common/retarget.o
                0x00000880                __wrap__malloc_r
 .text.__wrap__realloc_r
                0x00000888        0x8 C:/Users/hamed/Desktop/CODES/blinky-OS5/.build/tests/SARA_NBIOT_EVK/GCC_ARM/mbed-os/core/hal/common/retarget.o
                0x00000888                __wrap__realloc_r
 .text.__wrap__free_r
                0x00000890        0x8 C:/Users/hamed/Desktop/CODES/blinky-OS5/.build/tests/SARA_NBIOT_EVK/GCC_ARM/mbed-os/core/hal/common/retarget.o
                0x00000890                __wrap__free_r
 .text.software_init_hook
                0x00000898        0x8 C:/Users/hamed/Desktop/CODES/blinky-OS5/.build/tests/SARA_NBIOT_EVK/GCC_ARM/mbed-os/core/hal/common/retarget.o
                0x00000898                software_init_hook
 .text.mbed_main
                0x000008a0        0x4 C:/Users/hamed/Desktop/CODES/blinky-OS5/.build/tests/SARA_NBIOT_EVK/GCC_ARM/mbed-os/core/hal/common/retarget.o
                0x000008a0                mbed_main
 .text.__wrap_main
                0x000008a4       0x10 C:/Users/hamed/Desktop/CODES/blinky-OS5/.build/tests/SARA_NBIOT_EVK/GCC_ARM/mbed-os/core/hal/common/retarget.o
                0x000008a4                __wrap_main
 .text._sbrk    0x000008b4       0x28 C:/Users/hamed/Desktop/CODES/blinky-OS5/.build/tests/SARA_NBIOT_EVK/GCC_ARM/mbed-os/core/hal/common/retarget.o
                0x000008b4                _sbrk
 .text._exit    0x000008dc       0x28 C:/Users/hamed/Desktop/CODES/blinky-OS5/.build/tests/SARA_NBIOT_EVK/GCC_ARM/mbed-os/core/hal/common/retarget.o
                0x000008dc                _exit
 .text.startup._GLOBAL__sub_I___stdin_name
                0x00000904       0x24 C:/Users/hamed/Desktop/CODES/blinky-OS5/.build/tests/SARA_NBIOT_EVK/GCC_ARM/mbed-os/core/hal/common/retarget.o
 .text._ZN4mbed10SerialBaseD2Ev
                0x00000928        0x4 C:/Users/hamed/Desktop/CODES/blinky-OS5/.build/tests/SARA_NBIOT_EVK/GCC_ARM/mbed-os/core/hal/common/SerialBase.o
                0x00000928                mbed::SerialBase::~SerialBase()
                0x00000928                mbed::SerialBase::~SerialBase()
 .text._ZN4mbed10SerialBase12_irq_handlerEm9SerialIrq
                0x0000092c       0x18 C:/Users/hamed/Desktop/CODES/blinky-OS5/.build/tests/SARA_NBIOT_EVK/GCC_ARM/mbed-os/core/hal/common/SerialBase.o
                0x0000092c                mbed::SerialBase::_irq_handler(unsigned long, SerialIrq)
 .text._ZN4mbed10SerialBase6unlockEv
                0x00000944        0x4 C:/Users/hamed/Desktop/CODES/blinky-OS5/.build/tests/SARA_NBIOT_EVK/GCC_ARM/mbed-os/core/hal/common/SerialBase.o
                0x00000944                mbed::SerialBase::lock()
                0x00000944                mbed::SerialBase::unlock()
 .text._ZN4mbed10SerialBaseD0Ev
                0x00000948        0xc C:/Users/hamed/Desktop/CODES/blinky-OS5/.build/tests/SARA_NBIOT_EVK/GCC_ARM/mbed-os/core/hal/common/SerialBase.o
                0x00000948                mbed::SerialBase::~SerialBase()
 .text._ZN4mbed10SerialBaseC2E7PinNameS1_
                0x00000954       0x84 C:/Users/hamed/Desktop/CODES/blinky-OS5/.build/tests/SARA_NBIOT_EVK/GCC_ARM/mbed-os/core/hal/common/SerialBase.o
                0x00000954                mbed::SerialBase::SerialBase(PinName, PinName)
                0x00000954                mbed::SerialBase::SerialBase(PinName, PinName)
 .text._ZN4mbed10SerialBase10_base_putcEi
                0x000009d8       0x10 C:/Users/hamed/Desktop/CODES/blinky-OS5/.build/tests/SARA_NBIOT_EVK/GCC_ARM/mbed-os/core/hal/common/SerialBase.o
                0x000009d8                mbed::SerialBase::_base_putc(int)
 .text._ZN4mbed6Ticker7handlerEv
                0x000009e8       0x24 C:/Users/hamed/Desktop/CODES/blinky-OS5/.build/tests/SARA_NBIOT_EVK/GCC_ARM/mbed-os/core/hal/common/Ticker.o
                0x000009e8                mbed::Ticker::handler()
 .text._ZN4mbed6Ticker6detachEv
                0x00000a0c       0x38 C:/Users/hamed/Desktop/CODES/blinky-OS5/.build/tests/SARA_NBIOT_EVK/GCC_ARM/mbed-os/core/hal/common/Ticker.o
                0x00000a0c                mbed::Ticker::detach()
 .text._ZN4mbed6TickerD2Ev
                0x00000a44       0x1c C:/Users/hamed/Desktop/CODES/blinky-OS5/.build/tests/SARA_NBIOT_EVK/GCC_ARM/mbed-os/core/hal/common/Ticker.o
                0x00000a44                mbed::Ticker::~Ticker()
                0x00000a44                mbed::Ticker::~Ticker()
 .text._ZN4mbed6TickerD0Ev
                0x00000a60       0x24 C:/Users/hamed/Desktop/CODES/blinky-OS5/.build/tests/SARA_NBIOT_EVK/GCC_ARM/mbed-os/core/hal/common/Ticker.o
                0x00000a60                mbed::Ticker::~Ticker()
 .text._ZN4mbed6Ticker5setupEm
                0x00000a84       0x28 C:/Users/hamed/Desktop/CODES/blinky-OS5/.build/tests/SARA_NBIOT_EVK/GCC_ARM/mbed-os/core/hal/common/Ticker.o
                0x00000a84                mbed::Ticker::setup(unsigned long)
 .text.ticker_set_handler
                0x00000aac       0x14 C:/Users/hamed/Desktop/CODES/blinky-OS5/.build/tests/SARA_NBIOT_EVK/GCC_ARM/mbed-os/core/hal/common/ticker_api.o
                0x00000aac                ticker_set_handler
 .text.ticker_irq_handler
                0x00000ac0       0x4c C:/Users/hamed/Desktop/CODES/blinky-OS5/.build/tests/SARA_NBIOT_EVK/GCC_ARM/mbed-os/core/hal/common/ticker_api.o
                0x00000ac0                ticker_irq_handler
 .text.ticker_insert_event
                0x00000b0c       0x48 C:/Users/hamed/Desktop/CODES/blinky-OS5/.build/tests/SARA_NBIOT_EVK/GCC_ARM/mbed-os/core/hal/common/ticker_api.o
                0x00000b0c                ticker_insert_event
 .text.ticker_remove_event
                0x00000b54       0x54 C:/Users/hamed/Desktop/CODES/blinky-OS5/.build/tests/SARA_NBIOT_EVK/GCC_ARM/mbed-os/core/hal/common/ticker_api.o
                0x00000b54                ticker_remove_event
 .text.ticker_read
                0x00000ba8        0xc C:/Users/hamed/Desktop/CODES/blinky-OS5/.build/tests/SARA_NBIOT_EVK/GCC_ARM/mbed-os/core/hal/common/ticker_api.o
                0x00000ba8                ticker_read
 .text._ZN4mbed7Timeout7handlerEv
                0x00000bb4       0x14 C:/Users/hamed/Desktop/CODES/blinky-OS5/.build/tests/SARA_NBIOT_EVK/GCC_ARM/mbed-os/core/hal/common/Timeout.o
                0x00000bb4                mbed::Timeout::handler()
 .text._ZN4mbed7TimeoutD2Ev
                0x00000bc8       0x1c C:/Users/hamed/Desktop/CODES/blinky-OS5/.build/tests/SARA_NBIOT_EVK/GCC_ARM/mbed-os/core/hal/common/Timeout.o
                0x00000bc8                mbed::Timeout::~Timeout()
                0x00000bc8                mbed::Timeout::~Timeout()
 .text._ZN4mbed7TimeoutD0Ev
                0x00000be4       0x20 C:/Users/hamed/Desktop/CODES/blinky-OS5/.build/tests/SARA_NBIOT_EVK/GCC_ARM/mbed-os/core/hal/common/Timeout.o
                0x00000be4                mbed::Timeout::~Timeout()
 .text._ZN4mbed10TimerEvent3irqEm
                0x00000c04        0xc C:/Users/hamed/Desktop/CODES/blinky-OS5/.build/tests/SARA_NBIOT_EVK/GCC_ARM/mbed-os/core/hal/common/TimerEvent.o
                0x00000c04                mbed::TimerEvent::irq(unsigned long)
 .text._ZN4mbed10TimerEventC2Ev
                0x00000c10       0x2c C:/Users/hamed/Desktop/CODES/blinky-OS5/.build/tests/SARA_NBIOT_EVK/GCC_ARM/mbed-os/core/hal/common/TimerEvent.o
                0x00000c10                mbed::TimerEvent::TimerEvent()
                0x00000c10                mbed::TimerEvent::TimerEvent()
 .text._ZN4mbed10TimerEventD2Ev
                0x00000c3c       0x1c C:/Users/hamed/Desktop/CODES/blinky-OS5/.build/tests/SARA_NBIOT_EVK/GCC_ARM/mbed-os/core/hal/common/TimerEvent.o
                0x00000c3c                mbed::TimerEvent::~TimerEvent()
                0x00000c3c                mbed::TimerEvent::~TimerEvent()
 .text._ZN4mbed10TimerEvent6insertEm
                0x00000c58       0x10 C:/Users/hamed/Desktop/CODES/blinky-OS5/.build/tests/SARA_NBIOT_EVK/GCC_ARM/mbed-os/core/hal/common/TimerEvent.o
                0x00000c58                mbed::TimerEvent::insert(unsigned long)
 .text._ZN4mbed10TimerEvent6removeEv
                0x00000c68        0xc C:/Users/hamed/Desktop/CODES/blinky-OS5/.build/tests/SARA_NBIOT_EVK/GCC_ARM/mbed-os/core/hal/common/TimerEvent.o
                0x00000c68                mbed::TimerEvent::remove()
 .text.get_us_ticker_data
                0x00000c74        0x8 C:/Users/hamed/Desktop/CODES/blinky-OS5/.build/tests/SARA_NBIOT_EVK/GCC_ARM/mbed-os/core/hal/common/us_ticker_api.o
                0x00000c74                get_us_ticker_data
 .text.us_ticker_irq_handler
                0x00000c7c       0x10 C:/Users/hamed/Desktop/CODES/blinky-OS5/.build/tests/SARA_NBIOT_EVK/GCC_ARM/mbed-os/core/hal/common/us_ticker_api.o
                0x00000c7c                us_ticker_irq_handler
 .text.wait_us  0x00000c8c       0x18 C:/Users/hamed/Desktop/CODES/blinky-OS5/.build/tests/SARA_NBIOT_EVK/GCC_ARM/mbed-os/core/hal/common/wait_api.o
                0x00000c8c                wait_us
 .text.wait_ms  0x00000ca4       0x10 C:/Users/hamed/Desktop/CODES/blinky-OS5/.build/tests/SARA_NBIOT_EVK/GCC_ARM/mbed-os/core/hal/common/wait_api.o
                0x00000ca4                wait_ms
 .text.SystemAllowSleep.part.0
                0x00000cb4       0x18 C:/Users/hamed/Desktop/CODES/blinky-OS5/.build/tests/SARA_NBIOT_EVK/GCC_ARM/mbed-os/core/hal/targets/cmsis/TARGET_ublox/TARGET_HI2110/system_HI2110.o
 .text.SystemInit
                0x00000ccc       0x64 C:/Users/hamed/Desktop/CODES/blinky-OS5/.build/tests/SARA_NBIOT_EVK/GCC_ARM/mbed-os/core/hal/targets/cmsis/TARGET_ublox/TARGET_HI2110/system_HI2110.o
                0x00000ccc                SystemInit
 .text.Reset_Handler
                0x00000d30       0x60 C:/Users/hamed/Desktop/CODES/blinky-OS5/.build/tests/SARA_NBIOT_EVK/GCC_ARM/mbed-os/core/hal/targets/cmsis/TARGET_ublox/TARGET_HI2110/TOOLCHAIN_GCC_ARM/startup_HI2110.o
                0x00000d30                Reset_Handler
 .text.Default_Handler
                0x00000d90        0x2 C:/Users/hamed/Desktop/CODES/blinky-OS5/.build/tests/SARA_NBIOT_EVK/GCC_ARM/mbed-os/core/hal/targets/cmsis/TARGET_ublox/TARGET_HI2110/TOOLCHAIN_GCC_ARM/startup_HI2110.o
                0x00000d90                HardFault_Handler
                0x00000d90                NMI_Handler
                0x00000d90                IRQ2_SECURITY_Handler
                0x00000d90                IRQ15_I2C_Handler
                0x00000d90                IRQ17_CAP_Handler
                0x00000d90                IRQ10_SSP1_Handler
                0x00000d90                IRQ11_PWM0IN_Handler
                0x00000d90                Default_Handler
                0x00000d90                IRQ13_PWM1IN_Handler
                0x00000d90                IRQ6_DMA_Handler
                0x00000d90                IRQ9_SSP0_Handler
                0x00000d90                IRQ3_PROTOCOL_Handler
                0x00000d90                IRQ12_PWM0OUT_Handler
                0x00000d90                IRQ14_PWM1OUT_Handler
                0x00000d90                IRQ4_APPS_Handler
 *fill*         0x00000d92        0x2 
 .text.gpio_init
                0x00000d94       0x54 C:/Users/hamed/Desktop/CODES/blinky-OS5/.build/tests/SARA_NBIOT_EVK/GCC_ARM/mbed-os/core/hal/targets/hal/TARGET_ublox/TARGET_HI2110/gpio_api.o
                0x00000d94                gpio_init
 .text.gpio_mode
                0x00000de8        0xc C:/Users/hamed/Desktop/CODES/blinky-OS5/.build/tests/SARA_NBIOT_EVK/GCC_ARM/mbed-os/core/hal/targets/hal/TARGET_ublox/TARGET_HI2110/gpio_api.o
                0x00000de8                gpio_mode
 .text.gpio_dir
                0x00000df4       0x44 C:/Users/hamed/Desktop/CODES/blinky-OS5/.build/tests/SARA_NBIOT_EVK/GCC_ARM/mbed-os/core/hal/targets/hal/TARGET_ublox/TARGET_HI2110/gpio_api.o
                0x00000df4                gpio_dir
 .text.IRQ5_GPIO_Handler
                0x00000e38       0x84 C:/Users/hamed/Desktop/CODES/blinky-OS5/.build/tests/SARA_NBIOT_EVK/GCC_ARM/mbed-os/core/hal/targets/hal/TARGET_ublox/TARGET_HI2110/gpio_irq_api.o
                0x00000e38                IRQ5_GPIO_Handler
 .text.HI2110_init
                0x00000ebc       0x1c C:/Users/hamed/Desktop/CODES/blinky-OS5/.build/tests/SARA_NBIOT_EVK/GCC_ARM/mbed-os/core/hal/targets/hal/TARGET_ublox/TARGET_HI2110/HI2110_init.o
                0x00000ebc                HI2110_init
 .text.IRQ0_RTC_Handler
                0x00000ed8       0xd0 C:/Users/hamed/Desktop/CODES/blinky-OS5/.build/tests/SARA_NBIOT_EVK/GCC_ARM/mbed-os/core/hal/targets/hal/TARGET_ublox/TARGET_HI2110/lp_ticker.o
                0x00000ed8                IRQ0_RTC_Handler
 .text.mbed_sdk_init
                0x00000fa8        0x8 C:/Users/hamed/Desktop/CODES/blinky-OS5/.build/tests/SARA_NBIOT_EVK/GCC_ARM/mbed-os/core/hal/targets/hal/TARGET_ublox/TARGET_HI2110/mbed_overrides.o
                0x00000fa8                mbed_sdk_init
 .text.pin_function
                0x00000fb0       0x88 C:/Users/hamed/Desktop/CODES/blinky-OS5/.build/tests/SARA_NBIOT_EVK/GCC_ARM/mbed-os/core/hal/targets/hal/TARGET_ublox/TARGET_HI2110/pinmap.o
                0x00000fb0                pin_function
 .text.pin_mode
                0x00001038       0x54 C:/Users/hamed/Desktop/CODES/blinky-OS5/.build/tests/SARA_NBIOT_EVK/GCC_ARM/mbed-os/core/hal/targets/hal/TARGET_ublox/TARGET_HI2110/pinmap.o
                0x00001038                pin_mode
 .text.init_config
                0x0000108c      0x114 C:/Users/hamed/Desktop/CODES/blinky-OS5/.build/tests/SARA_NBIOT_EVK/GCC_ARM/mbed-os/core/hal/targets/hal/TARGET_ublox/TARGET_HI2110/serial_api.o
 .text.deinit_config
                0x000011a0       0x80 C:/Users/hamed/Desktop/CODES/blinky-OS5/.build/tests/SARA_NBIOT_EVK/GCC_ARM/mbed-os/core/hal/targets/hal/TARGET_ublox/TARGET_HI2110/serial_api.o
 .text.set_baud.isra.0
                0x00001220       0x84 C:/Users/hamed/Desktop/CODES/blinky-OS5/.build/tests/SARA_NBIOT_EVK/GCC_ARM/mbed-os/core/hal/targets/hal/TARGET_ublox/TARGET_HI2110/serial_api.o
 .text.irq_enable.isra.1
                0x000012a4       0x48 C:/Users/hamed/Desktop/CODES/blinky-OS5/.build/tests/SARA_NBIOT_EVK/GCC_ARM/mbed-os/core/hal/targets/hal/TARGET_ublox/TARGET_HI2110/serial_api.o
 .text.IRQ7_UART0_Handler
                0x000012ec       0x60 C:/Users/hamed/Desktop/CODES/blinky-OS5/.build/tests/SARA_NBIOT_EVK/GCC_ARM/mbed-os/core/hal/targets/hal/TARGET_ublox/TARGET_HI2110/serial_api.o
                0x000012ec                IRQ7_UART0_Handler
 .text.IRQ8_UART1_Handler
                0x0000134c       0x60 C:/Users/hamed/Desktop/CODES/blinky-OS5/.build/tests/SARA_NBIOT_EVK/GCC_ARM/mbed-os/core/hal/targets/hal/TARGET_ublox/TARGET_HI2110/serial_api.o
                0x0000134c                IRQ8_UART1_Handler
 .text.IRQ16_LPUART_Handler
                0x000013ac       0x50 C:/Users/hamed/Desktop/CODES/blinky-OS5/.build/tests/SARA_NBIOT_EVK/GCC_ARM/mbed-os/core/hal/targets/hal/TARGET_ublox/TARGET_HI2110/serial_api.o
                0x000013ac                IRQ16_LPUART_Handler
 .text.serial_format
                0x000013fc      0x180 C:/Users/hamed/Desktop/CODES/blinky-OS5/.build/tests/SARA_NBIOT_EVK/GCC_ARM/mbed-os/core/hal/targets/hal/TARGET_ublox/TARGET_HI2110/serial_api.o
                0x000013fc                serial_format
 .text.serial_irq_handler
                0x0000157c       0x18 C:/Users/hamed/Desktop/CODES/blinky-OS5/.build/tests/SARA_NBIOT_EVK/GCC_ARM/mbed-os/core/hal/targets/hal/TARGET_ublox/TARGET_HI2110/serial_api.o
                0x0000157c                serial_irq_handler
 .text.serial_irq_set
                0x00001594      0x104 C:/Users/hamed/Desktop/CODES/blinky-OS5/.build/tests/SARA_NBIOT_EVK/GCC_ARM/mbed-os/core/hal/targets/hal/TARGET_ublox/TARGET_HI2110/serial_api.o
                0x00001594                serial_irq_set
 .text.serial_baud
                0x00001698      0x118 C:/Users/hamed/Desktop/CODES/blinky-OS5/.build/tests/SARA_NBIOT_EVK/GCC_ARM/mbed-os/core/hal/targets/hal/TARGET_ublox/TARGET_HI2110/serial_api.o
                0x00001698                serial_baud
 .text.serial_init
                0x000017b0       0x98 C:/Users/hamed/Desktop/CODES/blinky-OS5/.build/tests/SARA_NBIOT_EVK/GCC_ARM/mbed-os/core/hal/targets/hal/TARGET_ublox/TARGET_HI2110/serial_api.o
                0x000017b0                serial_init
 .text.serial_putc
                0x00001848       0x14 C:/Users/hamed/Desktop/CODES/blinky-OS5/.build/tests/SARA_NBIOT_EVK/GCC_ARM/mbed-os/core/hal/targets/hal/TARGET_ublox/TARGET_HI2110/serial_api.o
                0x00001848                serial_putc
 .text.serial_readable
                0x0000185c       0x44 C:/Users/hamed/Desktop/CODES/blinky-OS5/.build/tests/SARA_NBIOT_EVK/GCC_ARM/mbed-os/core/hal/targets/hal/TARGET_ublox/TARGET_HI2110/serial_api.o
                0x0000185c                serial_readable
 .text.serial_getc
                0x000018a0       0x48 C:/Users/hamed/Desktop/CODES/blinky-OS5/.build/tests/SARA_NBIOT_EVK/GCC_ARM/mbed-os/core/hal/targets/hal/TARGET_ublox/TARGET_HI2110/serial_api.o
                0x000018a0                serial_getc
 .text.us_ticker_init.part.0
                0x000018e8       0x6c C:/Users/hamed/Desktop/CODES/blinky-OS5/.build/tests/SARA_NBIOT_EVK/GCC_ARM/mbed-os/core/hal/targets/hal/TARGET_ublox/TARGET_HI2110/us_ticker.o
 .text.IRQ1_TMR0_Handler
                0x00001954       0x6c C:/Users/hamed/Desktop/CODES/blinky-OS5/.build/tests/SARA_NBIOT_EVK/GCC_ARM/mbed-os/core/hal/targets/hal/TARGET_ublox/TARGET_HI2110/us_ticker.o
                0x00001954                IRQ1_TMR0_Handler
 .text.us_ticker_init
                0x000019c0       0x14 C:/Users/hamed/Desktop/CODES/blinky-OS5/.build/tests/SARA_NBIOT_EVK/GCC_ARM/mbed-os/core/hal/targets/hal/TARGET_ublox/TARGET_HI2110/us_ticker.o
                0x000019c0                us_ticker_init
 .text.us_ticker_read
                0x000019d4       0x6c C:/Users/hamed/Desktop/CODES/blinky-OS5/.build/tests/SARA_NBIOT_EVK/GCC_ARM/mbed-os/core/hal/targets/hal/TARGET_ublox/TARGET_HI2110/us_ticker.o
                0x000019d4                us_ticker_read
 .text.us_ticker_set_interrupt
                0x00001a40       0x84 C:/Users/hamed/Desktop/CODES/blinky-OS5/.build/tests/SARA_NBIOT_EVK/GCC_ARM/mbed-os/core/hal/targets/hal/TARGET_ublox/TARGET_HI2110/us_ticker.o
                0x00001a40                us_ticker_set_interrupt
 .text.us_ticker_disable_interrupt
                0x00001ac4       0x10 C:/Users/hamed/Desktop/CODES/blinky-OS5/.build/tests/SARA_NBIOT_EVK/GCC_ARM/mbed-os/core/hal/targets/hal/TARGET_ublox/TARGET_HI2110/us_ticker.o
                0x00001ac4                us_ticker_disable_interrupt
 .text.us_ticker_clear_interrupt
                0x00001ad4       0x10 C:/Users/hamed/Desktop/CODES/blinky-OS5/.build/tests/SARA_NBIOT_EVK/GCC_ARM/mbed-os/core/hal/targets/hal/TARGET_ublox/TARGET_HI2110/us_ticker.o
                0x00001ad4                us_ticker_clear_interrupt
 .text._ZN4rtos5MutexC2Ev
                0x00001ae4       0x30 C:/Users/hamed/Desktop/CODES/blinky-OS5/.build/tests/SARA_NBIOT_EVK/GCC_ARM/mbed-os/core/rtos/rtos/Mutex.o
                0x00001ae4                rtos::Mutex::Mutex()
                0x00001ae4                rtos::Mutex::Mutex()
 .text._ZN4rtos5MutexD2Ev
                0x00001b14       0x10 C:/Users/hamed/Desktop/CODES/blinky-OS5/.build/tests/SARA_NBIOT_EVK/GCC_ARM/mbed-os/core/rtos/rtos/Mutex.o
                0x00001b14                rtos::Mutex::~Mutex()
                0x00001b14                rtos::Mutex::~Mutex()
 .text.default_idle_hook
                0x00001b24        0x4 C:/Users/hamed/Desktop/CODES/blinky-OS5/.build/tests/SARA_NBIOT_EVK/GCC_ARM/mbed-os/core/rtos/rtos/rtos_idle.o
 .text.rtos_idle_loop
                0x00001b28       0x10 C:/Users/hamed/Desktop/CODES/blinky-OS5/.build/tests/SARA_NBIOT_EVK/GCC_ARM/mbed-os/core/rtos/rtos/rtos_idle.o
                0x00001b28                rtos_idle_loop
 .text.rt_init_stack
                0x00001b38       0xa0 C:/Users/hamed/Desktop/CODES/blinky-OS5/.build/tests/SARA_NBIOT_EVK/GCC_ARM/mbed-os/core/rtos/rtx/TARGET_CORTEX_M/HAL_CM.o
                0x00001b38                rt_init_stack
 .text.rt_ret_val
                0x00001bd8        0x8 C:/Users/hamed/Desktop/CODES/blinky-OS5/.build/tests/SARA_NBIOT_EVK/GCC_ARM/mbed-os/core/rtos/rtx/TARGET_CORTEX_M/HAL_CM.o
                0x00001bd8                rt_ret_val
 .text.rt_ret_val2
                0x00001be0        0x8 C:/Users/hamed/Desktop/CODES/blinky-OS5/.build/tests/SARA_NBIOT_EVK/GCC_ARM/mbed-os/core/rtos/rtx/TARGET_CORTEX_M/HAL_CM.o
                0x00001be0                rt_ret_val2
 .text.pre_main
                0x00001be8       0x44 C:/Users/hamed/Desktop/CODES/blinky-OS5/.build/tests/SARA_NBIOT_EVK/GCC_ARM/mbed-os/core/rtos/rtx/TARGET_CORTEX_M/RTX_Conf_CM.o
                0x00001be8                pre_main
 .text.os_idle_demon
                0x00001c2c        0x8 C:/Users/hamed/Desktop/CODES/blinky-OS5/.build/tests/SARA_NBIOT_EVK/GCC_ARM/mbed-os/core/rtos/rtx/TARGET_CORTEX_M/RTX_Conf_CM.o
                0x00001c2c                os_idle_demon
 .text.os_error
                0x00001c34       0x18 C:/Users/hamed/Desktop/CODES/blinky-OS5/.build/tests/SARA_NBIOT_EVK/GCC_ARM/mbed-os/core/rtos/rtx/TARGET_CORTEX_M/RTX_Conf_CM.o
                0x00001c34                os_error
 .text.set_main_stack
                0x00001c4c       0x24 C:/Users/hamed/Desktop/CODES/blinky-OS5/.build/tests/SARA_NBIOT_EVK/GCC_ARM/mbed-os/core/rtos/rtx/TARGET_CORTEX_M/RTX_Conf_CM.o
                0x00001c4c                set_main_stack
 .text.software_init_hook_rtos
                0x00001c70       0x1c C:/Users/hamed/Desktop/CODES/blinky-OS5/.build/tests/SARA_NBIOT_EVK/GCC_ARM/mbed-os/core/rtos/rtx/TARGET_CORTEX_M/RTX_Conf_CM.o
                0x00001c70                software_init_hook_rtos
 .text.osThreadExit
                0x00001c8c       0x18 C:/Users/hamed/Desktop/CODES/blinky-OS5/.build/tests/SARA_NBIOT_EVK/GCC_ARM/mbed-os/core/rtos/rtx/TARGET_CORTEX_M/rt_CMSIS.o
                0x00001c8c                osThreadExit
 .text.rt_timer_insert
                0x00001ca4       0x4c C:/Users/hamed/Desktop/CODES/blinky-OS5/.build/tests/SARA_NBIOT_EVK/GCC_ARM/mbed-os/core/rtos/rtx/TARGET_CORTEX_M/rt_CMSIS.o
 .text.isrMessagePut.part.4
                0x00001cf0       0x20 C:/Users/hamed/Desktop/CODES/blinky-OS5/.build/tests/SARA_NBIOT_EVK/GCC_ARM/mbed-os/core/rtos/rtx/TARGET_CORTEX_M/rt_CMSIS.o
 .text.svcKernelStart
                0x00001d10       0x4c C:/Users/hamed/Desktop/CODES/blinky-OS5/.build/tests/SARA_NBIOT_EVK/GCC_ARM/mbed-os/core/rtos/rtx/TARGET_CORTEX_M/rt_CMSIS.o
                0x00001d10                svcKernelStart
 .text.svcKernelRunning
                0x00001d5c        0xc C:/Users/hamed/Desktop/CODES/blinky-OS5/.build/tests/SARA_NBIOT_EVK/GCC_ARM/mbed-os/core/rtos/rtx/TARGET_CORTEX_M/rt_CMSIS.o
                0x00001d5c                svcKernelRunning
 .text.osKernelRunning
                0x00001d68       0x28 C:/Users/hamed/Desktop/CODES/blinky-OS5/.build/tests/SARA_NBIOT_EVK/GCC_ARM/mbed-os/core/rtos/rtx/TARGET_CORTEX_M/rt_CMSIS.o
                0x00001d68                osKernelRunning
 .text.osKernelStart
                0x00001d90       0x94 C:/Users/hamed/Desktop/CODES/blinky-OS5/.build/tests/SARA_NBIOT_EVK/GCC_ARM/mbed-os/core/rtos/rtx/TARGET_CORTEX_M/rt_CMSIS.o
                0x00001d90                osKernelStart
 .text.svcThreadCreate
                0x00001e24       0x78 C:/Users/hamed/Desktop/CODES/blinky-OS5/.build/tests/SARA_NBIOT_EVK/GCC_ARM/mbed-os/core/rtos/rtx/TARGET_CORTEX_M/rt_CMSIS.o
                0x00001e24                svcThreadCreate
 .text.svcThreadGetId
                0x00001e9c       0x1c C:/Users/hamed/Desktop/CODES/blinky-OS5/.build/tests/SARA_NBIOT_EVK/GCC_ARM/mbed-os/core/rtos/rtx/TARGET_CORTEX_M/rt_CMSIS.o
                0x00001e9c                svcThreadGetId
 .text.svcThreadTerminate
                0x00001eb8       0x3c C:/Users/hamed/Desktop/CODES/blinky-OS5/.build/tests/SARA_NBIOT_EVK/GCC_ARM/mbed-os/core/rtos/rtx/TARGET_CORTEX_M/rt_CMSIS.o
                0x00001eb8                svcThreadTerminate
 .text.osThreadContextCreate
                0x00001ef4       0x34 C:/Users/hamed/Desktop/CODES/blinky-OS5/.build/tests/SARA_NBIOT_EVK/GCC_ARM/mbed-os/core/rtos/rtx/TARGET_CORTEX_M/rt_CMSIS.o
                0x00001ef4                osThreadContextCreate
 .text.osThreadCreate
                0x00001f28        0xc C:/Users/hamed/Desktop/CODES/blinky-OS5/.build/tests/SARA_NBIOT_EVK/GCC_ARM/mbed-os/core/rtos/rtx/TARGET_CORTEX_M/rt_CMSIS.o
                0x00001f28                osThreadCreate
 .text.sysTimerTick
                0x00001f34       0x70 C:/Users/hamed/Desktop/CODES/blinky-OS5/.build/tests/SARA_NBIOT_EVK/GCC_ARM/mbed-os/core/rtos/rtx/TARGET_CORTEX_M/rt_CMSIS.o
                0x00001f34                sysTimerTick
 .text.svcMutexCreate
                0x00001fa4       0x20 C:/Users/hamed/Desktop/CODES/blinky-OS5/.build/tests/SARA_NBIOT_EVK/GCC_ARM/mbed-os/core/rtos/rtx/TARGET_CORTEX_M/rt_CMSIS.o
                0x00001fa4                svcMutexCreate
 .text.svcMutexDelete
                0x00001fc4       0x20 C:/Users/hamed/Desktop/CODES/blinky-OS5/.build/tests/SARA_NBIOT_EVK/GCC_ARM/mbed-os/core/rtos/rtx/TARGET_CORTEX_M/rt_CMSIS.o
                0x00001fc4                svcMutexDelete
 .text.osMutexCreate
                0x00001fe4       0x4c C:/Users/hamed/Desktop/CODES/blinky-OS5/.build/tests/SARA_NBIOT_EVK/GCC_ARM/mbed-os/core/rtos/rtx/TARGET_CORTEX_M/rt_CMSIS.o
                0x00001fe4                osMutexCreate
 .text.osMutexDelete
                0x00002030       0x20 C:/Users/hamed/Desktop/CODES/blinky-OS5/.build/tests/SARA_NBIOT_EVK/GCC_ARM/mbed-os/core/rtos/rtx/TARGET_CORTEX_M/rt_CMSIS.o
                0x00002030                osMutexDelete
 .text.svcMessageCreate
                0x00002050       0x2c C:/Users/hamed/Desktop/CODES/blinky-OS5/.build/tests/SARA_NBIOT_EVK/GCC_ARM/mbed-os/core/rtos/rtx/TARGET_CORTEX_M/rt_CMSIS.o
                0x00002050                svcMessageCreate
 .text.svcKernelInitialize
                0x0000207c       0x6c C:/Users/hamed/Desktop/CODES/blinky-OS5/.build/tests/SARA_NBIOT_EVK/GCC_ARM/mbed-os/core/rtos/rtx/TARGET_CORTEX_M/rt_CMSIS.o
                0x0000207c                svcKernelInitialize
 .text.osKernelInitialize
                0x000020e8       0x30 C:/Users/hamed/Desktop/CODES/blinky-OS5/.build/tests/SARA_NBIOT_EVK/GCC_ARM/mbed-os/core/rtos/rtx/TARGET_CORTEX_M/rt_CMSIS.o
                0x000020e8                osKernelInitialize
 .text.rt_evt_psh
                0x00002118       0x50 C:/Users/hamed/Desktop/CODES/blinky-OS5/.build/tests/SARA_NBIOT_EVK/GCC_ARM/mbed-os/core/rtos/rtx/TARGET_CORTEX_M/rt_Event.o
                0x00002118                rt_evt_psh
 .text.rt_put_prio
                0x00002168       0x4c C:/Users/hamed/Desktop/CODES/blinky-OS5/.build/tests/SARA_NBIOT_EVK/GCC_ARM/mbed-os/core/rtos/rtx/TARGET_CORTEX_M/rt_List.o
                0x00002168                rt_put_prio
 .text.rt_get_first
                0x000021b4       0x28 C:/Users/hamed/Desktop/CODES/blinky-OS5/.build/tests/SARA_NBIOT_EVK/GCC_ARM/mbed-os/core/rtos/rtx/TARGET_CORTEX_M/rt_List.o
                0x000021b4                rt_get_first
 .text.rt_put_rdy_first
                0x000021dc       0x14 C:/Users/hamed/Desktop/CODES/blinky-OS5/.build/tests/SARA_NBIOT_EVK/GCC_ARM/mbed-os/core/rtos/rtx/TARGET_CORTEX_M/rt_List.o
                0x000021dc                rt_put_rdy_first
 .text.rt_dec_dly
                0x000021f0       0x94 C:/Users/hamed/Desktop/CODES/blinky-OS5/.build/tests/SARA_NBIOT_EVK/GCC_ARM/mbed-os/core/rtos/rtx/TARGET_CORTEX_M/rt_List.o
                0x000021f0                rt_dec_dly
 .text.rt_rmv_list
                0x00002284       0x2c C:/Users/hamed/Desktop/CODES/blinky-OS5/.build/tests/SARA_NBIOT_EVK/GCC_ARM/mbed-os/core/rtos/rtx/TARGET_CORTEX_M/rt_List.o
                0x00002284                rt_rmv_list
 .text.rt_resort_prio
                0x000022b0       0x34 C:/Users/hamed/Desktop/CODES/blinky-OS5/.build/tests/SARA_NBIOT_EVK/GCC_ARM/mbed-os/core/rtos/rtx/TARGET_CORTEX_M/rt_List.o
                0x000022b0                rt_resort_prio
 .text.rt_rmv_dly
                0x000022e4       0x2c C:/Users/hamed/Desktop/CODES/blinky-OS5/.build/tests/SARA_NBIOT_EVK/GCC_ARM/mbed-os/core/rtos/rtx/TARGET_CORTEX_M/rt_List.o
                0x000022e4                rt_rmv_dly
 .text.rt_psq_enq
                0x00002310       0x44 C:/Users/hamed/Desktop/CODES/blinky-OS5/.build/tests/SARA_NBIOT_EVK/GCC_ARM/mbed-os/core/rtos/rtx/TARGET_CORTEX_M/rt_List.o
                0x00002310                rt_psq_enq
 .text.rt_mbx_init
                0x00002354       0x1c C:/Users/hamed/Desktop/CODES/blinky-OS5/.build/tests/SARA_NBIOT_EVK/GCC_ARM/mbed-os/core/rtos/rtx/TARGET_CORTEX_M/rt_Mailbox.o
                0x00002354                rt_mbx_init
 .text.rt_mbx_check
                0x00002370        0x8 C:/Users/hamed/Desktop/CODES/blinky-OS5/.build/tests/SARA_NBIOT_EVK/GCC_ARM/mbed-os/core/rtos/rtx/TARGET_CORTEX_M/rt_Mailbox.o
                0x00002370                rt_mbx_check
 .text.isr_mbx_send
                0x00002378        0xc C:/Users/hamed/Desktop/CODES/blinky-OS5/.build/tests/SARA_NBIOT_EVK/GCC_ARM/mbed-os/core/rtos/rtx/TARGET_CORTEX_M/rt_Mailbox.o
                0x00002378                isr_mbx_send
 .text.rt_mbx_psh
                0x00002384       0xdc C:/Users/hamed/Desktop/CODES/blinky-OS5/.build/tests/SARA_NBIOT_EVK/GCC_ARM/mbed-os/core/rtos/rtx/TARGET_CORTEX_M/rt_Mailbox.o
                0x00002384                rt_mbx_psh
 .text._init_box
                0x00002460       0x58 C:/Users/hamed/Desktop/CODES/blinky-OS5/.build/tests/SARA_NBIOT_EVK/GCC_ARM/mbed-os/core/rtos/rtx/TARGET_CORTEX_M/rt_MemBox.o
                0x00002460                _init_box
 .text.rt_alloc_box
                0x000024b8       0x20 C:/Users/hamed/Desktop/CODES/blinky-OS5/.build/tests/SARA_NBIOT_EVK/GCC_ARM/mbed-os/core/rtos/rtx/TARGET_CORTEX_M/rt_MemBox.o
                0x000024b8                rt_alloc_box
 .text.rt_free_box
                0x000024d8       0x28 C:/Users/hamed/Desktop/CODES/blinky-OS5/.build/tests/SARA_NBIOT_EVK/GCC_ARM/mbed-os/core/rtos/rtx/TARGET_CORTEX_M/rt_MemBox.o
                0x000024d8                rt_free_box
 .text.rt_mut_init
                0x00002500       0x10 C:/Users/hamed/Desktop/CODES/blinky-OS5/.build/tests/SARA_NBIOT_EVK/GCC_ARM/mbed-os/core/rtos/rtx/TARGET_CORTEX_M/rt_Mutex.o
                0x00002500                rt_mut_init
 .text.rt_mut_delete
                0x00002510       0xe0 C:/Users/hamed/Desktop/CODES/blinky-OS5/.build/tests/SARA_NBIOT_EVK/GCC_ARM/mbed-os/core/rtos/rtx/TARGET_CORTEX_M/rt_Mutex.o
                0x00002510                rt_mut_delete
 .text.rt_init_robin
                0x000025f0       0x18 C:/Users/hamed/Desktop/CODES/blinky-OS5/.build/tests/SARA_NBIOT_EVK/GCC_ARM/mbed-os/core/rtos/rtx/TARGET_CORTEX_M/rt_Robin.o
                0x000025f0                rt_init_robin
 .text.rt_chk_robin
                0x00002608       0x50 C:/Users/hamed/Desktop/CODES/blinky-OS5/.build/tests/SARA_NBIOT_EVK/GCC_ARM/mbed-os/core/rtos/rtx/TARGET_CORTEX_M/rt_Robin.o
                0x00002608                rt_chk_robin
 .text.rt_sem_psh
                0x00002658       0x34 C:/Users/hamed/Desktop/CODES/blinky-OS5/.build/tests/SARA_NBIOT_EVK/GCC_ARM/mbed-os/core/rtos/rtx/TARGET_CORTEX_M/rt_Semaphore.o
                0x00002658                rt_sem_psh
 .text.rt_psh_req
                0x0000268c       0x28 C:/Users/hamed/Desktop/CODES/blinky-OS5/.build/tests/SARA_NBIOT_EVK/GCC_ARM/mbed-os/core/rtos/rtx/TARGET_CORTEX_M/rt_System.o
                0x0000268c                rt_psh_req
 .text.rt_pop_req
                0x000026b4       0x80 C:/Users/hamed/Desktop/CODES/blinky-OS5/.build/tests/SARA_NBIOT_EVK/GCC_ARM/mbed-os/core/rtos/rtx/TARGET_CORTEX_M/rt_System.o
                0x000026b4                rt_pop_req
 .text.os_tick_init
                0x00002734       0x3c C:/Users/hamed/Desktop/CODES/blinky-OS5/.build/tests/SARA_NBIOT_EVK/GCC_ARM/mbed-os/core/rtos/rtx/TARGET_CORTEX_M/rt_System.o
                0x00002734                os_tick_init
 .text.os_tick_irqack
                0x00002770        0x4 C:/Users/hamed/Desktop/CODES/blinky-OS5/.build/tests/SARA_NBIOT_EVK/GCC_ARM/mbed-os/core/rtos/rtx/TARGET_CORTEX_M/rt_System.o
                0x00002770                os_tick_irqack
 .text.rt_systick
                0x00002774       0x3c C:/Users/hamed/Desktop/CODES/blinky-OS5/.build/tests/SARA_NBIOT_EVK/GCC_ARM/mbed-os/core/rtos/rtx/TARGET_CORTEX_M/rt_System.o
                0x00002774                rt_systick
 .text.rt_stk_check
                0x000027b0       0x2c C:/Users/hamed/Desktop/CODES/blinky-OS5/.build/tests/SARA_NBIOT_EVK/GCC_ARM/mbed-os/core/rtos/rtx/TARGET_CORTEX_M/rt_System.o
                0x000027b0                rt_stk_check
 .text.rt_dispatch.part.0
                0x000027dc       0x30 C:/Users/hamed/Desktop/CODES/blinky-OS5/.build/tests/SARA_NBIOT_EVK/GCC_ARM/mbed-os/core/rtos/rtx/TARGET_CORTEX_M/rt_Task.o
 .text.rt_switch_req
                0x0000280c       0x28 C:/Users/hamed/Desktop/CODES/blinky-OS5/.build/tests/SARA_NBIOT_EVK/GCC_ARM/mbed-os/core/rtos/rtx/TARGET_CORTEX_M/rt_Task.o
                0x0000280c                rt_switch_req
 .text.rt_dispatch
                0x00002834       0x58 C:/Users/hamed/Desktop/CODES/blinky-OS5/.build/tests/SARA_NBIOT_EVK/GCC_ARM/mbed-os/core/rtos/rtx/TARGET_CORTEX_M/rt_Task.o
                0x00002834                rt_dispatch
 .text.rt_tsk_self
                0x0000288c       0x14 C:/Users/hamed/Desktop/CODES/blinky-OS5/.build/tests/SARA_NBIOT_EVK/GCC_ARM/mbed-os/core/rtos/rtx/TARGET_CORTEX_M/rt_Task.o
                0x0000288c                rt_tsk_self
 .text.rt_tsk_prio
                0x000028a0       0x84 C:/Users/hamed/Desktop/CODES/blinky-OS5/.build/tests/SARA_NBIOT_EVK/GCC_ARM/mbed-os/core/rtos/rtx/TARGET_CORTEX_M/rt_Task.o
                0x000028a0                rt_tsk_prio
 .text.rt_tsk_create
                0x00002924       0xd0 C:/Users/hamed/Desktop/CODES/blinky-OS5/.build/tests/SARA_NBIOT_EVK/GCC_ARM/mbed-os/core/rtos/rtx/TARGET_CORTEX_M/rt_Task.o
                0x00002924                rt_tsk_create
 .text.rt_tsk_delete
                0x000029f4      0x18c C:/Users/hamed/Desktop/CODES/blinky-OS5/.build/tests/SARA_NBIOT_EVK/GCC_ARM/mbed-os/core/rtos/rtx/TARGET_CORTEX_M/rt_Task.o
                0x000029f4                rt_tsk_delete
 .text.rt_sys_init
                0x00002b80      0x110 C:/Users/hamed/Desktop/CODES/blinky-OS5/.build/tests/SARA_NBIOT_EVK/GCC_ARM/mbed-os/core/rtos/rtx/TARGET_CORTEX_M/rt_Task.o
                0x00002b80                rt_sys_init
 .text.rt_sys_start
                0x00002c90       0x70 C:/Users/hamed/Desktop/CODES/blinky-OS5/.build/tests/SARA_NBIOT_EVK/GCC_ARM/mbed-os/core/rtos/rtx/TARGET_CORTEX_M/rt_Task.o
                0x00002c90                rt_sys_start
 .text._Z16greentea_send_kvPKci.part.1
                0x00002d00       0x84 C:/Users/hamed/Desktop/CODES/blinky-OS5/.build/tests/SARA_NBIOT_EVK/GCC_ARM/mbed-os/frameworks/greentea-client/source/test_env.o
 .text._Z16greentea_send_kvPKcS0_ii.part.2
                0x00002d84       0xd8 C:/Users/hamed/Desktop/CODES/blinky-OS5/.build/tests/SARA_NBIOT_EVK/GCC_ARM/mbed-os/frameworks/greentea-client/source/test_env.o
 .text._Z14GREENTEA_SETUPiPKc
                0x00002e5c        0x4 C:/Users/hamed/Desktop/CODES/blinky-OS5/.build/tests/SARA_NBIOT_EVK/GCC_ARM/mbed-os/frameworks/greentea-client/source/test_env.o
                0x00002e5c                GREENTEA_SETUP(int, char const*)
 .text._Z16greentea_send_kvPKcS0_
                0x00002e60       0x84 C:/Users/hamed/Desktop/CODES/blinky-OS5/.build/tests/SARA_NBIOT_EVK/GCC_ARM/mbed-os/frameworks/greentea-client/source/test_env.o
                0x00002e60                greentea_send_kv(char const*, char const*)
 .text._Z25GREENTEA_TESTSUITE_RESULTi
                0x00002ee4       0x50 C:/Users/hamed/Desktop/CODES/blinky-OS5/.build/tests/SARA_NBIOT_EVK/GCC_ARM/mbed-os/frameworks/greentea-client/source/test_env.o
                0x00002ee4                GREENTEA_TESTSUITE_RESULT(int)
 .text._Z16greentea_send_kvPKci
                0x00002f34       0x2c C:/Users/hamed/Desktop/CODES/blinky-OS5/.build/tests/SARA_NBIOT_EVK/GCC_ARM/mbed-os/frameworks/greentea-client/source/test_env.o
                0x00002f34                greentea_send_kv(char const*, int)
 .text._Z16greentea_send_kvPKcS0_ii
                0x00002f60       0x3c C:/Users/hamed/Desktop/CODES/blinky-OS5/.build/tests/SARA_NBIOT_EVK/GCC_ARM/mbed-os/frameworks/greentea-client/source/test_env.o
                0x00002f60                greentea_send_kv(char const*, char const*, int, int)
 .text._Z16greentea_send_kvPKcii
                0x00002f9c       0xcc C:/Users/hamed/Desktop/CODES/blinky-OS5/.build/tests/SARA_NBIOT_EVK/GCC_ARM/mbed-os/frameworks/greentea-client/source/test_env.o
                0x00002f9c                greentea_send_kv(char const*, int, int)
 .text.startup._GLOBAL__sub_I_GREENTEA_TEST_ENV_END
                0x00003068       0x28 C:/Users/hamed/Desktop/CODES/blinky-OS5/.build/tests/SARA_NBIOT_EVK/GCC_ARM/mbed-os/frameworks/greentea-client/source/test_env.o
 .text.utest_v1_enter_critical_section
                0x00003090        0x8 C:/Users/hamed/Desktop/CODES/blinky-OS5/.build/tests/SARA_NBIOT_EVK/GCC_ARM/mbed-os/frameworks/utest/mbed-utest-shim.o
                0x00003090                utest_v1_enter_critical_section
 .text.utest_v1_leave_critical_section
                0x00003098        0x8 C:/Users/hamed/Desktop/CODES/blinky-OS5/.build/tests/SARA_NBIOT_EVK/GCC_ARM/mbed-os/frameworks/utest/mbed-utest-shim.o
                0x00003098                utest_v1_leave_critical_section
 .text.startup._GLOBAL__sub_I_utest_v1_enter_critical_section
                0x000030a0       0x1c C:/Users/hamed/Desktop/CODES/blinky-OS5/.build/tests/SARA_NBIOT_EVK/GCC_ARM/mbed-os/frameworks/utest/mbed-utest-shim.o
 .text.startup._GLOBAL__sub_I_utest_unity_assert_failure
                0x000030bc       0x1c C:/Users/hamed/Desktop/CODES/blinky-OS5/.build/tests/SARA_NBIOT_EVK/GCC_ARM/mbed-os/frameworks/utest/source/unity_handler.o
 .text._ZN5utest2v14CaseC2EPKcPFNS0_9control_tEvEPFNS0_8status_tEPKS1_NS0_9failure_tEE
                0x000030d8       0x14 C:/Users/hamed/Desktop/CODES/blinky-OS5/.build/tests/SARA_NBIOT_EVK/GCC_ARM/mbed-os/frameworks/utest/source/utest_case.o
                0x000030d8                utest::v1::Case::Case(char const*, utest::v1::control_t (*)(), utest::v1::status_t (*)(utest::v1::Case const*, utest::v1::failure_t))
                0x000030d8                utest::v1::Case::Case(char const*, utest::v1::control_t (*)(), utest::v1::status_t (*)(utest::v1::Case const*, utest::v1::failure_t))
 .text._ZNK5utest2v14Case15get_descriptionEv
                0x000030ec        0x4 C:/Users/hamed/Desktop/CODES/blinky-OS5/.build/tests/SARA_NBIOT_EVK/GCC_ARM/mbed-os/frameworks/utest/source/utest_case.o
                0x000030ec                utest::v1::Case::get_description() const
 .text._ZNK5utest2v14Case8is_emptyEv
                0x000030f0       0x28 C:/Users/hamed/Desktop/CODES/blinky-OS5/.build/tests/SARA_NBIOT_EVK/GCC_ARM/mbed-os/frameworks/utest/source/utest_case.o
                0x000030f0                utest::v1::Case::is_empty() const
 .text.startup._GLOBAL__sub_I__ZN5utest2v14CaseC2EPKcPFNS0_8status_tEPKS1_jEPFvvEPFS4_S6_jjNS0_9failure_tEEPFS4_S6_SB_E
                0x00003118       0x1c C:/Users/hamed/Desktop/CODES/blinky-OS5/.build/tests/SARA_NBIOT_EVK/GCC_ARM/mbed-os/frameworks/utest/source/utest_case.o
 .text._ZN5utest2v126verbose_test_setup_handlerEj
                0x00003134       0x1c C:/Users/hamed/Desktop/CODES/blinky-OS5/.build/tests/SARA_NBIOT_EVK/GCC_ARM/mbed-os/frameworks/utest/source/utest_default_handlers.o
                0x00003134                utest::v1::verbose_test_setup_handler(unsigned int)
 .text._ZN5utest2v126verbose_case_setup_handlerEPKNS0_4CaseEj
                0x00003150       0x24 C:/Users/hamed/Desktop/CODES/blinky-OS5/.build/tests/SARA_NBIOT_EVK/GCC_ARM/mbed-os/frameworks/utest/source/utest_default_handlers.o
                0x00003150                utest::v1::verbose_case_setup_handler(utest::v1::Case const*, unsigned int)
 .text._ZN5utest2v129verbose_test_teardown_handlerEjjNS0_9failure_tE
                0x00003174       0x5c C:/Users/hamed/Desktop/CODES/blinky-OS5/.build/tests/SARA_NBIOT_EVK/GCC_ARM/mbed-os/frameworks/utest/source/utest_default_handlers.o
                0x00003174                utest::v1::verbose_test_teardown_handler(unsigned int, unsigned int, utest::v1::failure_t)
 .text._ZN5utest2v129verbose_case_teardown_handlerEPKNS0_4CaseEjjNS0_9failure_tE
                0x000031d0       0x58 C:/Users/hamed/Desktop/CODES/blinky-OS5/.build/tests/SARA_NBIOT_EVK/GCC_ARM/mbed-os/frameworks/utest/source/utest_default_handlers.o
                0x000031d0                utest::v1::verbose_case_teardown_handler(utest::v1::Case const*, unsigned int, unsigned int, utest::v1::failure_t)
 .text._ZN5utest2v128verbose_test_failure_handlerENS0_9failure_tE
                0x00003228       0x30 C:/Users/hamed/Desktop/CODES/blinky-OS5/.build/tests/SARA_NBIOT_EVK/GCC_ARM/mbed-os/frameworks/utest/source/utest_default_handlers.o
                0x00003228                utest::v1::verbose_test_failure_handler(utest::v1::failure_t)
 .text._ZN5utest2v128verbose_case_failure_handlerEPKNS0_4CaseENS0_9failure_tE
                0x00003258       0x2c C:/Users/hamed/Desktop/CODES/blinky-OS5/.build/tests/SARA_NBIOT_EVK/GCC_ARM/mbed-os/frameworks/utest/source/utest_default_handlers.o
                0x00003258                utest::v1::verbose_case_failure_handler(utest::v1::Case const*, utest::v1::failure_t)
 .text.startup._GLOBAL__sub_I__ZN5utest2v125verbose_continue_handlersE
                0x00003284       0x1c C:/Users/hamed/Desktop/CODES/blinky-OS5/.build/tests/SARA_NBIOT_EVK/GCC_ARM/mbed-os/frameworks/utest/source/utest_default_handlers.o
 .text._ZL20test_failure_handlerN5utest2v19failure_tE
                0x000032a0       0x20 C:/Users/hamed/Desktop/CODES/blinky-OS5/.build/tests/SARA_NBIOT_EVK/GCC_ARM/mbed-os/frameworks/utest/source/utest_greentea_handlers.o
 .text._ZL26unknown_test_setup_handlerj
                0x000032c0       0x28 C:/Users/hamed/Desktop/CODES/blinky-OS5/.build/tests/SARA_NBIOT_EVK/GCC_ARM/mbed-os/frameworks/utest/source/utest_greentea_handlers.o
 .text._ZN5utest2v130greentea_test_teardown_handlerEjjNS0_9failure_tE
                0x000032e8       0x38 C:/Users/hamed/Desktop/CODES/blinky-OS5/.build/tests/SARA_NBIOT_EVK/GCC_ARM/mbed-os/frameworks/utest/source/utest_greentea_handlers.o
                0x000032e8                utest::v1::greentea_test_teardown_handler(unsigned int, unsigned int, utest::v1::failure_t)
 .text._ZN5utest2v127greentea_case_setup_handlerEPKNS0_4CaseEj
                0x00003320       0x24 C:/Users/hamed/Desktop/CODES/blinky-OS5/.build/tests/SARA_NBIOT_EVK/GCC_ARM/mbed-os/frameworks/utest/source/utest_greentea_handlers.o
                0x00003320                utest::v1::greentea_case_setup_handler(utest::v1::Case const*, unsigned int)
 .text._ZN5utest2v130greentea_case_teardown_handlerEPKNS0_4CaseEjjNS0_9failure_tE
                0x00003344       0x34 C:/Users/hamed/Desktop/CODES/blinky-OS5/.build/tests/SARA_NBIOT_EVK/GCC_ARM/mbed-os/frameworks/utest/source/utest_greentea_handlers.o
                0x00003344                utest::v1::greentea_case_teardown_handler(utest::v1::Case const*, unsigned int, unsigned int, utest::v1::failure_t)
 .text._ZN5utest2v135greentea_case_failure_abort_handlerEPKNS0_4CaseENS0_9failure_tE
                0x00003378       0x18 C:/Users/hamed/Desktop/CODES/blinky-OS5/.build/tests/SARA_NBIOT_EVK/GCC_ARM/mbed-os/frameworks/utest/source/utest_greentea_handlers.o
                0x00003378                utest::v1::greentea_case_failure_abort_handler(utest::v1::Case const*, utest::v1::failure_t)
 .text._ZN5utest2v127greentea_test_setup_handlerEj
                0x00003390       0x1c C:/Users/hamed/Desktop/CODES/blinky-OS5/.build/tests/SARA_NBIOT_EVK/GCC_ARM/mbed-os/frameworks/utest/source/utest_greentea_handlers.o
                0x00003390                utest::v1::greentea_test_setup_handler(unsigned int)
 .text.startup._GLOBAL__sub_I__ZN5utest2v123greentea_abort_handlersE
                0x000033ac       0x1c C:/Users/hamed/Desktop/CODES/blinky-OS5/.build/tests/SARA_NBIOT_EVK/GCC_ARM/mbed-os/frameworks/utest/source/utest_greentea_handlers.o
 .text._ZN5utest2v17Harness3runERKNS0_13SpecificationE.part.13
                0x000033c8      0x1e4 C:/Users/hamed/Desktop/CODES/blinky-OS5/.build/tests/SARA_NBIOT_EVK/GCC_ARM/mbed-os/frameworks/utest/source/utest_harness.o
 .text._ZN5utest2v17Harness13raise_failureENS0_16failure_reason_tE
                0x000035ac      0x17c C:/Users/hamed/Desktop/CODES/blinky-OS5/.build/tests/SARA_NBIOT_EVK/GCC_ARM/mbed-os/frameworks/utest/source/utest_harness.o
                0x000035ac                utest::v1::Harness::raise_failure(utest::v1::failure_reason_t)
 .text._ZN5utest2v17Harness18schedule_next_caseEv
                0x00003728      0x150 C:/Users/hamed/Desktop/CODES/blinky-OS5/.build/tests/SARA_NBIOT_EVK/GCC_ARM/mbed-os/frameworks/utest/source/utest_harness.o
                0x00003728                utest::v1::Harness::schedule_next_case()
 .text._ZN5utest2v17Harness14handle_timeoutEv
                0x00003878       0x5c C:/Users/hamed/Desktop/CODES/blinky-OS5/.build/tests/SARA_NBIOT_EVK/GCC_ARM/mbed-os/frameworks/utest/source/utest_harness.o
                0x00003878                utest::v1::Harness::handle_timeout()
 .text._ZN5utest2v17Harness13run_next_caseEv
                0x000038d4      0x258 C:/Users/hamed/Desktop/CODES/blinky-OS5/.build/tests/SARA_NBIOT_EVK/GCC_ARM/mbed-os/frameworks/utest/source/utest_harness.o
                0x000038d4                utest::v1::Harness::run_next_case()
 .text._ZN5utest2v17Harness17validate_callbackENS0_9control_tE
                0x00003b2c       0x80 C:/Users/hamed/Desktop/CODES/blinky-OS5/.build/tests/SARA_NBIOT_EVK/GCC_ARM/mbed-os/frameworks/utest/source/utest_harness.o
                0x00003b2c                utest::v1::Harness::validate_callback(utest::v1::control_t)
 .text._ZN5utest2v17Harness7is_busyEv
                0x00003bac       0x40 C:/Users/hamed/Desktop/CODES/blinky-OS5/.build/tests/SARA_NBIOT_EVK/GCC_ARM/mbed-os/frameworks/utest/source/utest_harness.o
                0x00003bac                utest::v1::Harness::is_busy()
 .text._ZN5utest2v17Harness3runERKNS0_13SpecificationE
                0x00003bec       0x18 C:/Users/hamed/Desktop/CODES/blinky-OS5/.build/tests/SARA_NBIOT_EVK/GCC_ARM/mbed-os/frameworks/utest/source/utest_harness.o
                0x00003bec                utest::v1::Harness::run(utest::v1::Specification const&)
 .text.startup._GLOBAL__sub_I__ZN5utest2v17Harness13set_schedulerE20utest_v1_scheduler_t
                0x00003c04       0x64 C:/Users/hamed/Desktop/CODES/blinky-OS5/.build/tests/SARA_NBIOT_EVK/GCC_ARM/mbed-os/frameworks/utest/source/utest_harness.o
 .text.startup._GLOBAL__sub_I_utest_serial
                0x00003c68       0x28 C:/Users/hamed/Desktop/CODES/blinky-OS5/.build/tests/SARA_NBIOT_EVK/GCC_ARM/mbed-os/frameworks/utest/source/utest_serial.o
 .text._ZL14ticker_handlerv
                0x00003c90       0x14 C:/Users/hamed/Desktop/CODES/blinky-OS5/.build/tests/SARA_NBIOT_EVK/GCC_ARM/mbed-os/frameworks/utest/source/utest_shim.o
 .text._ZL20utest_us_ticker_initv
                0x00003ca4        0x4 C:/Users/hamed/Desktop/CODES/blinky-OS5/.build/tests/SARA_NBIOT_EVK/GCC_ARM/mbed-os/frameworks/utest/source/utest_shim.o
 .text._ZL19utest_us_ticker_runv
                0x00003ca8       0x18 C:/Users/hamed/Desktop/CODES/blinky-OS5/.build/tests/SARA_NBIOT_EVK/GCC_ARM/mbed-os/frameworks/utest/source/utest_shim.o
 .text._ZL22utest_us_ticker_cancelPv
                0x00003cc0       0x10 C:/Users/hamed/Desktop/CODES/blinky-OS5/.build/tests/SARA_NBIOT_EVK/GCC_ARM/mbed-os/frameworks/utest/source/utest_shim.o
 .text._ZL20utest_us_ticker_postPFvvEm
                0x00003cd0       0x6c C:/Users/hamed/Desktop/CODES/blinky-OS5/.build/tests/SARA_NBIOT_EVK/GCC_ARM/mbed-os/frameworks/utest/source/utest_shim.o
 .text.utest_v1_get_scheduler
                0x00003d3c       0x14 C:/Users/hamed/Desktop/CODES/blinky-OS5/.build/tests/SARA_NBIOT_EVK/GCC_ARM/mbed-os/frameworks/utest/source/utest_shim.o
                0x00003d3c                utest_v1_get_scheduler
 .text.startup._GLOBAL__sub_I_utest_timeout_object
                0x00003d50       0x54 C:/Users/hamed/Desktop/CODES/blinky-OS5/.build/tests/SARA_NBIOT_EVK/GCC_ARM/mbed-os/frameworks/utest/source/utest_shim.o
 .text._ZN5utest2v19stringifyENS0_16failure_reason_tE
                0x00003da4       0xc0 C:/Users/hamed/Desktop/CODES/blinky-OS5/.build/tests/SARA_NBIOT_EVK/GCC_ARM/mbed-os/frameworks/utest/source/utest_types.o
                0x00003da4                utest::v1::stringify(utest::v1::failure_reason_t)
 .text._ZN5utest2v19stringifyENS0_10location_tE
                0x00003e64       0x1c C:/Users/hamed/Desktop/CODES/blinky-OS5/.build/tests/SARA_NBIOT_EVK/GCC_ARM/mbed-os/frameworks/utest/source/utest_types.o
                0x00003e64                utest::v1::stringify(utest::v1::location_t)
 .text.startup._GLOBAL__sub_I__ZN5utest2v19stringifyENS0_16failure_reason_tE
                0x00003e80       0x1c C:/Users/hamed/Desktop/CODES/blinky-OS5/.build/tests/SARA_NBIOT_EVK/GCC_ARM/mbed-os/frameworks/utest/source/utest_types.o
 .text._Z19greentea_test_setupj
                0x00003e9c       0x18 C:/Users/hamed/Desktop/CODES/blinky-OS5/.build/tests/SARA_NBIOT_EVK/GCC_ARM/./mbed-os/TESTS/mbed_drivers/timeout/./main.o
                0x00003e9c                greentea_test_setup(unsigned int)
 .text._Z9toggleOffv
                0x00003eb4       0x50 C:/Users/hamed/Desktop/CODES/blinky-OS5/.build/tests/SARA_NBIOT_EVK/GCC_ARM/./mbed-os/TESTS/mbed_drivers/timeout/./main.o
                0x00003eb4                toggleOff()
 .text._Z12send_kv_tickv
                0x00003f04       0x3c C:/Users/hamed/Desktop/CODES/blinky-OS5/.build/tests/SARA_NBIOT_EVK/GCC_ARM/./mbed-os/TESTS/mbed_drivers/timeout/./main.o
                0x00003f04                send_kv_tick()
 .text._Z8toggleOnv
                0x00003f40       0xdc C:/Users/hamed/Desktop/CODES/blinky-OS5/.build/tests/SARA_NBIOT_EVK/GCC_ARM/./mbed-os/TESTS/mbed_drivers/timeout/./main.o
                0x00003f40                toggleOn()
 .text._Z16test_case_tickerv
                0x0000401c       0x18 C:/Users/hamed/Desktop/CODES/blinky-OS5/.build/tests/SARA_NBIOT_EVK/GCC_ARM/./mbed-os/TESTS/mbed_drivers/timeout/./main.o
                0x0000401c                test_case_ticker()
 .text.startup.main
                0x00004034       0x10 C:/Users/hamed/Desktop/CODES/blinky-OS5/.build/tests/SARA_NBIOT_EVK/GCC_ARM/./mbed-os/TESTS/mbed_drivers/timeout/./main.o
                0x00004034                main
 .text.startup._GLOBAL__sub_I_timer
                0x00004044       0xec C:/Users/hamed/Desktop/CODES/blinky-OS5/.build/tests/SARA_NBIOT_EVK/GCC_ARM/./mbed-os/TESTS/mbed_drivers/timeout/./main.o
 .text._ZdaPv   0x00004130        0x8 c:/gcc4mbed-master/gcc4mbed-master/gcc-arm-none-eabi/bin/../lib/gcc/arm-none-eabi/5.2.1/../../../../arm-none-eabi/lib/armv6-m\libstdc++_nano.a(del_opv.o)
                0x00004130                operator delete[](void*)
 .text.__aeabi_atexit
                0x00004138        0xe c:/gcc4mbed-master/gcc4mbed-master/gcc-arm-none-eabi/bin/../lib/gcc/arm-none-eabi/5.2.1/../../../../arm-none-eabi/lib/armv6-m\libstdc++_nano.a(atexit_arm.o)
                0x00004138                __aeabi_atexit
 .text._ZdlPv   0x00004146        0x8 c:/gcc4mbed-master/gcc4mbed-master/gcc-arm-none-eabi/bin/../lib/gcc/arm-none-eabi/5.2.1/../../../../arm-none-eabi/lib/armv6-m\libstdc++_nano.a(del_op.o)
                0x00004146                operator delete(void*)
 .text._Znwj    0x0000414e       0x24 c:/gcc4mbed-master/gcc4mbed-master/gcc-arm-none-eabi/bin/../lib/gcc/arm-none-eabi/5.2.1/../../../../arm-none-eabi/lib/armv6-m\libstdc++_nano.a(new_op.o)
                0x0000414e                operator new(unsigned int)
 .text._Znaj    0x00004172        0x8 c:/gcc4mbed-master/gcc4mbed-master/gcc-arm-none-eabi/bin/../lib/gcc/arm-none-eabi/5.2.1/../../../../arm-none-eabi/lib/armv6-m\libstdc++_nano.a(new_opv.o)
                0x00004172                operator new[](unsigned int)
 *fill*         0x0000417a        0x2 
 .text._ZSt15get_new_handlerv
                0x0000417c        0xc c:/gcc4mbed-master/gcc4mbed-master/gcc-arm-none-eabi/bin/../lib/gcc/arm-none-eabi/5.2.1/../../../../arm-none-eabi/lib/armv6-m\libstdc++_nano.a(new_handler.o)
                0x0000417c                std::get_new_handler()
 .text.abort    0x00004188        0xe c:/gcc4mbed-master/gcc4mbed-master/gcc-arm-none-eabi/bin/../lib/gcc/arm-none-eabi/5.2.1/../../../../arm-none-eabi/lib/armv6-m\libc_nano.a(lib_a-abort.o)
                0x00004188                abort
 .text.atexit   0x00004196       0x10 c:/gcc4mbed-master/gcc4mbed-master/gcc-arm-none-eabi/bin/../lib/gcc/arm-none-eabi/5.2.1/../../../../arm-none-eabi/lib/armv6-m\libc_nano.a(lib_a-atexit.o)
                0x00004196                atexit
 *fill*         0x000041a6        0x2 
 .text.__cxa_atexit
                0x000041a8       0x1c c:/gcc4mbed-master/gcc4mbed-master/gcc-arm-none-eabi/bin/../lib/gcc/arm-none-eabi/5.2.1/../../../../arm-none-eabi/lib/armv6-m\libc_nano.a(lib_a-cxa_atexit.o)
                0x000041a8                __cxa_atexit
 .text.exit     0x000041c4       0x2c c:/gcc4mbed-master/gcc4mbed-master/gcc-arm-none-eabi/bin/../lib/gcc/arm-none-eabi/5.2.1/../../../../arm-none-eabi/lib/armv6-m\libc_nano.a(lib_a-exit.o)
                0x000041c4                exit
 .text.__sflush_r
                0x000041f0      0x10c c:/gcc4mbed-master/gcc4mbed-master/gcc-arm-none-eabi/bin/../lib/gcc/arm-none-eabi/5.2.1/../../../../arm-none-eabi/lib/armv6-m\libc_nano.a(lib_a-fflush.o)
                0x000041f0                __sflush_r
 .text._fflush_r
                0x000042fc       0x58 c:/gcc4mbed-master/gcc4mbed-master/gcc-arm-none-eabi/bin/../lib/gcc/arm-none-eabi/5.2.1/../../../../arm-none-eabi/lib/armv6-m\libc_nano.a(lib_a-fflush.o)
                0x000042fc                _fflush_r
 .text.fflush   0x00004354       0x28 c:/gcc4mbed-master/gcc4mbed-master/gcc-arm-none-eabi/bin/../lib/gcc/arm-none-eabi/5.2.1/../../../../arm-none-eabi/lib/armv6-m\libc_nano.a(lib_a-fflush.o)
                0x00004354                fflush
 .text._cleanup_r
                0x0000437c       0x10 c:/gcc4mbed-master/gcc4mbed-master/gcc-arm-none-eabi/bin/../lib/gcc/arm-none-eabi/5.2.1/../../../../arm-none-eabi/lib/armv6-m\libc_nano.a(lib_a-findfp.o)
                0x0000437c                _cleanup_r
 .text.std.isra.0
                0x0000438c       0x48 c:/gcc4mbed-master/gcc4mbed-master/gcc-arm-none-eabi/bin/../lib/gcc/arm-none-eabi/5.2.1/../../../../arm-none-eabi/lib/armv6-m\libc_nano.a(lib_a-findfp.o)
 .text.__sfmoreglue
                0x000043d4       0x2c c:/gcc4mbed-master/gcc4mbed-master/gcc-arm-none-eabi/bin/../lib/gcc/arm-none-eabi/5.2.1/../../../../arm-none-eabi/lib/armv6-m\libc_nano.a(lib_a-findfp.o)
                0x000043d4                __sfmoreglue
 .text.__sinit  0x00004400       0x68 c:/gcc4mbed-master/gcc4mbed-master/gcc-arm-none-eabi/bin/../lib/gcc/arm-none-eabi/5.2.1/../../../../arm-none-eabi/lib/armv6-m\libc_nano.a(lib_a-findfp.o)
                0x00004400                __sinit
 .text.__sfp    0x00004468       0x7c c:/gcc4mbed-master/gcc4mbed-master/gcc-arm-none-eabi/bin/../lib/gcc/arm-none-eabi/5.2.1/../../../../arm-none-eabi/lib/armv6-m\libc_nano.a(lib_a-findfp.o)
                0x00004468                __sfp
 .text.__libc_fini_array
                0x000044e4       0x28 c:/gcc4mbed-master/gcc4mbed-master/gcc-arm-none-eabi/bin/../lib/gcc/arm-none-eabi/5.2.1/../../../../arm-none-eabi/lib/armv6-m\libc_nano.a(lib_a-fini.o)
                0x000044e4                __libc_fini_array
 .text._fwalk_reent
                0x0000450c       0x42 c:/gcc4mbed-master/gcc4mbed-master/gcc-arm-none-eabi/bin/../lib/gcc/arm-none-eabi/5.2.1/../../../../arm-none-eabi/lib/armv6-m\libc_nano.a(lib_a-fwalk.o)
                0x0000450c                _fwalk_reent
 *fill*         0x0000454e        0x2 
 .text.__libc_init_array
                0x00004550       0x4c c:/gcc4mbed-master/gcc4mbed-master/gcc-arm-none-eabi/bin/../lib/gcc/arm-none-eabi/5.2.1/../../../../arm-none-eabi/lib/armv6-m\libc_nano.a(lib_a-init.o)
                0x00004550                __libc_init_array
 .text.malloc   0x0000459c       0x14 c:/gcc4mbed-master/gcc4mbed-master/gcc-arm-none-eabi/bin/../lib/gcc/arm-none-eabi/5.2.1/../../../../arm-none-eabi/lib/armv6-m\libc_nano.a(lib_a-malloc.o)
                0x0000459c                malloc
 .text.free     0x000045b0       0x14 c:/gcc4mbed-master/gcc4mbed-master/gcc-arm-none-eabi/bin/../lib/gcc/arm-none-eabi/5.2.1/../../../../arm-none-eabi/lib/armv6-m\libc_nano.a(lib_a-malloc.o)
                0x000045b0                free
 .text.memchr   0x000045c4       0x16 c:/gcc4mbed-master/gcc4mbed-master/gcc-arm-none-eabi/bin/../lib/gcc/arm-none-eabi/5.2.1/../../../../arm-none-eabi/lib/armv6-m\libc_nano.a(lib_a-memchr-stub.o)
                0x000045c4                memchr
 .text.memcpy   0x000045da       0x12 c:/gcc4mbed-master/gcc4mbed-master/gcc-arm-none-eabi/bin/../lib/gcc/arm-none-eabi/5.2.1/../../../../arm-none-eabi/lib/armv6-m\libc_nano.a(lib_a-memcpy-stub.o)
                0x000045da                memcpy
 .text.memmove  0x000045ec       0x2a c:/gcc4mbed-master/gcc4mbed-master/gcc-arm-none-eabi/bin/../lib/gcc/arm-none-eabi/5.2.1/../../../../arm-none-eabi/lib/armv6-m\libc_nano.a(lib_a-memmove.o)
                0x000045ec                memmove
 .text.memset   0x00004616       0x10 c:/gcc4mbed-master/gcc4mbed-master/gcc-arm-none-eabi/bin/../lib/gcc/arm-none-eabi/5.2.1/../../../../arm-none-eabi/lib/armv6-m\libc_nano.a(lib_a-memset.o)
                0x00004616                memset
 *fill*         0x00004626        0x2 
 .text._free_r  0x00004628       0x8c c:/gcc4mbed-master/gcc4mbed-master/gcc-arm-none-eabi/bin/../lib/gcc/arm-none-eabi/5.2.1/../../../../arm-none-eabi/lib/armv6-m\libc_nano.a(lib_a-nano-freer.o)
                0x00004628                _free_r
 .text._malloc_r
                0x000046b4       0xac c:/gcc4mbed-master/gcc4mbed-master/gcc-arm-none-eabi/bin/../lib/gcc/arm-none-eabi/5.2.1/../../../../arm-none-eabi/lib/armv6-m\libc_nano.a(lib_a-nano-mallocr.o)
                0x000046b4                _malloc_r
 .text._realloc_r
                0x00004760       0x4c c:/gcc4mbed-master/gcc4mbed-master/gcc-arm-none-eabi/bin/../lib/gcc/arm-none-eabi/5.2.1/../../../../arm-none-eabi/lib/armv6-m\libc_nano.a(lib_a-nano-reallocr.o)
                0x00004760                _realloc_r
 .text._printf_common
                0x000047ac       0xdc c:/gcc4mbed-master/gcc4mbed-master/gcc-arm-none-eabi/bin/../lib/gcc/arm-none-eabi/5.2.1/../../../../arm-none-eabi/lib/armv6-m\libc_nano.a(lib_a-nano-vfprintf_i.o)
                0x000047ac                _printf_common
 .text._printf_i
                0x00004888      0x244 c:/gcc4mbed-master/gcc4mbed-master/gcc-arm-none-eabi/bin/../lib/gcc/arm-none-eabi/5.2.1/../../../../arm-none-eabi/lib/armv6-m\libc_nano.a(lib_a-nano-vfprintf_i.o)
                0x00004888                _printf_i
 .text._sbrk_r  0x00004acc       0x24 c:/gcc4mbed-master/gcc4mbed-master/gcc-arm-none-eabi/bin/../lib/gcc/arm-none-eabi/5.2.1/../../../../arm-none-eabi/lib/armv6-m\libc_nano.a(lib_a-sbrkr.o)
                0x00004acc                _sbrk_r
 .text._raise_r
                0x00004af0       0x54 c:/gcc4mbed-master/gcc4mbed-master/gcc-arm-none-eabi/bin/../lib/gcc/arm-none-eabi/5.2.1/../../../../arm-none-eabi/lib/armv6-m\libc_nano.a(lib_a-signal.o)
                0x00004af0                _raise_r
 .text.raise    0x00004b44       0x14 c:/gcc4mbed-master/gcc4mbed-master/gcc-arm-none-eabi/bin/../lib/gcc/arm-none-eabi/5.2.1/../../../../arm-none-eabi/lib/armv6-m\libc_nano.a(lib_a-signal.o)
                0x00004b44                raise
 .text._kill_r  0x00004b58       0x24 c:/gcc4mbed-master/gcc4mbed-master/gcc-arm-none-eabi/bin/../lib/gcc/arm-none-eabi/5.2.1/../../../../arm-none-eabi/lib/armv6-m\libc_nano.a(lib_a-signalr.o)
                0x00004b58                _kill_r
 .text._getpid_r
                0x00004b7c        0x8 c:/gcc4mbed-master/gcc4mbed-master/gcc-arm-none-eabi/bin/../lib/gcc/arm-none-eabi/5.2.1/../../../../arm-none-eabi/lib/armv6-m\libc_nano.a(lib_a-signalr.o)
                0x00004b7c                _getpid_r