Archive member included to satisfy reference by file (symbol)

c:/gcc4mbed-master/gcc4mbed-master/gcc-arm-none-eabi/bin/../lib/gcc/arm-none-eabi/5.2.1/../../../../arm-none-eabi/lib/armv6-m\libstdc++_nano.a(del_opv.o)
                              C:/Users/hamed/Desktop/CODES/blinky-OS5/.build/tests/SARA_NBIOT_EVK/GCC_ARM/mbed-os/core/hal/common/RawSerial.o (operator delete[](void*))
c:/gcc4mbed-master/gcc4mbed-master/gcc-arm-none-eabi/bin/../lib/gcc/arm-none-eabi/5.2.1/../../../../arm-none-eabi/lib/armv6-m\libstdc++_nano.a(atexit_arm.o)
                              C:/Users/hamed/Desktop/CODES/blinky-OS5/.build/tests/SARA_NBIOT_EVK/GCC_ARM/mbed-os/core/hal/common/FileBase.o (__aeabi_atexit)
c:/gcc4mbed-master/gcc4mbed-master/gcc-arm-none-eabi/bin/../lib/gcc/arm-none-eabi/5.2.1/../../../../arm-none-eabi/lib/armv6-m\libstdc++_nano.a(del_op.o)
                              C:/Users/hamed/Desktop/CODES/blinky-OS5/.build/tests/SARA_NBIOT_EVK/GCC_ARM/mbed-os/core/hal/common/BusIn.o (operator delete(void*))
c:/gcc4mbed-master/gcc4mbed-master/gcc-arm-none-eabi/bin/../lib/gcc/arm-none-eabi/5.2.1/../../../../arm-none-eabi/lib/armv6-m\libstdc++_nano.a(new_op.o)
                              C:/Users/hamed/Desktop/CODES/blinky-OS5/.build/tests/SARA_NBIOT_EVK/GCC_ARM/mbed-os/core/hal/common/BusIn.o (operator new(unsigned int))
c:/gcc4mbed-master/gcc4mbed-master/gcc-arm-none-eabi/bin/../lib/gcc/arm-none-eabi/5.2.1/../../../../arm-none-eabi/lib/armv6-m\libstdc++_nano.a(new_opv.o)
                              C:/Users/hamed/Desktop/CODES/blinky-OS5/.build/tests/SARA_NBIOT_EVK/GCC_ARM/mbed-os/core/hal/common/RawSerial.o (operator new[](unsigned int))
c:/gcc4mbed-master/gcc4mbed-master/gcc-arm-none-eabi/bin/../lib/gcc/arm-none-eabi/5.2.1/../../../../arm-none-eabi/lib/armv6-m\libstdc++_nano.a(new_handler.o)
                              c:/gcc4mbed-master/gcc4mbed-master/gcc-arm-none-eabi/bin/../lib/gcc/arm-none-eabi/5.2.1/../../../../arm-none-eabi/lib/armv6-m\libstdc++_nano.a(new_op.o) (std::get_new_handler())
c:/gcc4mbed-master/gcc4mbed-master/gcc-arm-none-eabi/bin/../lib/gcc/arm-none-eabi/5.2.1/../../../../arm-none-eabi/lib/armv6-m\libm.a(lib_a-s_fpclassify.o)
                              C:/Users/hamed/Desktop/CODES/blinky-OS5/.build/tests/SARA_NBIOT_EVK/GCC_ARM/mbed-os/frameworks/unity/source/unity.o (__fpclassifyd)
c:/gcc4mbed-master/gcc4mbed-master/gcc-arm-none-eabi/bin/../lib/gcc/arm-none-eabi/5.2.1/../../../../arm-none-eabi/lib/armv6-m\libm.a(lib_a-sf_fpclassify.o)
                              C:/Users/hamed/Desktop/CODES/blinky-OS5/.build/tests/SARA_NBIOT_EVK/GCC_ARM/mbed-os/frameworks/unity/source/unity.o (__fpclassifyf)
c:/gcc4mbed-master/gcc4mbed-master/gcc-arm-none-eabi/bin/../lib/gcc/arm-none-eabi/5.2.1/../../../../arm-none-eabi/lib/armv6-m\libc_nano.a(lib_a-abort.o)
                              c:/gcc4mbed-master/gcc4mbed-master/gcc-arm-none-eabi/bin/../lib/gcc/arm-none-eabi/5.2.1/../../../../arm-none-eabi/lib/armv6-m\libstdc++_nano.a(new_op.o) (abort)
c:/gcc4mbed-master/gcc4mbed-master/gcc-arm-none-eabi/bin/../lib/gcc/arm-none-eabi/5.2.1/../../../../arm-none-eabi/lib/armv6-m\libc_nano.a(lib_a-atexit.o)
                              C:/Users/hamed/Desktop/CODES/blinky-OS5/.build/tests/SARA_NBIOT_EVK/GCC_ARM/mbed-os/core/rtos/rtx/TARGET_CORTEX_M/RTX_Conf_CM.o (atexit)
c:/gcc4mbed-master/gcc4mbed-master/gcc-arm-none-eabi/bin/../lib/gcc/arm-none-eabi/5.2.1/../../../../arm-none-eabi/lib/armv6-m\libc_nano.a(lib_a-calloc.o)
                              C:/Users/hamed/Desktop/CODES/blinky-OS5/.build/tests/SARA_NBIOT_EVK/GCC_ARM/mbed-os/features/mbedtls/src/asn1parse.o (calloc)
c:/gcc4mbed-master/gcc4mbed-master/gcc-arm-none-eabi/bin/../lib/gcc/arm-none-eabi/5.2.1/../../../../arm-none-eabi/lib/armv6-m\libc_nano.a(lib_a-ctype_.o)
                              C:/Users/hamed/Desktop/CODES/blinky-OS5/.build/tests/SARA_NBIOT_EVK/GCC_ARM/mbed-os/features/storage/cfstore/source/cfstore_fnmatch.o (__ctype_ptr__)
c:/gcc4mbed-master/gcc4mbed-master/gcc-arm-none-eabi/bin/../lib/gcc/arm-none-eabi/5.2.1/../../../../arm-none-eabi/lib/armv6-m\libc_nano.a(lib_a-cxa_atexit.o)
                              c:/gcc4mbed-master/gcc4mbed-master/gcc-arm-none-eabi/bin/../lib/gcc/arm-none-eabi/5.2.1/../../../../arm-none-eabi/lib/armv6-m\libstdc++_nano.a(atexit_arm.o) (__cxa_atexit)
c:/gcc4mbed-master/gcc4mbed-master/gcc-arm-none-eabi/bin/../lib/gcc/arm-none-eabi/5.2.1/../../../../arm-none-eabi/lib/armv6-m\libc_nano.a(lib_a-errno.o)
                              C:/Users/hamed/Desktop/CODES/blinky-OS5/.build/tests/SARA_NBIOT_EVK/GCC_ARM/mbed-os/core/hal/common/retarget.o (__errno)
c:/gcc4mbed-master/gcc4mbed-master/gcc-arm-none-eabi/bin/../lib/gcc/arm-none-eabi/5.2.1/../../../../arm-none-eabi/lib/armv6-m\libc_nano.a(lib_a-exit.o)
                              c:/gcc4mbed-master/gcc4mbed-master/gcc-arm-none-eabi/bin/../lib/gcc/arm-none-eabi/5.2.1/../../../../arm-none-eabi/lib/armv6-m/crt0.o (exit)
[...]
Memory Configuration

Name             Origin             Length             Attributes
VECTORS          0x00000000         0x000000c0
FLASH_PROGRAM    0x000000c0         0x0000ff40
SRAM             0x01000000         0x00003f00
IPC_MAILBOX      0x01003f00         0x00000100
*default*        0x00000000         0xffffffff

Linker script and memory map

LOAD c:/gcc4mbed-master/gcc4mbed-master/gcc-arm-none-eabi/bin/../lib/gcc/arm-none-eabi/5.2.1/armv6-m/crti.o
LOAD c:/gcc4mbed-master/gcc4mbed-master/gcc-arm-none-eabi/bin/../lib/gcc/arm-none-eabi/5.2.1/armv6-m/crtbegin.o
LOAD c:/gcc4mbed-master/gcc4mbed-master/gcc-arm-none-eabi/bin/../lib/gcc/arm-none-eabi/5.2.1/../../../../arm-none-eabi/lib/armv6-m/crt0.o
LOAD C:/Users/hamed/Desktop/CODES/blinky-OS5/.build/tests/SARA_NBIOT_EVK/GCC_ARM/blinky.o
LOAD C:/Users/hamed/Desktop/CODES/blinky-OS5/.build/tests/SARA_NBIOT_EVK/GCC_ARM/mbed-os/core/hal/common/AnalogIn.o
LOAD C:/Users/hamed/Desktop/CODES/blinky-OS5/.build/tests/SARA_NBIOT_EVK/GCC_ARM/mbed-os/core/hal/common/assert.o
LOAD C:/Users/hamed/Desktop/CODES/blinky-OS5/.build/tests/SARA_NBIOT_EVK/GCC_ARM/mbed-os/core/hal/common/board.o
LOAD C:/Users/hamed/Desktop/CODES/blinky-OS5/.build/tests/SARA_NBIOT_EVK/GCC_ARM/mbed-os/core/hal/common/BusIn.o
LOAD C:/Users/hamed/Desktop/CODES/blinky-OS5/.build/tests/SARA_NBIOT_EVK/GCC_ARM/mbed-os/core/hal/common/BusInOut.o
LOAD C:/Users/hamed/Desktop/CODES/blinky-OS5/.build/tests/SARA_NBIOT_EVK/GCC_ARM/mbed-os/core/hal/common/BusOut.o
LOAD C:/Users/hamed/Desktop/CODES/blinky-OS5/.build/tests/SARA_NBIOT_EVK/GCC_ARM/mbed-os/core/hal/common/CallChain.o
LOAD C:/Users/hamed/Desktop/CODES/blinky-OS5/.build/tests/SARA_NBIOT_EVK/GCC_ARM/mbed-os/core/hal/common/CAN.o
LOAD C:/Users/hamed/Desktop/CODES/blinky-OS5/.build/tests/SARA_NBIOT_EVK/GCC_ARM/mbed-os/core/hal/common/critical.o
LOAD C:/Users/hamed/Desktop/CODES/blinky-OS5/.build/tests/SARA_NBIOT_EVK/GCC_ARM/mbed-os/core/hal/common/error.o
LOAD C:/Users/hamed/Desktop/CODES/blinky-OS5/.build/tests/SARA_NBIOT_EVK/GCC_ARM/mbed-os/core/hal/common/Ethernet.o
LOAD C:/Users/hamed/Desktop/CODES/blinky-OS5/.build/tests/SARA_NBIOT_EVK/GCC_ARM/mbed-os/core/hal/common/FileBase.o
LOAD C:/Users/hamed/Desktop/CODES/blinky-OS5/.build/tests/SARA_NBIOT_EVK/GCC_ARM/mbed-os/core/hal/common/FileLike.o
LOAD C:/Users/hamed/Desktop/CODES/blinky-OS5/.build/tests/SARA_NBIOT_EVK/GCC_ARM/mbed-os/core/hal/common/FilePath.o
LOAD C:/Users/hamed/Desktop/CODES/blinky-OS5/.build/tests/SARA_NBIOT_EVK/GCC_ARM/mbed-os/core/hal/common/FileSystemLike.o
LOAD C:/Users/hamed/Desktop/CODES/blinky-OS5/.build/tests/SARA_NBIOT_EVK/GCC_ARM/mbed-os/core/hal/common/gpio.o
LOAD C:/Users/hamed/Desktop/CODES/blinky-OS5/.build/tests/SARA_NBIOT_EVK/GCC_ARM/mbed-os/core/hal/common/I2C.o
LOAD C:/Users/hamed/Desktop/CODES/blinky-OS5/.build/tests/SARA_NBIOT_EVK/GCC_ARM/mbed-os/core/hal/common/I2CSlave.o
LOAD C:/Users/hamed/Desktop/CODES/blinky-OS5/.build/tests/SARA_NBIOT_EVK/GCC_ARM/mbed-os/core/hal/common/InterruptIn.o
LOAD C:/Users/hamed/Desktop/CODES/blinky-OS5/.build/tests/SARA_NBIOT_EVK/GCC_ARM/mbed-os/core/hal/common/InterruptManager.o
LOAD C:/Users/hamed/Desktop/CODES/blinky-OS5/.build/tests/SARA_NBIOT_EVK/GCC_ARM/mbed-os/core/hal/common/LocalFileSystem.o
LOAD C:/Users/hamed/Desktop/CODES/blinky-OS5/.build/tests/SARA_NBIOT_EVK/GCC_ARM/mbed-os/core/hal/common/lp_ticker_api.o
LOAD C:/Users/hamed/Desktop/CODES/blinky-OS5/.build/tests/SARA_NBIOT_EVK/GCC_ARM/mbed-os/core/hal/common/mbed_interface.o
LOAD C:/Users/hamed/Desktop/CODES/blinky-OS5/.build/tests/SARA_NBIOT_EVK/GCC_ARM/mbed-os/core/hal/common/pinmap_common.o
LOAD C:/Users/hamed/Desktop/CODES/blinky-OS5/.build/tests/SARA_NBIOT_EVK/GCC_ARM/mbed-os/core/hal/common/RawSerial.o
LOAD C:/Users/hamed/Desktop/CODES/blinky-OS5/.build/tests/SARA_NBIOT_EVK/GCC_ARM/mbed-os/core/hal/common/retarget.o
LOAD C:/Users/hamed/Desktop/CODES/blinky-OS5/.build/tests/SARA_NBIOT_EVK/GCC_ARM/mbed-os/core/hal/common/rtc_time.o
LOAD C:/Users/hamed/Desktop/CODES/blinky-OS5/.build/tests/SARA_NBIOT_EVK/GCC_ARM/mbed-os/core/hal/common/semihost_api.o
LOAD C:/Users/hamed/Desktop/CODES/blinky-OS5/.build/tests/SARA_NBIOT_EVK/GCC_ARM/mbed-os/core/hal/common/Serial.o
LOAD C:/Users/hamed/Desktop/CODES/blinky-OS5/.build/tests/SARA_NBIOT_EVK/GCC_ARM/mbed-os/core/hal/common/SerialBase.o
LOAD C:/Users/hamed/Desktop/CODES/blinky-OS5/.build/tests/SARA_NBIOT_EVK/GCC_ARM/mbed-os/core/hal/common/SPI.o
LOAD C:/Users/hamed/Desktop/CODES/blinky-OS5/.build/tests/SARA_NBIOT_EVK/GCC_ARM/mbed-os/core/hal/common/SPISlave.o
LOAD C:/Users/hamed/Desktop/CODES/blinky-OS5/.build/tests/SARA_NBIOT_EVK/GCC_ARM/mbed-os/core/hal/common/Stream.o
LOAD C:/Users/hamed/Desktop/CODES/blinky-OS5/.build/tests/SARA_NBIOT_EVK/GCC_ARM/mbed-os/core/hal/common/Ticker.o
LOAD C:/Users/hamed/Desktop/CODES/blinky-OS5/.build/tests/SARA_NBIOT_EVK/GCC_ARM/mbed-os/core/hal/common/ticker_api.o
LOAD C:/Users/hamed/Desktop/CODES/blinky-OS5/.build/tests/SARA_NBIOT_EVK/GCC_ARM/mbed-os/core/hal/common/Timeout.o
LOAD C:/Users/hamed/Desktop/CODES/blinky-OS5/.build/tests/SARA_NBIOT_EVK/GCC_ARM/mbed-os/core/hal/common/Timer.o
LOAD C:/Users/hamed/Desktop/CODES/blinky-OS5/.build/tests/SARA_NBIOT_EVK/GCC_ARM/mbed-os/core/hal/common/TimerEvent.o
LOAD C:/Users/hamed/Desktop/CODES/blinky-OS5/.build/tests/SARA_NBIOT_EVK/GCC_ARM/mbed-os/core/hal/common/us_ticker_api.o
LOAD C:/Users/hamed/Desktop/CODES/blinky-OS5/.build/tests/SARA_NBIOT_EVK/GCC_ARM/mbed-os/core/hal/common/wait_api.o
LOAD C:/Users/hamed/Desktop/CODES/blinky-OS5/.build/tests/SARA_NBIOT_EVK/GCC_ARM/mbed-os/core/hal/targets/cmsis/TARGET_ublox/TARGET_HI2110/cmsis_nvic.o
LOAD C:/Users/hamed/Desktop/CODES/blinky-OS5/.build/tests/SARA_NBIOT_EVK/GCC_ARM/mbed-os/core/hal/targets/cmsis/TARGET_ublox/TARGET_HI2110/system_HI2110.o
LOAD C:/Users/hamed/Desktop/CODES/blinky-OS5/.build/tests/SARA_NBIOT_EVK/GCC_ARM/mbed-os/core/hal/targets/cmsis/TARGET_ublox/TARGET_HI2110/TOOLCHAIN_GCC_ARM/startup_HI2110.o
LOAD C:/Users/hamed/Desktop/CODES/blinky-OS5/.build/tests/SARA_NBIOT_EVK/GCC_ARM/mbed-os/core/hal/targets/hal/TARGET_ublox/TARGET_HI2110/gpio_api.o
LOAD C:/Users/hamed/Desktop/CODES/blinky-OS5/.build/tests/SARA_NBIOT_EVK/GCC_ARM/mbed-os/core/hal/targets/hal/TARGET_ublox/TARGET_HI2110/gpio_irq_api.o
LOAD C:/Users/hamed/Desktop/CODES/blinky-OS5/.build/tests/SARA_NBIOT_EVK/GCC_ARM/mbed-os/core/hal/targets/hal/TARGET_ublox/TARGET_HI2110/HI2110_init.o
LOAD C:/Users/hamed/Desktop/CODES/blinky-OS5/.build/tests/SARA_NBIOT_EVK/GCC_ARM/mbed-os/core/hal/targets/hal/TARGET_ublox/TARGET_HI2110/lp_ticker.o
LOAD C:/Users/hamed/Desktop/CODES/blinky-OS5/.build/tests/SARA_NBIOT_EVK/GCC_ARM/mbed-os/core/hal/targets/hal/TARGET_ublox/TARGET_HI2110/mbed_overrides.o
LOAD C:/Users/hamed/Desktop/CODES/blinky-OS5/.build/tests/SARA_NBIOT_EVK/GCC_ARM/mbed-os/core/hal/targets/hal/TARGET_ublox/TARGET_HI2110/pinmap.o
LOAD C:/Users/hamed/Desktop/CODES/blinky-OS5/.build/tests/SARA_NBIOT_EVK/GCC_ARM/mbed-os/core/hal/targets/hal/TARGET_ublox/TARGET_HI2110/port_api.o
LOAD C:/Users/hamed/Desktop/CODES/blinky-OS5/.build/tests/SARA_NBIOT_EVK/GCC_ARM/mbed-os/core/hal/targets/hal/TARGET_ublox/TARGET_HI2110/serial_api.o
LOAD C:/Users/hamed/Desktop/CODES/blinky-OS5/.build/tests/SARA_NBIOT_EVK/GCC_ARM/mbed-os/core/hal/targets/hal/TARGET_ublox/TARGET_HI2110/sleep.o
LOAD C:/Users/hamed/Desktop/CODES/blinky-OS5/.build/tests/SARA_NBIOT_EVK/GCC_ARM/mbed-os/core/hal/targets/hal/TARGET_ublox/TARGET_HI2110/us_ticker.o
LOAD C:/Users/hamed/Desktop/CODES/blinky-OS5/.build/tests/SARA_NBIOT_EVK/GCC_ARM/mbed-os/core/rtos/rtos/Mutex.o
LOAD C:/Users/hamed/Desktop/CODES/blinky-OS5/.build/tests/SARA_NBIOT_EVK/GCC_ARM/mbed-os/core/rtos/rtos/RtosTimer.o
LOAD C:/Users/hamed/Desktop/CODES/blinky-OS5/.build/tests/SARA_NBIOT_EVK/GCC_ARM/mbed-os/core/rtos/rtos/rtos_idle.o
LOAD C:/Users/hamed/Desktop/CODES/blinky-OS5/.build/tests/SARA_NBIOT_EVK/GCC_ARM/mbed-os/core/rtos/rtos/Semaphore.o
LOAD C:/Users/hamed/Desktop/CODES/blinky-OS5/.build/tests/SARA_NBIOT_EVK/GCC_ARM/mbed-os/core/rtos/rtos/Thread.o
LOAD C:/Users/hamed/Desktop/CODES/blinky-OS5/.build/tests/SARA_NBIOT_EVK/GCC_ARM/mbed-os/core/rtos/rtx/TARGET_CORTEX_M/HAL_CM.o
LOAD C:/Users/hamed/Desktop/CODES/blinky-OS5/.build/tests/SARA_NBIOT_EVK/GCC_ARM/mbed-os/core/rtos/rtx/TARGET_CORTEX_M/RTX_Conf_CM.o
LOAD C:/Users/hamed/Desktop/CODES/blinky-OS5/.build/tests/SARA_NBIOT_EVK/GCC_ARM/mbed-os/core/rtos/rtx/TARGET_CORTEX_M/rt_CMSIS.o
LOAD C:/Users/hamed/Desktop/CODES/blinky-OS5/.build/tests/SARA_NBIOT_EVK/GCC_ARM/mbed-os/core/rtos/rtx/TARGET_CORTEX_M/rt_Event.o
LOAD C:/Users/hamed/Desktop/CODES/blinky-OS5/.build/tests/SARA_NBIOT_EVK/GCC_ARM/mbed-os/core/rtos/rtx/TARGET_CORTEX_M/rt_List.o
LOAD C:/Users/hamed/Desktop/CODES/blinky-OS5/.build/tests/SARA_NBIOT_EVK/GCC_ARM/mbed-os/core/rtos/rtx/TARGET_CORTEX_M/rt_Mailbox.o
LOAD C:/Users/hamed/Desktop/CODES/blinky-OS5/.build/tests/SARA_NBIOT_EVK/GCC_ARM/mbed-os/core/rtos/rtx/TARGET_CORTEX_M/rt_MemBox.o
LOAD C:/Users/hamed/Desktop/CODES/blinky-OS5/.build/tests/SARA_NBIOT_EVK/GCC_ARM/mbed-os/core/rtos/rtx/TARGET_CORTEX_M/rt_Memory.o
LOAD C:/Users/hamed/Desktop/CODES/blinky-OS5/.build/tests/SARA_NBIOT_EVK/GCC_ARM/mbed-os/core/rtos/rtx/TARGET_CORTEX_M/rt_Mutex.o
LOAD C:/Users/hamed/Desktop/CODES/blinky-OS5/.build/tests/SARA_NBIOT_EVK/GCC_ARM/mbed-os/core/rtos/rtx/TARGET_CORTEX_M/rt_OsEventObserver.o
LOAD C:/Users/hamed/Desktop/CODES/blinky-OS5/.build/tests/SARA_NBIOT_EVK/GCC_ARM/mbed-os/core/rtos/rtx/TARGET_CORTEX_M/rt_Robin.o
LOAD C:/Users/hamed/Desktop/CODES/blinky-OS5/.build/tests/SARA_NBIOT_EVK/GCC_ARM/mbed-os/core/rtos/rtx/TARGET_CORTEX_M/rt_Semaphore.o
LOAD C:/Users/hamed/Desktop/CODES/blinky-OS5/.build/tests/SARA_NBIOT_EVK/GCC_ARM/mbed-os/core/rtos/rtx/TARGET_CORTEX_M/rt_System.o
LOAD C:/Users/hamed/Desktop/CODES/blinky-OS5/.build/tests/SARA_NBIOT_EVK/GCC_ARM/mbed-os/core/rtos/rtx/TARGET_CORTEX_M/rt_Task.o
LOAD C:/Users/hamed/Desktop/CODES/blinky-OS5/.build/tests/SARA_NBIOT_EVK/GCC_ARM/mbed-os/core/rtos/rtx/TARGET_CORTEX_M/rt_Time.o
LOAD C:/Users/hamed/Desktop/CODES/blinky-OS5/.build/tests/SARA_NBIOT_EVK/GCC_ARM/mbed-os/core/rtos/rtx/TARGET_CORTEX_M/rt_Timer.o
LOAD C:/Users/hamed/Desktop/CODES/blinky-OS5/.build/tests/SARA_NBIOT_EVK/GCC_ARM/mbed-os/core/rtos/rtx/TARGET_CORTEX_M/TARGET_M0/TOOLCHAIN_GCC/HAL_CM0.o
LOAD C:/Users/hamed/Desktop/CODES/blinky-OS5/.build/tests/SARA_NBIOT_EVK/GCC_ARM/mbed-os/core/rtos/rtx/TARGET_CORTEX_M/TARGET_M0/TOOLCHAIN_GCC/SVC_Table.o
LOAD C:/Users/hamed/Desktop/CODES/blinky-OS5/.build/tests/SARA_NBIOT_EVK/GCC_ARM/mbed-os/drivers/ESP8266Interface/ESP8266Interface.o
LOAD C:/Users/hamed/Desktop/CODES/blinky-OS5/.build/tests/SARA_NBIOT_EVK/GCC_ARM/mbed-os/drivers/ESP8266Interface/ESP8266/ESP8266.o
LOAD C:/Users/hamed/Desktop/CODES/blinky-OS5/.build/tests/SARA_NBIOT_EVK/GCC_ARM/mbed-os/drivers/ESP8266Interface/ESP8266/ATParser/ATParser.o
LOAD C:/Users/hamed/Desktop/CODES/blinky-OS5/.build/tests/SARA_NBIOT_EVK/GCC_ARM/mbed-os/drivers/ESP8266Interface/ESP8266/ATParser/BufferedSerial/BufferedPrint.o
LOAD C:/Users/hamed/Desktop/CODES/blinky-OS5/.build/tests/SARA_NBIOT_EVK/GCC_ARM/mbed-os/drivers/ESP8266Interface/ESP8266/ATParser/BufferedSerial/BufferedSerial.o
LOAD C:/Users/hamed/Desktop/CODES/blinky-OS5/.build/tests/SARA_NBIOT_EVK/GCC_ARM/mbed-os/drivers/ESP8266Interface/ESP8266/ATParser/BufferedSerial/Buffer/MyBuffer.o
LOAD C:/Users/hamed/Desktop/CODES/blinky-OS5/.build/tests/SARA_NBIOT_EVK/GCC_ARM/mbed-os/features/mbedtls/src/aes.o
LOAD C:/Users/hamed/Desktop/CODES/blinky-OS5/.build/tests/SARA_NBIOT_EVK/GCC_ARM/mbed-os/features/mbedtls/src/aesni.o
LOAD C:/Users/hamed/Desktop/CODES/blinky-OS5/.build/tests/SARA_NBIOT_EVK/GCC_ARM/mbed-os/features/mbedtls/src/arc4.o
LOAD C:/Users/hamed/Desktop/CODES/blinky-OS5/.build/tests/SARA_NBIOT_EVK/GCC_ARM/mbed-os/features/mbedtls/src/asn1parse.o
LOAD C:/Users/hamed/Desktop/CODES/blinky-OS5/.build/tests/SARA_NBIOT_EVK/GCC_ARM/mbed-os/features/mbedtls/src/asn1write.o
LOAD C:/Users/hamed/Desktop/CODES/blinky-OS5/.build/tests/SARA_NBIOT_EVK/GCC_ARM/mbed-os/features/mbedtls/src/base64.o
LOAD C:/Users/hamed/Desktop/CODES/blinky-OS5/.build/tests/SARA_NBIOT_EVK/GCC_ARM/mbed-os/features/mbedtls/src/bignum.o
LOAD C:/Users/hamed/Desktop/CODES/blinky-OS5/.build/tests/SARA_NBIOT_EVK/GCC_ARM/mbed-os/features/mbedtls/src/blowfish.o
LOAD C:/Users/hamed/Desktop/CODES/blinky-OS5/.build/tests/SARA_NBIOT_EVK/GCC_ARM/mbed-os/features/mbedtls/src/camellia.o
LOAD C:/Users/hamed/Desktop/CODES/blinky-OS5/.build/tests/SARA_NBIOT_EVK/GCC_ARM/mbed-os/features/mbedtls/src/ccm.o
LOAD C:/Users/hamed/Desktop/CODES/blinky-OS5/.build/tests/SARA_NBIOT_EVK/GCC_ARM/mbed-os/features/mbedtls/src/certs.o
LOAD C:/Users/hamed/Desktop/CODES/blinky-OS5/.build/tests/SARA_NBIOT_EVK/GCC_ARM/mbed-os/features/mbedtls/src/cipher.o
LOAD C:/Users/hamed/Desktop/CODES/blinky-OS5/.build/tests/SARA_NBIOT_EVK/GCC_ARM/mbed-os/features/mbedtls/src/cipher_wrap.o
LOAD C:/Users/hamed/Desktop/CODES/blinky-OS5/.build/tests/SARA_NBIOT_EVK/GCC_ARM/mbed-os/features/mbedtls/src/ctr_drbg.o
LOAD C:/Users/hamed/Desktop/CODES/blinky-OS5/.build/tests/SARA_NBIOT_EVK/GCC_ARM/mbed-os/features/mbedtls/src/debug.o
LOAD C:/Users/hamed/Desktop/CODES/blinky-OS5/.build/tests/SARA_NBIOT_EVK/GCC_ARM/mbed-os/features/mbedtls/src/des.o
LOAD C:/Users/hamed/Desktop/CODES/blinky-OS5/.build/tests/SARA_NBIOT_EVK/GCC_ARM/mbed-os/features/mbedtls/src/dhm.o
LOAD C:/Users/hamed/Desktop/CODES/blinky-OS5/.build/tests/SARA_NBIOT_EVK/GCC_ARM/mbed-os/features/mbedtls/src/ecdh.o
LOAD C:/Users/hamed/Desktop/CODES/blinky-OS5/.build/tests/SARA_NBIOT_EVK/GCC_ARM/mbed-os/features/mbedtls/src/ecdsa.o
LOAD C:/Users/hamed/Desktop/CODES/blinky-OS5/.build/tests/SARA_NBIOT_EVK/GCC_ARM/mbed-os/features/mbedtls/src/ecjpake.o
LOAD C:/Users/hamed/Desktop/CODES/blinky-OS5/.build/tests/SARA_NBIOT_EVK/GCC_ARM/mbed-os/features/mbedtls/src/ecp.o
LOAD C:/Users/hamed/Desktop/CODES/blinky-OS5/.build/tests/SARA_NBIOT_EVK/GCC_ARM/mbed-os/features/mbedtls/src/ecp_curves.o
LOAD C:/Users/hamed/Desktop/CODES/blinky-OS5/.build/tests/SARA_NBIOT_EVK/GCC_ARM/mbed-os/features/mbedtls/src/entropy.o
LOAD C:/Users/hamed/Desktop/CODES/blinky-OS5/.build/tests/SARA_NBIOT_EVK/GCC_ARM/mbed-os/features/mbedtls/src/entropy_poll.o
LOAD C:/Users/hamed/Desktop/CODES/blinky-OS5/.build/tests/SARA_NBIOT_EVK/GCC_ARM/mbed-os/features/mbedtls/src/error.o
LOAD C:/Users/hamed/Desktop/CODES/blinky-OS5/.build/tests/SARA_NBIOT_EVK/GCC_ARM/mbed-os/features/mbedtls/src/gcm.o
LOAD C:/Users/hamed/Desktop/CODES/blinky-OS5/.build/tests/SARA_NBIOT_EVK/GCC_ARM/mbed-os/features/mbedtls/src/havege.o
LOAD C:/Users/hamed/Desktop/CODES/blinky-OS5/.build/tests/SARA_NBIOT_EVK/GCC_ARM/mbed-os/features/mbedtls/src/hmac_drbg.o
LOAD C:/Users/hamed/Desktop/CODES/blinky-OS5/.build/tests/SARA_NBIOT_EVK/GCC_ARM/mbed-os/features/mbedtls/src/md.o
LOAD C:/Users/hamed/Desktop/CODES/blinky-OS5/.build/tests/SARA_NBIOT_EVK/GCC_ARM/mbed-os/features/mbedtls/src/md2.o
LOAD C:/Users/hamed/Desktop/CODES/blinky-OS5/.build/tests/SARA_NBIOT_EVK/GCC_ARM/mbed-os/features/mbedtls/src/md4.o
LOAD C:/Users/hamed/Desktop/CODES/blinky-OS5/.build/tests/SARA_NBIOT_EVK/GCC_ARM/mbed-os/features/mbedtls/src/md5.o
LOAD C:/Users/hamed/Desktop/CODES/blinky-OS5/.build/tests/SARA_NBIOT_EVK/GCC_ARM/mbed-os/features/mbedtls/src/md_wrap.o
LOAD C:/Users/hamed/Desktop/CODES/blinky-OS5/.build/tests/SARA_NBIOT_EVK/GCC_ARM/mbed-os/features/mbedtls/src/memory_buffer_alloc.o
LOAD C:/Users/hamed/Desktop/CODES/blinky-OS5/.build/tests/SARA_NBIOT_EVK/GCC_ARM/mbed-os/features/mbedtls/src/net.o
LOAD C:/Users/hamed/Desktop/CODES/blinky-OS5/.build/tests/SARA_NBIOT_EVK/GCC_ARM/mbed-os/features/mbedtls/src/oid.o
LOAD C:/Users/hamed/Desktop/CODES/blinky-OS5/.build/tests/SARA_NBIOT_EVK/GCC_ARM/mbed-os/features/mbedtls/src/padlock.o
LOAD C:/Users/hamed/Desktop/CODES/blinky-OS5/.build/tests/SARA_NBIOT_EVK/GCC_ARM/mbed-os/features/mbedtls/src/pem.o
LOAD C:/Users/hamed/Desktop/CODES/blinky-OS5/.build/tests/SARA_NBIOT_EVK/GCC_ARM/mbed-os/features/mbedtls/src/pk.o
LOAD C:/Users/hamed/Desktop/CODES/blinky-OS5/.build/tests/SARA_NBIOT_EVK/GCC_ARM/mbed-os/features/mbedtls/src/pkcs11.o
LOAD C:/Users/hamed/Desktop/CODES/blinky-OS5/.build/tests/SARA_NBIOT_EVK/GCC_ARM/mbed-os/features/mbedtls/src/pkcs12.o
LOAD C:/Users/hamed/Desktop/CODES/blinky-OS5/.build/tests/SARA_NBIOT_EVK/GCC_ARM/mbed-os/features/mbedtls/src/pkcs5.o
LOAD C:/Users/hamed/Desktop/CODES/blinky-OS5/.build/tests/SARA_NBIOT_EVK/GCC_ARM/mbed-os/features/mbedtls/src/pkparse.o
LOAD C:/Users/hamed/Desktop/CODES/blinky-OS5/.build/tests/SARA_NBIOT_EVK/GCC_ARM/mbed-os/features/mbedtls/src/pkwrite.o
LOAD C:/Users/hamed/Desktop/CODES/blinky-OS5/.build/tests/SARA_NBIOT_EVK/GCC_ARM/mbed-os/features/mbedtls/src/pk_wrap.o
LOAD C:/Users/hamed/Desktop/CODES/blinky-OS5/.build/tests/SARA_NBIOT_EVK/GCC_ARM/mbed-os/features/mbedtls/src/platform.o
LOAD C:/Users/hamed/Desktop/CODES/blinky-OS5/.build/tests/SARA_NBIOT_EVK/GCC_ARM/mbed-os/features/mbedtls/src/ripemd160.o
LOAD C:/Users/hamed/Desktop/CODES/blinky-OS5/.build/tests/SARA_NBIOT_EVK/GCC_ARM/mbed-os/features/mbedtls/src/rsa.o
LOAD C:/Users/hamed/Desktop/CODES/blinky-OS5/.build/tests/SARA_NBIOT_EVK/GCC_ARM/mbed-os/features/mbedtls/src/sha1.o
LOAD C:/Users/hamed/Desktop/CODES/blinky-OS5/.build/tests/SARA_NBIOT_EVK/GCC_ARM/mbed-os/features/mbedtls/src/sha256.o
LOAD C:/Users/hamed/Desktop/CODES/blinky-OS5/.build/tests/SARA_NBIOT_EVK/GCC_ARM/mbed-os/features/mbedtls/src/sha512.o
LOAD C:/Users/hamed/Desktop/CODES/blinky-OS5/.build/tests/SARA_NBIOT_EVK/GCC_ARM/mbed-os/features/mbedtls/src/ssl_cache.o
LOAD C:/Users/hamed/Desktop/CODES/blinky-OS5/.build/tests/SARA_NBIOT_EVK/GCC_ARM/mbed-os/features/mbedtls/src/ssl_ciphersuites.o
LOAD C:/Users/hamed/Desktop/CODES/blinky-OS5/.build/tests/SARA_NBIOT_EVK/GCC_ARM/mbed-os/features/mbedtls/src/ssl_cli.o
LOAD C:/Users/hamed/Desktop/CODES/blinky-OS5/.build/tests/SARA_NBIOT_EVK/GCC_ARM/mbed-os/features/mbedtls/src/ssl_cookie.o
LOAD C:/Users/hamed/Desktop/CODES/blinky-OS5/.build/tests/SARA_NBIOT_EVK/GCC_ARM/mbed-os/features/mbedtls/src/ssl_srv.o
LOAD C:/Users/hamed/Desktop/CODES/blinky-OS5/.build/tests/SARA_NBIOT_EVK/GCC_ARM/mbed-os/features/mbedtls/src/ssl_ticket.o
LOAD C:/Users/hamed/Desktop/CODES/blinky-OS5/.build/tests/SARA_NBIOT_EVK/GCC_ARM/mbed-os/features/mbedtls/src/ssl_tls.o
LOAD C:/Users/hamed/Desktop/CODES/blinky-OS5/.build/tests/SARA_NBIOT_EVK/GCC_ARM/mbed-os/features/mbedtls/src/threading.o
LOAD C:/Users/hamed/Desktop/CODES/blinky-OS5/.build/tests/SARA_NBIOT_EVK/GCC_ARM/mbed-os/features/mbedtls/src/timing.o
LOAD C:/Users/hamed/Desktop/CODES/blinky-OS5/.build/tests/SARA_NBIOT_EVK/GCC_ARM/mbed-os/features/mbedtls/src/version.o
LOAD C:/Users/hamed/Desktop/CODES/blinky-OS5/.build/tests/SARA_NBIOT_EVK/GCC_ARM/mbed-os/features/mbedtls/src/version_features.o
LOAD C:/Users/hamed/Desktop/CODES/blinky-OS5/.build/tests/SARA_NBIOT_EVK/GCC_ARM/mbed-os/features/mbedtls/src/x509.o
LOAD C:/Users/hamed/Desktop/CODES/blinky-OS5/.build/tests/SARA_NBIOT_EVK/GCC_ARM/mbed-os/features/mbedtls/src/x509write_crt.o
LOAD C:/Users/hamed/Desktop/CODES/blinky-OS5/.build/tests/SARA_NBIOT_EVK/GCC_ARM/mbed-os/features/mbedtls/src/x509write_csr.o
LOAD C:/Users/hamed/Desktop/CODES/blinky-OS5/.build/tests/SARA_NBIOT_EVK/GCC_ARM/mbed-os/features/mbedtls/src/x509_create.o
LOAD C:/Users/hamed/Desktop/CODES/blinky-OS5/.build/tests/SARA_NBIOT_EVK/GCC_ARM/mbed-os/features/mbedtls/src/x509_crl.o
LOAD C:/Users/hamed/Desktop/CODES/blinky-OS5/.build/tests/SARA_NBIOT_EVK/GCC_ARM/mbed-os/features/mbedtls/src/x509_crt.o
LOAD C:/Users/hamed/Desktop/CODES/blinky-OS5/.build/tests/SARA_NBIOT_EVK/GCC_ARM/mbed-os/features/mbedtls/src/x509_csr.o
LOAD C:/Users/hamed/Desktop/CODES/blinky-OS5/.build/tests/SARA_NBIOT_EVK/GCC_ARM/mbed-os/features/mbedtls/src/xtea.o
LOAD C:/Users/hamed/Desktop/CODES/blinky-OS5/.build/tests/SARA_NBIOT_EVK/GCC_ARM/mbed-os/features/NetworkSocketAPI/NetworkStack.o
LOAD C:/Users/hamed/Desktop/CODES/blinky-OS5/.build/tests/SARA_NBIOT_EVK/GCC_ARM/mbed-os/features/NetworkSocketAPI/Socket.o
LOAD C:/Users/hamed/Desktop/CODES/blinky-OS5/.build/tests/SARA_NBIOT_EVK/GCC_ARM/mbed-os/features/NetworkSocketAPI/SocketAddress.o
LOAD C:/Users/hamed/Desktop/CODES/blinky-OS5/.build/tests/SARA_NBIOT_EVK/GCC_ARM/mbed-os/features/NetworkSocketAPI/TCPServer.o
LOAD C:/Users/hamed/Desktop/CODES/blinky-OS5/.build/tests/SARA_NBIOT_EVK/GCC_ARM/mbed-os/features/NetworkSocketAPI/TCPSocket.o
LOAD C:/Users/hamed/Desktop/CODES/blinky-OS5/.build/tests/SARA_NBIOT_EVK/GCC_ARM/mbed-os/features/NetworkSocketAPI/UDPSocket.o
LOAD C:/Users/hamed/Desktop/CODES/blinky-OS5/.build/tests/SARA_NBIOT_EVK/GCC_ARM/mbed-os/features/NetworkSocketAPI/DnsQuery/DnsQuery.o
LOAD C:/Users/hamed/Desktop/CODES/blinky-OS5/.build/tests/SARA_NBIOT_EVK/GCC_ARM/mbed-os/features/storage/cfstore/source/cfstore_fnmatch.o
LOAD C:/Users/hamed/Desktop/CODES/blinky-OS5/.build/tests/SARA_NBIOT_EVK/GCC_ARM/mbed-os/features/storage/cfstore/source/cfstore_test.o
LOAD C:/Users/hamed/Desktop/CODES/blinky-OS5/.build/tests/SARA_NBIOT_EVK/GCC_ARM/mbed-os/features/storage/cfstore/source/configuration_store.o
LOAD C:/Users/hamed/Desktop/CODES/blinky-OS5/.build/tests/SARA_NBIOT_EVK/GCC_ARM/mbed-os/features/storage/flash-journal/flash-journal-strategy-sequential/strategy.o
LOAD C:/Users/hamed/Desktop/CODES/blinky-OS5/.build/tests/SARA_NBIOT_EVK/GCC_ARM/mbed-os/features/storage/flash-journal/flash-journal-strategy-sequential/support_funcs.o
LOAD C:/Users/hamed/Desktop/CODES/blinky-OS5/.build/tests/SARA_NBIOT_EVK/GCC_ARM/mbed-os/frameworks/greentea-client/source/test_env.o
LOAD C:/Users/hamed/Desktop/CODES/blinky-OS5/.build/tests/SARA_NBIOT_EVK/GCC_ARM/mbed-os/frameworks/unity/source/unity.o
LOAD C:/Users/hamed/Desktop/CODES/blinky-OS5/.build/tests/SARA_NBIOT_EVK/GCC_ARM/mbed-os/frameworks/utest/mbed-utest-shim.o
LOAD C:/Users/hamed/Desktop/CODES/blinky-OS5/.build/tests/SARA_NBIOT_EVK/GCC_ARM/mbed-os/frameworks/utest/source/unity_handler.o
LOAD C:/Users/hamed/Desktop/CODES/blinky-OS5/.build/tests/SARA_NBIOT_EVK/GCC_ARM/mbed-os/frameworks/utest/source/utest_case.o
LOAD C:/Users/hamed/Desktop/CODES/blinky-OS5/.build/tests/SARA_NBIOT_EVK/GCC_ARM/mbed-os/frameworks/utest/source/utest_default_handlers.o
LOAD C:/Users/hamed/Desktop/CODES/blinky-OS5/.build/tests/SARA_NBIOT_EVK/GCC_ARM/mbed-os/frameworks/utest/source/utest_greentea_handlers.o
LOAD C:/Users/hamed/Desktop/CODES/blinky-OS5/.build/tests/SARA_NBIOT_EVK/GCC_ARM/mbed-os/frameworks/utest/source/utest_harness.o
LOAD C:/Users/hamed/Desktop/CODES/blinky-OS5/.build/tests/SARA_NBIOT_EVK/GCC_ARM/mbed-os/frameworks/utest/source/utest_serial.o
LOAD C:/Users/hamed/Desktop/CODES/blinky-OS5/.build/tests/SARA_NBIOT_EVK/GCC_ARM/mbed-os/frameworks/utest/source/utest_shim.o
LOAD C:/Users/hamed/Desktop/CODES/blinky-OS5/.build/tests/SARA_NBIOT_EVK/GCC_ARM/mbed-os/frameworks/utest/source/utest_stack_trace.o
LOAD C:/Users/hamed/Desktop/CODES/blinky-OS5/.build/tests/SARA_NBIOT_EVK/GCC_ARM/mbed-os/frameworks/utest/source/utest_types.o
LOAD C:/Users/hamed/Desktop/CODES/blinky-OS5/.build/tests/SARA_NBIOT_EVK/GCC_ARM/./mbed-os/TESTS/mbed_drivers/rtc/./main.o
START GROUP
LOAD c:/gcc4mbed-master/gcc4mbed-master/gcc-arm-none-eabi/bin/../lib/gcc/arm-none-eabi/5.2.1/../../../../arm-none-eabi/lib/armv6-m\libstdc++_nano.a
LOAD c:/gcc4mbed-master/gcc4mbed-master/gcc-arm-none-eabi/bin/../lib/gcc/arm-none-eabi/5.2.1/../../../../arm-none-eabi/lib/armv6-m\libsupc++_nano.a
LOAD c:/gcc4mbed-master/gcc4mbed-master/gcc-arm-none-eabi/bin/../lib/gcc/arm-none-eabi/5.2.1/../../../../arm-none-eabi/lib/armv6-m\libm.a
LOAD c:/gcc4mbed-master/gcc4mbed-master/gcc-arm-none-eabi/bin/../lib/gcc/arm-none-eabi/5.2.1/../../../../arm-none-eabi/lib/armv6-m\libc_nano.a
LOAD c:/gcc4mbed-master/gcc4mbed-master/gcc-arm-none-eabi/bin/../lib/gcc/arm-none-eabi/5.2.1/armv6-m\libgcc.a
LOAD c:/gcc4mbed-master/gcc4mbed-master/gcc-arm-none-eabi/bin/../lib/gcc/arm-none-eabi/5.2.1/../../../../arm-none-eabi/lib/armv6-m\libnosys.a
END GROUP
LOAD c:/gcc4mbed-master/gcc4mbed-master/gcc-arm-none-eabi/bin/../lib/gcc/arm-none-eabi/5.2.1/../../../../arm-none-eabi/lib/armv6-m\libstdc++_nano.a
LOAD c:/gcc4mbed-master/gcc4mbed-master/gcc-arm-none-eabi/bin/../lib/gcc/arm-none-eabi/5.2.1/../../../../arm-none-eabi/lib/armv6-m\libsupc++_nano.a
LOAD c:/gcc4mbed-master/gcc4mbed-master/gcc-arm-none-eabi/bin/../lib/gcc/arm-none-eabi/5.2.1/../../../../arm-none-eabi/lib/armv6-m\libm.a
LOAD c:/gcc4mbed-master/gcc4mbed-master/gcc-arm-none-eabi/bin/../lib/gcc/arm-none-eabi/5.2.1/../../../../arm-none-eabi/lib/armv6-m\libc_nano.a
LOAD c:/gcc4mbed-master/gcc4mbed-master/gcc-arm-none-eabi/bin/../lib/gcc/arm-none-eabi/5.2.1/armv6-m\libgcc.a
LOAD c:/gcc4mbed-master/gcc4mbed-master/gcc-arm-none-eabi/bin/../lib/gcc/arm-none-eabi/5.2.1/../../../../arm-none-eabi/lib/armv6-m\libnosys.a
START GROUP
LOAD c:/gcc4mbed-master/gcc4mbed-master/gcc-arm-none-eabi/bin/../lib/gcc/arm-none-eabi/5.2.1/armv6-m\libgcc.a
LOAD c:/gcc4mbed-master/gcc4mbed-master/gcc-arm-none-eabi/bin/../lib/gcc/arm-none-eabi/5.2.1/../../../../arm-none-eabi/lib/armv6-m\libc_nano.a
END GROUP
START GROUP
LOAD c:/gcc4mbed-master/gcc4mbed-master/gcc-arm-none-eabi/bin/../lib/gcc/arm-none-eabi/5.2.1/armv6-m\libgcc.a
LOAD c:/gcc4mbed-master/gcc4mbed-master/gcc-arm-none-eabi/bin/../lib/gcc/arm-none-eabi/5.2.1/../../../../arm-none-eabi/lib/armv6-m\libc_nano.a
END GROUP
LOAD c:/gcc4mbed-master/gcc4mbed-master/gcc-arm-none-eabi/bin/../lib/gcc/arm-none-eabi/5.2.1/armv6-m/crtend.o
LOAD c:/gcc4mbed-master/gcc4mbed-master/gcc-arm-none-eabi/bin/../lib/gcc/arm-none-eabi/5.2.1/armv6-m/crtn.o
                0x00000000                . = 0x0

startup         0x00000000       0x88
 *(.isr_vector)
 .isr_vector    0x00000000       0x88 C:/Users/hamed/Desktop/CODES/blinky-OS5/.build/tests/SARA_NBIOT_EVK/GCC_ARM/mbed-os/core/hal/targets/cmsis/TARGET_ublox/TARGET_HI2110/TOOLCHAIN_GCC_ARM/startup_HI2110.o
                0x00000000                g_pfnVectors

.text           0x000000c0     0x8320
                0x000000c0                . = ALIGN (0x4)
 *(.text)
 .text          0x000000c0       0xb4 c:/gcc4mbed-master/gcc4mbed-master/gcc-arm-none-eabi/bin/../lib/gcc/arm-none-eabi/5.2.1/armv6-m/crtbegin.o
 .text          0x00000174       0x78 c:/gcc4mbed-master/gcc4mbed-master/gcc-arm-none-eabi/bin/../lib/gcc/arm-none-eabi/5.2.1/../../../../arm-none-eabi/lib/armv6-m/crt0.o
                0x00000174                _start
                0x00000174                _mainCRTStartup
 .text          0x000001ec      0x154 C:/Users/hamed/Desktop/CODES/blinky-OS5/.build/tests/SARA_NBIOT_EVK/GCC_ARM/mbed-os/core/rtos/rtx/TARGET_CORTEX_M/TARGET_M0/TOOLCHAIN_GCC/HAL_CM0.o
                0x000001ec                rt_set_PSP
                0x000001f2                rt_get_PSP
                0x000001f8                os_set_env
                0x00000216                _alloc_box
                0x00000230                _free_box
                0x0000024a                SVC_Handler
                0x000002d0                PendSV_Handler
                0x000002d4                Sys_Switch
                0x00000318                SysTick_Handler
                0x0000031e                OS_Tick_Handler
 .text          0x00000340       0x14 c:/gcc4mbed-master/gcc4mbed-master/gcc-arm-none-eabi/bin/../lib/gcc/arm-none-eabi/5.2.1/../../../../arm-none-eabi/lib/armv6-m\libc_nano.a(lib_a-strcmp.o)
                0x00000340                strcmp
 .text          0x00000354        0xe c:/gcc4mbed-master/gcc4mbed-master/gcc-arm-none-eabi/bin/../lib/gcc/arm-none-eabi/5.2.1/../../../../arm-none-eabi/lib/armv6-m\libc_nano.a(lib_a-strlen.o)
                0x00000354                strlen
 *fill*         0x00000362        0x2 
 .text          0x00000364       0x14 c:/gcc4mbed-master/gcc4mbed-master/gcc-arm-none-eabi/bin/../lib/gcc/arm-none-eabi/5.2.1/armv6-m\libgcc.a(_thumb1_case_uhi.o)
                0x00000364                __gnu_thumb1_case_uhi
 .text          0x00000378      0x114 c:/gcc4mbed-master/gcc4mbed-master/gcc-arm-none-eabi/bin/../lib/gcc/arm-none-eabi/5.2.1/armv6-m\libgcc.a(_udivsi3.o)
                0x00000378                __aeabi_uidiv
                0x00000378                __udivsi3
                0x00000484                __aeabi_uidivmod
 .text          0x0000048c      0x1d4 c:/gcc4mbed-master/gcc4mbed-master/gcc-arm-none-eabi/bin/../lib/gcc/arm-none-eabi/5.2.1/armv6-m\libgcc.a(_divsi3.o)
                0x0000048c                __divsi3
                0x0000048c                __aeabi_idiv
                0x00000658                __aeabi_idivmod
 .text          0x00000660        0x4 c:/gcc4mbed-master/gcc4mbed-master/gcc-arm-none-eabi/bin/../lib/gcc/arm-none-eabi/5.2.1/armv6-m\libgcc.a(_dvmd_tls.o)
                0x00000660                __aeabi_idiv0
                0x00000660                __aeabi_ldiv0
 .text          0x00000664       0x58 c:/gcc4mbed-master/gcc4mbed-master/gcc-arm-none-eabi/bin/../lib/gcc/arm-none-eabi/5.2.1/armv6-m\libgcc.a(_muldi3.o)
                0x00000664                __muldi3
                0x00000664                __aeabi_lmul
 .text          0x000006bc      0x228 c:/gcc4mbed-master/gcc4mbed-master/gcc-arm-none-eabi/bin/../lib/gcc/arm-none-eabi/5.2.1/armv6-m\libgcc.a(mulsf3.o)
                0x000006bc                __aeabi_fmul
 .text          0x000008e4       0x44 c:/gcc4mbed-master/gcc4mbed-master/gcc-arm-none-eabi/bin/../lib/gcc/arm-none-eabi/5.2.1/armv6-m\libgcc.a(fixsfsi.o)
                0x000008e4                __aeabi_f2iz
 .text          0x00000928       0x3c c:/gcc4mbed-master/gcc4mbed-master/gcc-arm-none-eabi/bin/../lib/gcc/arm-none-eabi/5.2.1/armv6-m\libgcc.a(_clzsi2.o)
                0x00000928                __clzsi2
 *(.text*)
 .text.mbed_assert_internal
                0x00000964       0x24 C:/Users/hamed/Desktop/CODES/blinky-OS5/.build/tests/SARA_NBIOT_EVK/GCC_ARM/mbed-os/core/hal/common/assert.o
                0x00000964                mbed_assert_internal
 .text.mbed_die
                0x00000988       0x14 C:/Users/hamed/Desktop/CODES/blinky-OS5/.build/tests/SARA_NBIOT_EVK/GCC_ARM/mbed-os/core/hal/common/board.o
                0x00000988                mbed_die
 .text.mbed_error_vfprintf
                0x0000099c       0x54 C:/Users/hamed/Desktop/CODES/blinky-OS5/.build/tests/SARA_NBIOT_EVK/GCC_ARM/mbed-os/core/hal/common/board.o
                0x0000099c                mbed_error_vfprintf
 .text.mbed_error_printf
                0x000009f0       0x18 C:/Users/hamed/Desktop/CODES/blinky-OS5/.build/tests/SARA_NBIOT_EVK/GCC_ARM/mbed-os/core/hal/common/board.o
                0x000009f0                mbed_error_printf
 .text.core_util_critical_section_enter
                0x00000a08       0x5c C:/Users/hamed/Desktop/CODES/blinky-OS5/.build/tests/SARA_NBIOT_EVK/GCC_ARM/mbed-os/core/hal/common/critical.o
                0x00000a08                core_util_critical_section_enter
 .text.core_util_critical_section_exit
                0x00000a64       0x54 C:/Users/hamed/Desktop/CODES/blinky-OS5/.build/tests/SARA_NBIOT_EVK/GCC_ARM/mbed-os/core/hal/common/critical.o
                0x00000a64                core_util_critical_section_exit
 .text.error    0x00000ab8       0x18 C:/Users/hamed/Desktop/CODES/blinky-OS5/.build/tests/SARA_NBIOT_EVK/GCC_ARM/mbed-os/core/hal/common/error.o
                0x00000ab8                error
 .text.startup._GLOBAL__sub_I__ZN4mbed8FileBase5_headE
                0x00000ad0       0x24 C:/Users/hamed/Desktop/CODES/blinky-OS5/.build/tests/SARA_NBIOT_EVK/GCC_ARM/mbed-os/core/hal/common/FileBase.o
 .text._ZN4mbed8CallbackIFvvEE12_staticthunkEPvS3_
                0x00000af4        0x8 C:/Users/hamed/Desktop/CODES/blinky-OS5/.build/tests/SARA_NBIOT_EVK/GCC_ARM/mbed-os/core/hal/common/InterruptIn.o
                0x00000af4                mbed::Callback<void ()>::_staticthunk(void*, void*)
 .text._ZN4mbed9RawSerial6unlockEv
                0x00000afc        0x4 C:/Users/hamed/Desktop/CODES/blinky-OS5/.build/tests/SARA_NBIOT_EVK/GCC_ARM/mbed-os/core/hal/common/RawSerial.o
                0x00000afc                mbed::RawSerial::lock()
                0x00000afc                mbed::RawSerial::unlock()
 .text._ZN4mbed9RawSerialD2Ev
                0x00000b00        0x4 C:/Users/hamed/Desktop/CODES/blinky-OS5/.build/tests/SARA_NBIOT_EVK/GCC_ARM/mbed-os/core/hal/common/RawSerial.o
                0x00000b00                mbed::RawSerial::~RawSerial()
                0x00000b00                mbed::RawSerial::~RawSerial()
 .text._ZN4mbed9RawSerialD0Ev
                0x00000b04        0xc C:/Users/hamed/Desktop/CODES/blinky-OS5/.build/tests/SARA_NBIOT_EVK/GCC_ARM/mbed-os/core/hal/common/RawSerial.o
                0x00000b04                mbed::RawSerial::~RawSerial()
 .text._ZN4mbed9RawSerialC2E7PinNameS1_
                0x00000b10       0x18 C:/Users/hamed/Desktop/CODES/blinky-OS5/.build/tests/SARA_NBIOT_EVK/GCC_ARM/mbed-os/core/hal/common/RawSerial.o
                0x00000b10                mbed::RawSerial::RawSerial(PinName, PinName)
                0x00000b10                mbed::RawSerial::RawSerial(PinName, PinName)
 .text._ZN4mbed9RawSerial4putcEi
                0x00000b28       0x34 C:/Users/hamed/Desktop/CODES/blinky-OS5/.build/tests/SARA_NBIOT_EVK/GCC_ARM/mbed-os/core/hal/common/RawSerial.o
                0x00000b28                mbed::RawSerial::putc(int)
 .text._ZN4mbed9RawSerial4putsEPKc
                0x00000b5c       0x40 C:/Users/hamed/Desktop/CODES/blinky-OS5/.build/tests/SARA_NBIOT_EVK/GCC_ARM/mbed-os/core/hal/common/RawSerial.o
                0x00000b5c                mbed::RawSerial::puts(char const*)
 .text._ZN4mbed9RawSerial6printfEPKcz
                0x00000b9c       0x84 C:/Users/hamed/Desktop/CODES/blinky-OS5/.build/tests/SARA_NBIOT_EVK/GCC_ARM/mbed-os/core/hal/common/RawSerial.o
                0x00000b9c                mbed::RawSerial::printf(char const*, ...)
 .text._ZL11init_serialv.part.0
                0x00000c20       0x14 C:/Users/hamed/Desktop/CODES/blinky-OS5/.build/tests/SARA_NBIOT_EVK/GCC_ARM/mbed-os/core/hal/common/retarget.o
 .text._close   0x00000c34       0x2c C:/Users/hamed/Desktop/CODES/blinky-OS5/.build/tests/SARA_NBIOT_EVK/GCC_ARM/mbed-os/core/hal/common/retarget.o
                0x00000c34                _close
 .text._write   0x00000c60       0x58 C:/Users/hamed/Desktop/CODES/blinky-OS5/.build/tests/SARA_NBIOT_EVK/GCC_ARM/mbed-os/core/hal/common/retarget.o
                0x00000c60                _write
 .text._read    0x00000cb8       0x48 C:/Users/hamed/Desktop/CODES/blinky-OS5/.build/tests/SARA_NBIOT_EVK/GCC_ARM/mbed-os/core/hal/common/retarget.o
                0x00000cb8                _read
 .text._lseek   0x00000d00       0x28 C:/Users/hamed/Desktop/CODES/blinky-OS5/.build/tests/SARA_NBIOT_EVK/GCC_ARM/mbed-os/core/hal/common/retarget.o
                0x00000d00                _lseek
 .text.__cxa_pure_virtual
                0x00000d28        0x8 C:/Users/hamed/Desktop/CODES/blinky-OS5/.build/tests/SARA_NBIOT_EVK/GCC_ARM/mbed-os/core/hal/common/retarget.o
                0x00000d28                __cxa_pure_virtual
 .text.__wrap__malloc_r
                0x00000d30        0x8 C:/Users/hamed/Desktop/CODES/blinky-OS5/.build/tests/SARA_NBIOT_EVK/GCC_ARM/mbed-os/core/hal/common/retarget.o
                0x00000d30                __wrap__malloc_r
 .text.__wrap__realloc_r
                0x00000d38        0x8 C:/Users/hamed/Desktop/CODES/blinky-OS5/.build/tests/SARA_NBIOT_EVK/GCC_ARM/mbed-os/core/hal/common/retarget.o
                0x00000d38                __wrap__realloc_r
 .text.__wrap__free_r
                0x00000d40        0x8 C:/Users/hamed/Desktop/CODES/blinky-OS5/.build/tests/SARA_NBIOT_EVK/GCC_ARM/mbed-os/core/hal/common/retarget.o
                0x00000d40                __wrap__free_r
 .text.software_init_hook
                0x00000d48        0x8 C:/Users/hamed/Desktop/CODES/blinky-OS5/.build/tests/SARA_NBIOT_EVK/GCC_ARM/mbed-os/core/hal/common/retarget.o
                0x00000d48                software_init_hook
 .text.mbed_main
                0x00000d50        0x4 C:/Users/hamed/Desktop/CODES/blinky-OS5/.build/tests/SARA_NBIOT_EVK/GCC_ARM/mbed-os/core/hal/common/retarget.o
                0x00000d50                mbed_main
 .text.__wrap_main
                0x00000d54       0x10 C:/Users/hamed/Desktop/CODES/blinky-OS5/.build/tests/SARA_NBIOT_EVK/GCC_ARM/mbed-os/core/hal/common/retarget.o
                0x00000d54                __wrap_main
 .text._sbrk    0x00000d64       0x28 C:/Users/hamed/Desktop/CODES/blinky-OS5/.build/tests/SARA_NBIOT_EVK/GCC_ARM/mbed-os/core/hal/common/retarget.o
                0x00000d64                _sbrk
 .text._exit    0x00000d8c       0x28 C:/Users/hamed/Desktop/CODES/blinky-OS5/.build/tests/SARA_NBIOT_EVK/GCC_ARM/mbed-os/core/hal/common/retarget.o
                0x00000d8c                _exit
 .text.__env_lock
                0x00000db4        0x8 C:/Users/hamed/Desktop/CODES/blinky-OS5/.build/tests/SARA_NBIOT_EVK/GCC_ARM/mbed-os/core/hal/common/retarget.o
                0x00000db4                __env_lock
 .text.__env_unlock
                0x00000dbc        0x8 C:/Users/hamed/Desktop/CODES/blinky-OS5/.build/tests/SARA_NBIOT_EVK/GCC_ARM/mbed-os/core/hal/common/retarget.o
                0x00000dbc                __env_unlock
 .text.startup._GLOBAL__sub_I___stdin_name
                0x00000dc4       0x24 C:/Users/hamed/Desktop/CODES/blinky-OS5/.build/tests/SARA_NBIOT_EVK/GCC_ARM/mbed-os/core/hal/common/retarget.o
 .text.set_time
                0x00000de8       0x2c C:/Users/hamed/Desktop/CODES/blinky-OS5/.build/tests/SARA_NBIOT_EVK/GCC_ARM/mbed-os/core/hal/common/rtc_time.o
                0x00000de8                set_time
 .text.time     0x00000e14       0x48 C:/Users/hamed/Desktop/CODES/blinky-OS5/.build/tests/SARA_NBIOT_EVK/GCC_ARM/mbed-os/core/hal/common/rtc_time.o
                0x00000e14                time
 .text._ZN4mbed10SerialBaseD2Ev
                0x00000e5c        0x4 C:/Users/hamed/Desktop/CODES/blinky-OS5/.build/tests/SARA_NBIOT_EVK/GCC_ARM/mbed-os/core/hal/common/SerialBase.o
                0x00000e5c                mbed::SerialBase::~SerialBase()
                0x00000e5c                mbed::SerialBase::~SerialBase()
 .text._ZN4mbed10SerialBase12_irq_handlerEm9SerialIrq
                0x00000e60       0x18 C:/Users/hamed/Desktop/CODES/blinky-OS5/.build/tests/SARA_NBIOT_EVK/GCC_ARM/mbed-os/core/hal/common/SerialBase.o
                0x00000e60                mbed::SerialBase::_irq_handler(unsigned long, SerialIrq)
 .text._ZN4mbed10SerialBase6unlockEv
                0x00000e78        0x4 C:/Users/hamed/Desktop/CODES/blinky-OS5/.build/tests/SARA_NBIOT_EVK/GCC_ARM/mbed-os/core/hal/common/SerialBase.o
                0x00000e78                mbed::SerialBase::lock()
                0x00000e78                mbed::SerialBase::unlock()
 .text._ZN4mbed10SerialBaseD0Ev
                0x00000e7c        0xc C:/Users/hamed/Desktop/CODES/blinky-OS5/.build/tests/SARA_NBIOT_EVK/GCC_ARM/mbed-os/core/hal/common/SerialBase.o
                0x00000e7c                mbed::SerialBase::~SerialBase()
 .text._ZN4mbed10SerialBaseC2E7PinNameS1_
                0x00000e88       0x84 C:/Users/hamed/Desktop/CODES/blinky-OS5/.build/tests/SARA_NBIOT_EVK/GCC_ARM/mbed-os/core/hal/common/SerialBase.o
                0x00000e88                mbed::SerialBase::SerialBase(PinName, PinName)
                0x00000e88                mbed::SerialBase::SerialBase(PinName, PinName)
 .text._ZN4mbed10SerialBase10_base_putcEi
                0x00000f0c       0x10 C:/Users/hamed/Desktop/CODES/blinky-OS5/.build/tests/SARA_NBIOT_EVK/GCC_ARM/mbed-os/core/hal/common/SerialBase.o
                0x00000f0c                mbed::SerialBase::_base_putc(int)
 .text._ZN4mbed6Ticker7handlerEv
                0x00000f1c       0x24 C:/Users/hamed/Desktop/CODES/blinky-OS5/.build/tests/SARA_NBIOT_EVK/GCC_ARM/mbed-os/core/hal/common/Ticker.o
                0x00000f1c                mbed::Ticker::handler()
 .text._ZN4mbed6Ticker6detachEv
                0x00000f40       0x38 C:/Users/hamed/Desktop/CODES/blinky-OS5/.build/tests/SARA_NBIOT_EVK/GCC_ARM/mbed-os/core/hal/common/Ticker.o
                0x00000f40                mbed::Ticker::detach()
 .text._ZN4mbed6TickerD2Ev
                0x00000f78       0x1c C:/Users/hamed/Desktop/CODES/blinky-OS5/.build/tests/SARA_NBIOT_EVK/GCC_ARM/mbed-os/core/hal/common/Ticker.o
                0x00000f78                mbed::Ticker::~Ticker()
                0x00000f78                mbed::Ticker::~Ticker()
 .text._ZN4mbed6TickerD0Ev
                0x00000f94       0x24 C:/Users/hamed/Desktop/CODES/blinky-OS5/.build/tests/SARA_NBIOT_EVK/GCC_ARM/mbed-os/core/hal/common/Ticker.o
                0x00000f94                mbed::Ticker::~Ticker()
 .text._ZN4mbed6Ticker5setupEm
                0x00000fb8       0x28 C:/Users/hamed/Desktop/CODES/blinky-OS5/.build/tests/SARA_NBIOT_EVK/GCC_ARM/mbed-os/core/hal/common/Ticker.o
                0x00000fb8                mbed::Ticker::setup(unsigned long)
 .text.ticker_set_handler
                0x00000fe0       0x14 C:/Users/hamed/Desktop/CODES/blinky-OS5/.build/tests/SARA_NBIOT_EVK/GCC_ARM/mbed-os/core/hal/common/ticker_api.o
                0x00000fe0                ticker_set_handler
 .text.ticker_irq_handler
                0x00000ff4       0x4c C:/Users/hamed/Desktop/CODES/blinky-OS5/.build/tests/SARA_NBIOT_EVK/GCC_ARM/mbed-os/core/hal/common/ticker_api.o
                0x00000ff4                ticker_irq_handler
 .text.ticker_insert_event
                0x00001040       0x48 C:/Users/hamed/Desktop/CODES/blinky-OS5/.build/tests/SARA_NBIOT_EVK/GCC_ARM/mbed-os/core/hal/common/ticker_api.o
                0x00001040                ticker_insert_event
 .text.ticker_remove_event
                0x00001088       0x54 C:/Users/hamed/Desktop/CODES/blinky-OS5/.build/tests/SARA_NBIOT_EVK/GCC_ARM/mbed-os/core/hal/common/ticker_api.o
                0x00001088                ticker_remove_event
 .text.ticker_read
                0x000010dc        0xc C:/Users/hamed/Desktop/CODES/blinky-OS5/.build/tests/SARA_NBIOT_EVK/GCC_ARM/mbed-os/core/hal/common/ticker_api.o
                0x000010dc                ticker_read
 .text._ZN4mbed7Timeout7handlerEv
                0x000010e8       0x14 C:/Users/hamed/Desktop/CODES/blinky-OS5/.build/tests/SARA_NBIOT_EVK/GCC_ARM/mbed-os/core/hal/common/Timeout.o
                0x000010e8                mbed::Timeout::handler()
 .text._ZN4mbed7TimeoutD2Ev
                0x000010fc       0x1c C:/Users/hamed/Desktop/CODES/blinky-OS5/.build/tests/SARA_NBIOT_EVK/GCC_ARM/mbed-os/core/hal/common/Timeout.o
                0x000010fc                mbed::Timeout::~Timeout()
                0x000010fc                mbed::Timeout::~Timeout()
 .text._ZN4mbed7TimeoutD0Ev
                0x00001118       0x20 C:/Users/hamed/Desktop/CODES/blinky-OS5/.build/tests/SARA_NBIOT_EVK/GCC_ARM/mbed-os/core/hal/common/Timeout.o
                0x00001118                mbed::Timeout::~Timeout()
 .text._ZN4mbed10TimerEvent3irqEm
                0x00001138        0xc C:/Users/hamed/Desktop/CODES/blinky-OS5/.build/tests/SARA_NBIOT_EVK/GCC_ARM/mbed-os/core/hal/common/TimerEvent.o
                0x00001138                mbed::TimerEvent::irq(unsigned long)
 .text._ZN4mbed10TimerEventC2Ev
                0x00001144       0x2c C:/Users/hamed/Desktop/CODES/blinky-OS5/.build/tests/SARA_NBIOT_EVK/GCC_ARM/mbed-os/core/hal/common/TimerEvent.o
                0x00001144                mbed::TimerEvent::TimerEvent()
                0x00001144                mbed::TimerEvent::TimerEvent()
 .text._ZN4mbed10TimerEventD2Ev
                0x00001170       0x1c C:/Users/hamed/Desktop/CODES/blinky-OS5/.build/tests/SARA_NBIOT_EVK/GCC_ARM/mbed-os/core/hal/common/TimerEvent.o
                0x00001170                mbed::TimerEvent::~TimerEvent()
                0x00001170                mbed::TimerEvent::~TimerEvent()
 .text._ZN4mbed10TimerEvent6insertEm
                0x0000118c       0x10 C:/Users/hamed/Desktop/CODES/blinky-OS5/.build/tests/SARA_NBIOT_EVK/GCC_ARM/mbed-os/core/hal/common/TimerEvent.o
                0x0000118c                mbed::TimerEvent::insert(unsigned long)
 .text._ZN4mbed10TimerEvent6removeEv
                0x0000119c        0xc C:/Users/hamed/Desktop/CODES/blinky-OS5/.build/tests/SARA_NBIOT_EVK/GCC_ARM/mbed-os/core/hal/common/TimerEvent.o
                0x0000119c                mbed::TimerEvent::remove()
 .text.get_us_ticker_data
                0x000011a8        0x8 C:/Users/hamed/Desktop/CODES/blinky-OS5/.build/tests/SARA_NBIOT_EVK/GCC_ARM/mbed-os/core/hal/common/us_ticker_api.o
                0x000011a8                get_us_ticker_data
 .text.us_ticker_irq_handler
                0x000011b0       0x10 C:/Users/hamed/Desktop/CODES/blinky-OS5/.build/tests/SARA_NBIOT_EVK/GCC_ARM/mbed-os/core/hal/common/us_ticker_api.o
                0x000011b0                us_ticker_irq_handler
 .text.wait_us  0x000011c0       0x18 C:/Users/hamed/Desktop/CODES/blinky-OS5/.build/tests/SARA_NBIOT_EVK/GCC_ARM/mbed-os/core/hal/common/wait_api.o
                0x000011c0                wait_us
 .text.wait     0x000011d8       0x18 C:/Users/hamed/Desktop/CODES/blinky-OS5/.build/tests/SARA_NBIOT_EVK/GCC_ARM/mbed-os/core/hal/common/wait_api.o
                0x000011d8                wait
 .text.wait_ms  0x000011f0       0x10 C:/Users/hamed/Desktop/CODES/blinky-OS5/.build/tests/SARA_NBIOT_EVK/GCC_ARM/mbed-os/core/hal/common/wait_api.o
                0x000011f0                wait_ms
 .text.SystemAllowSleep.part.0
                0x00001200       0x18 C:/Users/hamed/Desktop/CODES/blinky-OS5/.build/tests/SARA_NBIOT_EVK/GCC_ARM/mbed-os/core/hal/targets/cmsis/TARGET_ublox/TARGET_HI2110/system_HI2110.o
 .text.SystemInit
                0x00001218       0x64 C:/Users/hamed/Desktop/CODES/blinky-OS5/.build/tests/SARA_NBIOT_EVK/GCC_ARM/mbed-os/core/hal/targets/cmsis/TARGET_ublox/TARGET_HI2110/system_HI2110.o
                0x00001218                SystemInit
 .text.Reset_Handler
                0x0000127c       0x60 C:/Users/hamed/Desktop/CODES/blinky-OS5/.build/tests/SARA_NBIOT_EVK/GCC_ARM/mbed-os/core/hal/targets/cmsis/TARGET_ublox/TARGET_HI2110/TOOLCHAIN_GCC_ARM/startup_HI2110.o
                0x0000127c                Reset_Handler
 .text.Default_Handler
                0x000012dc        0x2 C:/Users/hamed/Desktop/CODES/blinky-OS5/.build/tests/SARA_NBIOT_EVK/GCC_ARM/mbed-os/core/hal/targets/cmsis/TARGET_ublox/TARGET_HI2110/TOOLCHAIN_GCC_ARM/startup_HI2110.o
                0x000012dc                HardFault_Handler
                0x000012dc                NMI_Handler
                0x000012dc                IRQ2_SECURITY_Handler
                0x000012dc                IRQ15_I2C_Handler
                0x000012dc                IRQ17_CAP_Handler
                0x000012dc                IRQ10_SSP1_Handler
                0x000012dc                IRQ11_PWM0IN_Handler
                0x000012dc                Default_Handler
                0x000012dc                IRQ13_PWM1IN_Handler
                0x000012dc                IRQ6_DMA_Handler
                0x000012dc                IRQ9_SSP0_Handler
                0x000012dc                IRQ3_PROTOCOL_Handler
                0x000012dc                IRQ12_PWM0OUT_Handler
                0x000012dc                IRQ14_PWM1OUT_Handler
                0x000012dc                IRQ4_APPS_Handler
 *fill*         0x000012de        0x2 
 .text.IRQ5_GPIO_Handler
                0x000012e0       0x84 C:/Users/hamed/Desktop/CODES/blinky-OS5/.build/tests/SARA_NBIOT_EVK/GCC_ARM/mbed-os/core/hal/targets/hal/TARGET_ublox/TARGET_HI2110/gpio_irq_api.o
                0x000012e0                IRQ5_GPIO_Handler
 .text.HI2110_init
                0x00001364       0x1c C:/Users/hamed/Desktop/CODES/blinky-OS5/.build/tests/SARA_NBIOT_EVK/GCC_ARM/mbed-os/core/hal/targets/hal/TARGET_ublox/TARGET_HI2110/HI2110_init.o
                0x00001364                HI2110_init
 .text.IRQ0_RTC_Handler
                0x00001380       0xd0 C:/Users/hamed/Desktop/CODES/blinky-OS5/.build/tests/SARA_NBIOT_EVK/GCC_ARM/mbed-os/core/hal/targets/hal/TARGET_ublox/TARGET_HI2110/lp_ticker.o
                0x00001380                IRQ0_RTC_Handler
 .text.mbed_sdk_init
                0x00001450        0x8 C:/Users/hamed/Desktop/CODES/blinky-OS5/.build/tests/SARA_NBIOT_EVK/GCC_ARM/mbed-os/core/hal/targets/hal/TARGET_ublox/TARGET_HI2110/mbed_overrides.o
                0x00001450                mbed_sdk_init
 .text.pin_function
                0x00001458       0x88 C:/Users/hamed/Desktop/CODES/blinky-OS5/.build/tests/SARA_NBIOT_EVK/GCC_ARM/mbed-os/core/hal/targets/hal/TARGET_ublox/TARGET_HI2110/pinmap.o
                0x00001458                pin_function
 .text.init_config
                0x000014e0      0x114 C:/Users/hamed/Desktop/CODES/blinky-OS5/.build/tests/SARA_NBIOT_EVK/GCC_ARM/mbed-os/core/hal/targets/hal/TARGET_ublox/TARGET_HI2110/serial_api.o
 .text.deinit_config
                0x000015f4       0x80 C:/Users/hamed/Desktop/CODES/blinky-OS5/.build/tests/SARA_NBIOT_EVK/GCC_ARM/mbed-os/core/hal/targets/hal/TARGET_ublox/TARGET_HI2110/serial_api.o
 .text.set_baud.isra.0
                0x00001674       0x84 C:/Users/hamed/Desktop/CODES/blinky-OS5/.build/tests/SARA_NBIOT_EVK/GCC_ARM/mbed-os/core/hal/targets/hal/TARGET_ublox/TARGET_HI2110/serial_api.o
 .text.irq_enable.isra.1
                0x000016f8       0x48 C:/Users/hamed/Desktop/CODES/blinky-OS5/.build/tests/SARA_NBIOT_EVK/GCC_ARM/mbed-os/core/hal/targets/hal/TARGET_ublox/TARGET_HI2110/serial_api.o
 .text.IRQ7_UART0_Handler
                0x00001740       0x60 C:/Users/hamed/Desktop/CODES/blinky-OS5/.build/tests/SARA_NBIOT_EVK/GCC_ARM/mbed-os/core/hal/targets/hal/TARGET_ublox/TARGET_HI2110/serial_api.o
                0x00001740                IRQ7_UART0_Handler
 .text.IRQ8_UART1_Handler
                0x000017a0       0x60 C:/Users/hamed/Desktop/CODES/blinky-OS5/.build/tests/SARA_NBIOT_EVK/GCC_ARM/mbed-os/core/hal/targets/hal/TARGET_ublox/TARGET_HI2110/serial_api.o
                0x000017a0                IRQ8_UART1_Handler
 .text.IRQ16_LPUART_Handler
                0x00001800       0x50 C:/Users/hamed/Desktop/CODES/blinky-OS5/.build/tests/SARA_NBIOT_EVK/GCC_ARM/mbed-os/core/hal/targets/hal/TARGET_ublox/TARGET_HI2110/serial_api.o
                0x00001800                IRQ16_LPUART_Handler
 .text.serial_format
                0x00001850      0x180 C:/Users/hamed/Desktop/CODES/blinky-OS5/.build/tests/SARA_NBIOT_EVK/GCC_ARM/mbed-os/core/hal/targets/hal/TARGET_ublox/TARGET_HI2110/serial_api.o
                0x00001850                serial_format
 .text.serial_irq_handler
                0x000019d0       0x18 C:/Users/hamed/Desktop/CODES/blinky-OS5/.build/tests/SARA_NBIOT_EVK/GCC_ARM/mbed-os/core/hal/targets/hal/TARGET_ublox/TARGET_HI2110/serial_api.o
                0x000019d0                serial_irq_handler
 .text.serial_irq_set
                0x000019e8      0x104 C:/Users/hamed/Desktop/CODES/blinky-OS5/.build/tests/SARA_NBIOT_EVK/GCC_ARM/mbed-os/core/hal/targets/hal/TARGET_ublox/TARGET_HI2110/serial_api.o
                0x000019e8                serial_irq_set
 .text.serial_baud
                0x00001aec      0x118 C:/Users/hamed/Desktop/CODES/blinky-OS5/.build/tests/SARA_NBIOT_EVK/GCC_ARM/mbed-os/core/hal/targets/hal/TARGET_ublox/TARGET_HI2110/serial_api.o
                0x00001aec                serial_baud
 .text.serial_init
                0x00001c04       0x98 C:/Users/hamed/Desktop/CODES/blinky-OS5/.build/tests/SARA_NBIOT_EVK/GCC_ARM/mbed-os/core/hal/targets/hal/TARGET_ublox/TARGET_HI2110/serial_api.o
                0x00001c04                serial_init
 .text.serial_putc
                0x00001c9c       0x14 C:/Users/hamed/Desktop/CODES/blinky-OS5/.build/tests/SARA_NBIOT_EVK/GCC_ARM/mbed-os/core/hal/targets/hal/TARGET_ublox/TARGET_HI2110/serial_api.o
                0x00001c9c                serial_putc
 .text.serial_readable
                0x00001cb0       0x44 C:/Users/hamed/Desktop/CODES/blinky-OS5/.build/tests/SARA_NBIOT_EVK/GCC_ARM/mbed-os/core/hal/targets/hal/TARGET_ublox/TARGET_HI2110/serial_api.o
                0x00001cb0                serial_readable
 .text.serial_getc
                0x00001cf4       0x48 C:/Users/hamed/Desktop/CODES/blinky-OS5/.build/tests/SARA_NBIOT_EVK/GCC_ARM/mbed-os/core/hal/targets/hal/TARGET_ublox/TARGET_HI2110/serial_api.o
                0x00001cf4                serial_getc
 .text.us_ticker_init.part.0
                0x00001d3c       0x6c C:/Users/hamed/Desktop/CODES/blinky-OS5/.build/tests/SARA_NBIOT_EVK/GCC_ARM/mbed-os/core/hal/targets/hal/TARGET_ublox/TARGET_HI2110/us_ticker.o
 .text.IRQ1_TMR0_Handler
                0x00001da8       0x6c C:/Users/hamed/Desktop/CODES/blinky-OS5/.build/tests/SARA_NBIOT_EVK/GCC_ARM/mbed-os/core/hal/targets/hal/TARGET_ublox/TARGET_HI2110/us_ticker.o
                0x00001da8                IRQ1_TMR0_Handler
 .text.us_ticker_init
                0x00001e14       0x14 C:/Users/hamed/Desktop/CODES/blinky-OS5/.build/tests/SARA_NBIOT_EVK/GCC_ARM/mbed-os/core/hal/targets/hal/TARGET_ublox/TARGET_HI2110/us_ticker.o
                0x00001e14                us_ticker_init
 .text.us_ticker_read
                0x00001e28       0x6c C:/Users/hamed/Desktop/CODES/blinky-OS5/.build/tests/SARA_NBIOT_EVK/GCC_ARM/mbed-os/core/hal/targets/hal/TARGET_ublox/TARGET_HI2110/us_ticker.o
                0x00001e28                us_ticker_read
 .text.us_ticker_set_interrupt
                0x00001e94       0x84 C:/Users/hamed/Desktop/CODES/blinky-OS5/.build/tests/SARA_NBIOT_EVK/GCC_ARM/mbed-os/core/hal/targets/hal/TARGET_ublox/TARGET_HI2110/us_ticker.o
                0x00001e94                us_ticker_set_interrupt
 .text.us_ticker_disable_interrupt
                0x00001f18       0x10 C:/Users/hamed/Desktop/CODES/blinky-OS5/.build/tests/SARA_NBIOT_EVK/GCC_ARM/mbed-os/core/hal/targets/hal/TARGET_ublox/TARGET_HI2110/us_ticker.o
                0x00001f18                us_ticker_disable_interrupt
 .text.us_ticker_clear_interrupt
                0x00001f28       0x10 C:/Users/hamed/Desktop/CODES/blinky-OS5/.build/tests/SARA_NBIOT_EVK/GCC_ARM/mbed-os/core/hal/targets/hal/TARGET_ublox/TARGET_HI2110/us_ticker.o
                0x00001f28                us_ticker_clear_interrupt
 .text._ZN4rtos5MutexC2Ev
                0x00001f38       0x30 C:/Users/hamed/Desktop/CODES/blinky-OS5/.build/tests/SARA_NBIOT_EVK/GCC_ARM/mbed-os/core/rtos/rtos/Mutex.o
                0x00001f38                rtos::Mutex::Mutex()
                0x00001f38                rtos::Mutex::Mutex()
 .text._ZN4rtos5MutexD2Ev
                0x00001f68       0x10 C:/Users/hamed/Desktop/CODES/blinky-OS5/.build/tests/SARA_NBIOT_EVK/GCC_ARM/mbed-os/core/rtos/rtos/Mutex.o
                0x00001f68                rtos::Mutex::~Mutex()
                0x00001f68                rtos::Mutex::~Mutex()
 .text.default_idle_hook
                0x00001f78        0x4 C:/Users/hamed/Desktop/CODES/blinky-OS5/.build/tests/SARA_NBIOT_EVK/GCC_ARM/mbed-os/core/rtos/rtos/rtos_idle.o
 .text.rtos_idle_loop
                0x00001f7c       0x10 C:/Users/hamed/Desktop/CODES/blinky-OS5/.build/tests/SARA_NBIOT_EVK/GCC_ARM/mbed-os/core/rtos/rtos/rtos_idle.o
                0x00001f7c                rtos_idle_loop
 .text.rt_init_stack
                0x00001f8c       0xa0 C:/Users/hamed/Desktop/CODES/blinky-OS5/.build/tests/SARA_NBIOT_EVK/GCC_ARM/mbed-os/core/rtos/rtx/TARGET_CORTEX_M/HAL_CM.o
                0x00001f8c                rt_init_stack
 .text.rt_ret_val
                0x0000202c        0x8 C:/Users/hamed/Desktop/CODES/blinky-OS5/.build/tests/SARA_NBIOT_EVK/GCC_ARM/mbed-os/core/rtos/rtx/TARGET_CORTEX_M/HAL_CM.o
                0x0000202c                rt_ret_val
 .text.rt_ret_val2
                0x00002034        0x8 C:/Users/hamed/Desktop/CODES/blinky-OS5/.build/tests/SARA_NBIOT_EVK/GCC_ARM/mbed-os/core/rtos/rtx/TARGET_CORTEX_M/HAL_CM.o
                0x00002034                rt_ret_val2
 .text.pre_main
                0x0000203c       0x44 C:/Users/hamed/Desktop/CODES/blinky-OS5/.build/tests/SARA_NBIOT_EVK/GCC_ARM/mbed-os/core/rtos/rtx/TARGET_CORTEX_M/RTX_Conf_CM.o
                0x0000203c                pre_main
 .text.os_idle_demon
                0x00002080        0x8 C:/Users/hamed/Desktop/CODES/blinky-OS5/.build/tests/SARA_NBIOT_EVK/GCC_ARM/mbed-os/core/rtos/rtx/TARGET_CORTEX_M/RTX_Conf_CM.o
                0x00002080                os_idle_demon
 .text.os_error
                0x00002088       0x18 C:/Users/hamed/Desktop/CODES/blinky-OS5/.build/tests/SARA_NBIOT_EVK/GCC_ARM/mbed-os/core/rtos/rtx/TARGET_CORTEX_M/RTX_Conf_CM.o
                0x00002088                os_error
 .text.set_main_stack
                0x000020a0       0x24 C:/Users/hamed/Desktop/CODES/blinky-OS5/.build/tests/SARA_NBIOT_EVK/GCC_ARM/mbed-os/core/rtos/rtx/TARGET_CORTEX_M/RTX_Conf_CM.o
                0x000020a0                set_main_stack
 .text.software_init_hook_rtos
                0x000020c4       0x1c C:/Users/hamed/Desktop/CODES/blinky-OS5/.build/tests/SARA_NBIOT_EVK/GCC_ARM/mbed-os/core/rtos/rtx/TARGET_CORTEX_M/RTX_Conf_CM.o
                0x000020c4                software_init_hook_rtos
 .text.__rtos_env_lock
                0x000020e0       0x14 C:/Users/hamed/Desktop/CODES/blinky-OS5/.build/tests/SARA_NBIOT_EVK/GCC_ARM/mbed-os/core/rtos/rtx/TARGET_CORTEX_M/RTX_Conf_CM.o
                0x000020e0                __rtos_env_lock
 .text.__rtos_env_unlock
                0x000020f4       0x10 C:/Users/hamed/Desktop/CODES/blinky-OS5/.build/tests/SARA_NBIOT_EVK/GCC_ARM/mbed-os/core/rtos/rtx/TARGET_CORTEX_M/RTX_Conf_CM.o
                0x000020f4                __rtos_env_unlock
 .text.osThreadExit
                0x00002104       0x18 C:/Users/hamed/Desktop/CODES/blinky-OS5/.build/tests/SARA_NBIOT_EVK/GCC_ARM/mbed-os/core/rtos/rtx/TARGET_CORTEX_M/rt_CMSIS.o
                0x00002104                osThreadExit
 .text.rt_timer_insert
                0x0000211c       0x4c C:/Users/hamed/Desktop/CODES/blinky-OS5/.build/tests/SARA_NBIOT_EVK/GCC_ARM/mbed-os/core/rtos/rtx/TARGET_CORTEX_M/rt_CMSIS.o
 .text.rt_ms2tick.part.0
                0x00002168       0x38 C:/Users/hamed/Desktop/CODES/blinky-OS5/.build/tests/SARA_NBIOT_EVK/GCC_ARM/mbed-os/core/rtos/rtx/TARGET_CORTEX_M/rt_CMSIS.o
 .text.isrMessagePut.part.4
                0x000021a0       0x20 C:/Users/hamed/Desktop/CODES/blinky-OS5/.build/tests/SARA_NBIOT_EVK/GCC_ARM/mbed-os/core/rtos/rtx/TARGET_CORTEX_M/rt_CMSIS.o
 .text.svcKernelStart
                0x000021c0       0x4c C:/Users/hamed/Desktop/CODES/blinky-OS5/.build/tests/SARA_NBIOT_EVK/GCC_ARM/mbed-os/core/rtos/rtx/TARGET_CORTEX_M/rt_CMSIS.o
                0x000021c0                svcKernelStart
 .text.svcKernelRunning
                0x0000220c        0xc C:/Users/hamed/Desktop/CODES/blinky-OS5/.build/tests/SARA_NBIOT_EVK/GCC_ARM/mbed-os/core/rtos/rtx/TARGET_CORTEX_M/rt_CMSIS.o
                0x0000220c                svcKernelRunning
 .text.osKernelRunning
                0x00002218       0x28 C:/Users/hamed/Desktop/CODES/blinky-OS5/.build/tests/SARA_NBIOT_EVK/GCC_ARM/mbed-os/core/rtos/rtx/TARGET_CORTEX_M/rt_CMSIS.o
                0x00002218                osKernelRunning
 .text.osKernelStart
                0x00002240       0x94 C:/Users/hamed/Desktop/CODES/blinky-OS5/.build/tests/SARA_NBIOT_EVK/GCC_ARM/mbed-os/core/rtos/rtx/TARGET_CORTEX_M/rt_CMSIS.o
                0x00002240                osKernelStart
 .text.svcThreadCreate
                0x000022d4       0x78 C:/Users/hamed/Desktop/CODES/blinky-OS5/.build/tests/SARA_NBIOT_EVK/GCC_ARM/mbed-os/core/rtos/rtx/TARGET_CORTEX_M/rt_CMSIS.o
                0x000022d4                svcThreadCreate
 .text.svcThreadGetId
                0x0000234c       0x1c C:/Users/hamed/Desktop/CODES/blinky-OS5/.build/tests/SARA_NBIOT_EVK/GCC_ARM/mbed-os/core/rtos/rtx/TARGET_CORTEX_M/rt_CMSIS.o
                0x0000234c                svcThreadGetId
 .text.svcThreadTerminate
                0x00002368       0x3c C:/Users/hamed/Desktop/CODES/blinky-OS5/.build/tests/SARA_NBIOT_EVK/GCC_ARM/mbed-os/core/rtos/rtx/TARGET_CORTEX_M/rt_CMSIS.o
                0x00002368                svcThreadTerminate
 .text.osThreadContextCreate
                0x000023a4       0x34 C:/Users/hamed/Desktop/CODES/blinky-OS5/.build/tests/SARA_NBIOT_EVK/GCC_ARM/mbed-os/core/rtos/rtx/TARGET_CORTEX_M/rt_CMSIS.o
                0x000023a4                osThreadContextCreate
 .text.osThreadCreate
                0x000023d8        0xc C:/Users/hamed/Desktop/CODES/blinky-OS5/.build/tests/SARA_NBIOT_EVK/GCC_ARM/mbed-os/core/rtos/rtx/TARGET_CORTEX_M/rt_CMSIS.o
                0x000023d8                osThreadCreate
 .text.sysTimerTick
                0x000023e4       0x70 C:/Users/hamed/Desktop/CODES/blinky-OS5/.build/tests/SARA_NBIOT_EVK/GCC_ARM/mbed-os/core/rtos/rtx/TARGET_CORTEX_M/rt_CMSIS.o
                0x000023e4                sysTimerTick
 .text.svcMutexCreate
                0x00002454       0x20 C:/Users/hamed/Desktop/CODES/blinky-OS5/.build/tests/SARA_NBIOT_EVK/GCC_ARM/mbed-os/core/rtos/rtx/TARGET_CORTEX_M/rt_CMSIS.o
                0x00002454                svcMutexCreate
 .text.svcMutexWait
                0x00002474       0x5c C:/Users/hamed/Desktop/CODES/blinky-OS5/.build/tests/SARA_NBIOT_EVK/GCC_ARM/mbed-os/core/rtos/rtx/TARGET_CORTEX_M/rt_CMSIS.o
                0x00002474                svcMutexWait
 .text.svcMutexRelease
                0x000024d0       0x24 C:/Users/hamed/Desktop/CODES/blinky-OS5/.build/tests/SARA_NBIOT_EVK/GCC_ARM/mbed-os/core/rtos/rtx/TARGET_CORTEX_M/rt_CMSIS.o
                0x000024d0                svcMutexRelease
 .text.svcMutexDelete
                0x000024f4       0x20 C:/Users/hamed/Desktop/CODES/blinky-OS5/.build/tests/SARA_NBIOT_EVK/GCC_ARM/mbed-os/core/rtos/rtx/TARGET_CORTEX_M/rt_CMSIS.o
                0x000024f4                svcMutexDelete
 .text.osMutexCreate
                0x00002514       0x4c C:/Users/hamed/Desktop/CODES/blinky-OS5/.build/tests/SARA_NBIOT_EVK/GCC_ARM/mbed-os/core/rtos/rtx/TARGET_CORTEX_M/rt_CMSIS.o
                0x00002514                osMutexCreate
 .text.osMutexWait
                0x00002560       0x20 C:/Users/hamed/Desktop/CODES/blinky-OS5/.build/tests/SARA_NBIOT_EVK/GCC_ARM/mbed-os/core/rtos/rtx/TARGET_CORTEX_M/rt_CMSIS.o
                0x00002560                osMutexWait
 .text.osMutexRelease
                0x00002580       0x20 C:/Users/hamed/Desktop/CODES/blinky-OS5/.build/tests/SARA_NBIOT_EVK/GCC_ARM/mbed-os/core/rtos/rtx/TARGET_CORTEX_M/rt_CMSIS.o
                0x00002580                osMutexRelease
 .text.osMutexDelete
                0x000025a0       0x20 C:/Users/hamed/Desktop/CODES/blinky-OS5/.build/tests/SARA_NBIOT_EVK/GCC_ARM/mbed-os/core/rtos/rtx/TARGET_CORTEX_M/rt_CMSIS.o
                0x000025a0                osMutexDelete
 .text.svcMessageCreate
                0x000025c0       0x2c C:/Users/hamed/Desktop/CODES/blinky-OS5/.build/tests/SARA_NBIOT_EVK/GCC_ARM/mbed-os/core/rtos/rtx/TARGET_CORTEX_M/rt_CMSIS.o
                0x000025c0                svcMessageCreate
 .text.svcKernelInitialize
                0x000025ec       0x6c C:/Users/hamed/Desktop/CODES/blinky-OS5/.build/tests/SARA_NBIOT_EVK/GCC_ARM/mbed-os/core/rtos/rtx/TARGET_CORTEX_M/rt_CMSIS.o
                0x000025ec                svcKernelInitialize
 .text.osKernelInitialize
                0x00002658       0x30 C:/Users/hamed/Desktop/CODES/blinky-OS5/.build/tests/SARA_NBIOT_EVK/GCC_ARM/mbed-os/core/rtos/rtx/TARGET_CORTEX_M/rt_CMSIS.o
                0x00002658                osKernelInitialize
 .text.rt_evt_psh
                0x00002688       0x50 C:/Users/hamed/Desktop/CODES/blinky-OS5/.build/tests/SARA_NBIOT_EVK/GCC_ARM/mbed-os/core/rtos/rtx/TARGET_CORTEX_M/rt_Event.o
                0x00002688                rt_evt_psh
 .text.rt_put_prio
                0x000026d8       0x4c C:/Users/hamed/Desktop/CODES/blinky-OS5/.build/tests/SARA_NBIOT_EVK/GCC_ARM/mbed-os/core/rtos/rtx/TARGET_CORTEX_M/rt_List.o
                0x000026d8                rt_put_prio
 .text.rt_get_first
                0x00002724       0x28 C:/Users/hamed/Desktop/CODES/blinky-OS5/.build/tests/SARA_NBIOT_EVK/GCC_ARM/mbed-os/core/rtos/rtx/TARGET_CORTEX_M/rt_List.o
                0x00002724                rt_get_first
 .text.rt_put_rdy_first
                0x0000274c       0x14 C:/Users/hamed/Desktop/CODES/blinky-OS5/.build/tests/SARA_NBIOT_EVK/GCC_ARM/mbed-os/core/rtos/rtx/TARGET_CORTEX_M/rt_List.o
                0x0000274c                rt_put_rdy_first
 .text.rt_put_dly
                0x00002760       0x64 C:/Users/hamed/Desktop/CODES/blinky-OS5/.build/tests/SARA_NBIOT_EVK/GCC_ARM/mbed-os/core/rtos/rtx/TARGET_CORTEX_M/rt_List.o
                0x00002760                rt_put_dly
 .text.rt_dec_dly
                0x000027c4       0x94 C:/Users/hamed/Desktop/CODES/blinky-OS5/.build/tests/SARA_NBIOT_EVK/GCC_ARM/mbed-os/core/rtos/rtx/TARGET_CORTEX_M/rt_List.o
                0x000027c4                rt_dec_dly
 .text.rt_rmv_list
                0x00002858       0x2c C:/Users/hamed/Desktop/CODES/blinky-OS5/.build/tests/SARA_NBIOT_EVK/GCC_ARM/mbed-os/core/rtos/rtx/TARGET_CORTEX_M/rt_List.o
                0x00002858                rt_rmv_list
 .text.rt_resort_prio
                0x00002884       0x34 C:/Users/hamed/Desktop/CODES/blinky-OS5/.build/tests/SARA_NBIOT_EVK/GCC_ARM/mbed-os/core/rtos/rtx/TARGET_CORTEX_M/rt_List.o
                0x00002884                rt_resort_prio
 .text.rt_rmv_dly
                0x000028b8       0x2c C:/Users/hamed/Desktop/CODES/blinky-OS5/.build/tests/SARA_NBIOT_EVK/GCC_ARM/mbed-os/core/rtos/rtx/TARGET_CORTEX_M/rt_List.o
                0x000028b8                rt_rmv_dly
 .text.rt_psq_enq
                0x000028e4       0x44 C:/Users/hamed/Desktop/CODES/blinky-OS5/.build/tests/SARA_NBIOT_EVK/GCC_ARM/mbed-os/core/rtos/rtx/TARGET_CORTEX_M/rt_List.o
                0x000028e4                rt_psq_enq
 .text.rt_mbx_init
                0x00002928       0x1c C:/Users/hamed/Desktop/CODES/blinky-OS5/.build/tests/SARA_NBIOT_EVK/GCC_ARM/mbed-os/core/rtos/rtx/TARGET_CORTEX_M/rt_Mailbox.o
                0x00002928                rt_mbx_init
 .text.rt_mbx_check
                0x00002944        0x8 C:/Users/hamed/Desktop/CODES/blinky-OS5/.build/tests/SARA_NBIOT_EVK/GCC_ARM/mbed-os/core/rtos/rtx/TARGET_CORTEX_M/rt_Mailbox.o
                0x00002944                rt_mbx_check
 .text.isr_mbx_send
                0x0000294c        0xc C:/Users/hamed/Desktop/CODES/blinky-OS5/.build/tests/SARA_NBIOT_EVK/GCC_ARM/mbed-os/core/rtos/rtx/TARGET_CORTEX_M/rt_Mailbox.o
                0x0000294c                isr_mbx_send
 .text.rt_mbx_psh
                0x00002958       0xdc C:/Users/hamed/Desktop/CODES/blinky-OS5/.build/tests/SARA_NBIOT_EVK/GCC_ARM/mbed-os/core/rtos/rtx/TARGET_CORTEX_M/rt_Mailbox.o
                0x00002958                rt_mbx_psh
 .text._init_box
                0x00002a34       0x58 C:/Users/hamed/Desktop/CODES/blinky-OS5/.build/tests/SARA_NBIOT_EVK/GCC_ARM/mbed-os/core/rtos/rtx/TARGET_CORTEX_M/rt_MemBox.o
                0x00002a34                _init_box
 .text.rt_alloc_box
                0x00002a8c       0x20 C:/Users/hamed/Desktop/CODES/blinky-OS5/.build/tests/SARA_NBIOT_EVK/GCC_ARM/mbed-os/core/rtos/rtx/TARGET_CORTEX_M/rt_MemBox.o
                0x00002a8c                rt_alloc_box
 .text.rt_free_box
                0x00002aac       0x28 C:/Users/hamed/Desktop/CODES/blinky-OS5/.build/tests/SARA_NBIOT_EVK/GCC_ARM/mbed-os/core/rtos/rtx/TARGET_CORTEX_M/rt_MemBox.o
                0x00002aac                rt_free_box
 .text.rt_mut_init
                0x00002ad4       0x10 C:/Users/hamed/Desktop/CODES/blinky-OS5/.build/tests/SARA_NBIOT_EVK/GCC_ARM/mbed-os/core/rtos/rtx/TARGET_CORTEX_M/rt_Mutex.o
                0x00002ad4                rt_mut_init
 .text.rt_mut_delete
                0x00002ae4       0xe0 C:/Users/hamed/Desktop/CODES/blinky-OS5/.build/tests/SARA_NBIOT_EVK/GCC_ARM/mbed-os/core/rtos/rtx/TARGET_CORTEX_M/rt_Mutex.o
                0x00002ae4                rt_mut_delete
 .text.rt_mut_release
                0x00002bc4      0x108 C:/Users/hamed/Desktop/CODES/blinky-OS5/.build/tests/SARA_NBIOT_EVK/GCC_ARM/mbed-os/core/rtos/rtx/TARGET_CORTEX_M/rt_Mutex.o
                0x00002bc4                rt_mut_release
 .text.rt_mut_wait
                0x00002ccc       0x68 C:/Users/hamed/Desktop/CODES/blinky-OS5/.build/tests/SARA_NBIOT_EVK/GCC_ARM/mbed-os/core/rtos/rtx/TARGET_CORTEX_M/rt_Mutex.o
                0x00002ccc                rt_mut_wait
 .text.rt_init_robin
                0x00002d34       0x18 C:/Users/hamed/Desktop/CODES/blinky-OS5/.build/tests/SARA_NBIOT_EVK/GCC_ARM/mbed-os/core/rtos/rtx/TARGET_CORTEX_M/rt_Robin.o
                0x00002d34                rt_init_robin
 .text.rt_chk_robin
                0x00002d4c       0x50 C:/Users/hamed/Desktop/CODES/blinky-OS5/.build/tests/SARA_NBIOT_EVK/GCC_ARM/mbed-os/core/rtos/rtx/TARGET_CORTEX_M/rt_Robin.o
                0x00002d4c                rt_chk_robin
 .text.rt_sem_psh
                0x00002d9c       0x34 C:/Users/hamed/Desktop/CODES/blinky-OS5/.build/tests/SARA_NBIOT_EVK/GCC_ARM/mbed-os/core/rtos/rtx/TARGET_CORTEX_M/rt_Semaphore.o
                0x00002d9c                rt_sem_psh
 .text.rt_psh_req
                0x00002dd0       0x28 C:/Users/hamed/Desktop/CODES/blinky-OS5/.build/tests/SARA_NBIOT_EVK/GCC_ARM/mbed-os/core/rtos/rtx/TARGET_CORTEX_M/rt_System.o
                0x00002dd0                rt_psh_req
 .text.rt_pop_req
                0x00002df8       0x80 C:/Users/hamed/Desktop/CODES/blinky-OS5/.build/tests/SARA_NBIOT_EVK/GCC_ARM/mbed-os/core/rtos/rtx/TARGET_CORTEX_M/rt_System.o
                0x00002df8                rt_pop_req
 .text.os_tick_init
                0x00002e78       0x3c C:/Users/hamed/Desktop/CODES/blinky-OS5/.build/tests/SARA_NBIOT_EVK/GCC_ARM/mbed-os/core/rtos/rtx/TARGET_CORTEX_M/rt_System.o
                0x00002e78                os_tick_init
 .text.os_tick_irqack
                0x00002eb4        0x4 C:/Users/hamed/Desktop/CODES/blinky-OS5/.build/tests/SARA_NBIOT_EVK/GCC_ARM/mbed-os/core/rtos/rtx/TARGET_CORTEX_M/rt_System.o
                0x00002eb4                os_tick_irqack
 .text.rt_systick
                0x00002eb8       0x3c C:/Users/hamed/Desktop/CODES/blinky-OS5/.build/tests/SARA_NBIOT_EVK/GCC_ARM/mbed-os/core/rtos/rtx/TARGET_CORTEX_M/rt_System.o
                0x00002eb8                rt_systick
 .text.rt_stk_check
                0x00002ef4       0x2c C:/Users/hamed/Desktop/CODES/blinky-OS5/.build/tests/SARA_NBIOT_EVK/GCC_ARM/mbed-os/core/rtos/rtx/TARGET_CORTEX_M/rt_System.o
                0x00002ef4                rt_stk_check
 .text.rt_dispatch.part.0
                0x00002f20       0x30 C:/Users/hamed/Desktop/CODES/blinky-OS5/.build/tests/SARA_NBIOT_EVK/GCC_ARM/mbed-os/core/rtos/rtx/TARGET_CORTEX_M/rt_Task.o
 .text.rt_switch_req
                0x00002f50       0x28 C:/Users/hamed/Desktop/CODES/blinky-OS5/.build/tests/SARA_NBIOT_EVK/GCC_ARM/mbed-os/core/rtos/rtx/TARGET_CORTEX_M/rt_Task.o
                0x00002f50                rt_switch_req
 .text.rt_dispatch
                0x00002f78       0x58 C:/Users/hamed/Desktop/CODES/blinky-OS5/.build/tests/SARA_NBIOT_EVK/GCC_ARM/mbed-os/core/rtos/rtx/TARGET_CORTEX_M/rt_Task.o
                0x00002f78                rt_dispatch
 .text.rt_block
                0x00002fd0       0x4c C:/Users/hamed/Desktop/CODES/blinky-OS5/.build/tests/SARA_NBIOT_EVK/GCC_ARM/mbed-os/core/rtos/rtx/TARGET_CORTEX_M/rt_Task.o
                0x00002fd0                rt_block
 .text.rt_tsk_self
                0x0000301c       0x14 C:/Users/hamed/Desktop/CODES/blinky-OS5/.build/tests/SARA_NBIOT_EVK/GCC_ARM/mbed-os/core/rtos/rtx/TARGET_CORTEX_M/rt_Task.o
                0x0000301c                rt_tsk_self
 .text.rt_tsk_prio
                0x00003030       0x84 C:/Users/hamed/Desktop/CODES/blinky-OS5/.build/tests/SARA_NBIOT_EVK/GCC_ARM/mbed-os/core/rtos/rtx/TARGET_CORTEX_M/rt_Task.o
                0x00003030                rt_tsk_prio
 .text.rt_tsk_create
                0x000030b4       0xd0 C:/Users/hamed/Desktop/CODES/blinky-OS5/.build/tests/SARA_NBIOT_EVK/GCC_ARM/mbed-os/core/rtos/rtx/TARGET_CORTEX_M/rt_Task.o
                0x000030b4                rt_tsk_create
 .text.rt_tsk_delete
                0x00003184      0x18c C:/Users/hamed/Desktop/CODES/blinky-OS5/.build/tests/SARA_NBIOT_EVK/GCC_ARM/mbed-os/core/rtos/rtx/TARGET_CORTEX_M/rt_Task.o
                0x00003184                rt_tsk_delete
 .text.rt_sys_init
                0x00003310      0x110 C:/Users/hamed/Desktop/CODES/blinky-OS5/.build/tests/SARA_NBIOT_EVK/GCC_ARM/mbed-os/core/rtos/rtx/TARGET_CORTEX_M/rt_Task.o
                0x00003310                rt_sys_init
 .text.rt_sys_start
                0x00003420       0x70 C:/Users/hamed/Desktop/CODES/blinky-OS5/.build/tests/SARA_NBIOT_EVK/GCC_ARM/mbed-os/core/rtos/rtx/TARGET_CORTEX_M/rt_Task.o
                0x00003420                rt_sys_start
 .text._Z16greentea_send_kvPKci.part.1
                0x00003490       0x84 C:/Users/hamed/Desktop/CODES/blinky-OS5/.build/tests/SARA_NBIOT_EVK/GCC_ARM/mbed-os/frameworks/greentea-client/source/test_env.o
 .text._Z16greentea_send_kvPKcS0_ii.part.2
                0x00003514       0xd8 C:/Users/hamed/Desktop/CODES/blinky-OS5/.build/tests/SARA_NBIOT_EVK/GCC_ARM/mbed-os/frameworks/greentea-client/source/test_env.o
 .text._Z14GREENTEA_SETUPiPKc
                0x000035ec        0x4 C:/Users/hamed/Desktop/CODES/blinky-OS5/.build/tests/SARA_NBIOT_EVK/GCC_ARM/mbed-os/frameworks/greentea-client/source/test_env.o
                0x000035ec                GREENTEA_SETUP(int, char const*)
 .text._Z16greentea_send_kvPKcS0_
                0x000035f0       0x84 C:/Users/hamed/Desktop/CODES/blinky-OS5/.build/tests/SARA_NBIOT_EVK/GCC_ARM/mbed-os/frameworks/greentea-client/source/test_env.o
                0x000035f0                greentea_send_kv(char const*, char const*)
 .text._Z25GREENTEA_TESTSUITE_RESULTi
                0x00003674       0x50 C:/Users/hamed/Desktop/CODES/blinky-OS5/.build/tests/SARA_NBIOT_EVK/GCC_ARM/mbed-os/frameworks/greentea-client/source/test_env.o
                0x00003674                GREENTEA_TESTSUITE_RESULT(int)
 .text._Z16greentea_send_kvPKci
                0x000036c4       0x2c C:/Users/hamed/Desktop/CODES/blinky-OS5/.build/tests/SARA_NBIOT_EVK/GCC_ARM/mbed-os/frameworks/greentea-client/source/test_env.o
                0x000036c4                greentea_send_kv(char const*, int)
 .text._Z16greentea_send_kvPKcS0_ii
                0x000036f0       0x3c C:/Users/hamed/Desktop/CODES/blinky-OS5/.build/tests/SARA_NBIOT_EVK/GCC_ARM/mbed-os/frameworks/greentea-client/source/test_env.o
                0x000036f0                greentea_send_kv(char const*, char const*, int, int)
 .text._Z16greentea_send_kvPKcii
                0x0000372c       0xcc C:/Users/hamed/Desktop/CODES/blinky-OS5/.build/tests/SARA_NBIOT_EVK/GCC_ARM/mbed-os/frameworks/greentea-client/source/test_env.o
                0x0000372c                greentea_send_kv(char const*, int, int)
 .text.startup._GLOBAL__sub_I_GREENTEA_TEST_ENV_END
                0x000037f8       0x28 C:/Users/hamed/Desktop/CODES/blinky-OS5/.build/tests/SARA_NBIOT_EVK/GCC_ARM/mbed-os/frameworks/greentea-client/source/test_env.o
 .text.utest_v1_enter_critical_section
                0x00003820        0x8 C:/Users/hamed/Desktop/CODES/blinky-OS5/.build/tests/SARA_NBIOT_EVK/GCC_ARM/mbed-os/frameworks/utest/mbed-utest-shim.o
                0x00003820                utest_v1_enter_critical_section
 .text.utest_v1_leave_critical_section
                0x00003828        0x8 C:/Users/hamed/Desktop/CODES/blinky-OS5/.build/tests/SARA_NBIOT_EVK/GCC_ARM/mbed-os/frameworks/utest/mbed-utest-shim.o
                0x00003828                utest_v1_leave_critical_section
 .text.startup._GLOBAL__sub_I_utest_v1_enter_critical_section
                0x00003830       0x1c C:/Users/hamed/Desktop/CODES/blinky-OS5/.build/tests/SARA_NBIOT_EVK/GCC_ARM/mbed-os/frameworks/utest/mbed-utest-shim.o
 .text.startup._GLOBAL__sub_I_utest_unity_assert_failure
                0x0000384c       0x1c C:/Users/hamed/Desktop/CODES/blinky-OS5/.build/tests/SARA_NBIOT_EVK/GCC_ARM/mbed-os/frameworks/utest/source/unity_handler.o
 .text._ZN5utest2v14CaseC2EPKcPFvvEPFNS0_8status_tEPKS1_NS0_9failure_tEE
                0x00003868       0x14 C:/Users/hamed/Desktop/CODES/blinky-OS5/.build/tests/SARA_NBIOT_EVK/GCC_ARM/mbed-os/frameworks/utest/source/utest_case.o
                0x00003868                utest::v1::Case::Case(char const*, void (*)(), utest::v1::status_t (*)(utest::v1::Case const*, utest::v1::failure_t))
                0x00003868                utest::v1::Case::Case(char const*, void (*)(), utest::v1::status_t (*)(utest::v1::Case const*, utest::v1::failure_t))
 .text._ZNK5utest2v14Case15get_descriptionEv
                0x0000387c        0x4 C:/Users/hamed/Desktop/CODES/blinky-OS5/.build/tests/SARA_NBIOT_EVK/GCC_ARM/mbed-os/frameworks/utest/source/utest_case.o
                0x0000387c                utest::v1::Case::get_description() const
 .text._ZNK5utest2v14Case8is_emptyEv
                0x00003880       0x28 C:/Users/hamed/Desktop/CODES/blinky-OS5/.build/tests/SARA_NBIOT_EVK/GCC_ARM/mbed-os/frameworks/utest/source/utest_case.o
                0x00003880                utest::v1::Case::is_empty() const
 .text.startup._GLOBAL__sub_I__ZN5utest2v14CaseC2EPKcPFNS0_8status_tEPKS1_jEPFvvEPFS4_S6_jjNS0_9failure_tEEPFS4_S6_SB_E
                0x000038a8       0x1c C:/Users/hamed/Desktop/CODES/blinky-OS5/.build/tests/SARA_NBIOT_EVK/GCC_ARM/mbed-os/frameworks/utest/source/utest_case.o
 .text._ZN5utest2v126verbose_test_setup_handlerEj
                0x000038c4       0x1c C:/Users/hamed/Desktop/CODES/blinky-OS5/.build/tests/SARA_NBIOT_EVK/GCC_ARM/mbed-os/frameworks/utest/source/utest_default_handlers.o
                0x000038c4                utest::v1::verbose_test_setup_handler(unsigned int)
 .text._ZN5utest2v126verbose_case_setup_handlerEPKNS0_4CaseEj
                0x000038e0       0x24 C:/Users/hamed/Desktop/CODES/blinky-OS5/.build/tests/SARA_NBIOT_EVK/GCC_ARM/mbed-os/frameworks/utest/source/utest_default_handlers.o
                0x000038e0                utest::v1::verbose_case_setup_handler(utest::v1::Case const*, unsigned int)
 .text._ZN5utest2v129verbose_test_teardown_handlerEjjNS0_9failure_tE
                0x00003904       0x5c C:/Users/hamed/Desktop/CODES/blinky-OS5/.build/tests/SARA_NBIOT_EVK/GCC_ARM/mbed-os/frameworks/utest/source/utest_default_handlers.o
                0x00003904                utest::v1::verbose_test_teardown_handler(unsigned int, unsigned int, utest::v1::failure_t)
 .text._ZN5utest2v129verbose_case_teardown_handlerEPKNS0_4CaseEjjNS0_9failure_tE
                0x00003960       0x58 C:/Users/hamed/Desktop/CODES/blinky-OS5/.build/tests/SARA_NBIOT_EVK/GCC_ARM/mbed-os/frameworks/utest/source/utest_default_handlers.o
                0x00003960                utest::v1::verbose_case_teardown_handler(utest::v1::Case const*, unsigned int, unsigned int, utest::v1::failure_t)
 .text._ZN5utest2v128verbose_test_failure_handlerENS0_9failure_tE
                0x000039b8       0x30 C:/Users/hamed/Desktop/CODES/blinky-OS5/.build/tests/SARA_NBIOT_EVK/GCC_ARM/mbed-os/frameworks/utest/source/utest_default_handlers.o
                0x000039b8                utest::v1::verbose_test_failure_handler(utest::v1::failure_t)
 .text._ZN5utest2v128verbose_case_failure_handlerEPKNS0_4CaseENS0_9failure_tE
                0x000039e8       0x2c C:/Users/hamed/Desktop/CODES/blinky-OS5/.build/tests/SARA_NBIOT_EVK/GCC_ARM/mbed-os/frameworks/utest/source/utest_default_handlers.o
                0x000039e8                utest::v1::verbose_case_failure_handler(utest::v1::Case const*, utest::v1::failure_t)
 .text.startup._GLOBAL__sub_I__ZN5utest2v125verbose_continue_handlersE
                0x00003a14       0x1c C:/Users/hamed/Desktop/CODES/blinky-OS5/.build/tests/SARA_NBIOT_EVK/GCC_ARM/mbed-os/frameworks/utest/source/utest_default_handlers.o
 .text._ZL20test_failure_handlerN5utest2v19failure_tE
                0x00003a30       0x20 C:/Users/hamed/Desktop/CODES/blinky-OS5/.build/tests/SARA_NBIOT_EVK/GCC_ARM/mbed-os/frameworks/utest/source/utest_greentea_handlers.o
 .text._ZL26unknown_test_setup_handlerj
                0x00003a50       0x28 C:/Users/hamed/Desktop/CODES/blinky-OS5/.build/tests/SARA_NBIOT_EVK/GCC_ARM/mbed-os/frameworks/utest/source/utest_greentea_handlers.o
 .text._ZN5utest2v130greentea_test_teardown_handlerEjjNS0_9failure_tE
                0x00003a78       0x38 C:/Users/hamed/Desktop/CODES/blinky-OS5/.build/tests/SARA_NBIOT_EVK/GCC_ARM/mbed-os/frameworks/utest/source/utest_greentea_handlers.o
                0x00003a78                utest::v1::greentea_test_teardown_handler(unsigned int, unsigned int, utest::v1::failure_t)
 .text._ZN5utest2v127greentea_case_setup_handlerEPKNS0_4CaseEj
                0x00003ab0       0x24 C:/Users/hamed/Desktop/CODES/blinky-OS5/.build/tests/SARA_NBIOT_EVK/GCC_ARM/mbed-os/frameworks/utest/source/utest_greentea_handlers.o
                0x00003ab0                utest::v1::greentea_case_setup_handler(utest::v1::Case const*, unsigned int)
 .text._ZN5utest2v130greentea_case_teardown_handlerEPKNS0_4CaseEjjNS0_9failure_tE
                0x00003ad4       0x34 C:/Users/hamed/Desktop/CODES/blinky-OS5/.build/tests/SARA_NBIOT_EVK/GCC_ARM/mbed-os/frameworks/utest/source/utest_greentea_handlers.o
                0x00003ad4                utest::v1::greentea_case_teardown_handler(utest::v1::Case const*, unsigned int, unsigned int, utest::v1::failure_t)
 .text._ZN5utest2v135greentea_case_failure_abort_handlerEPKNS0_4CaseENS0_9failure_tE
                0x00003b08       0x18 C:/Users/hamed/Desktop/CODES/blinky-OS5/.build/tests/SARA_NBIOT_EVK/GCC_ARM/mbed-os/frameworks/utest/source/utest_greentea_handlers.o
                0x00003b08                utest::v1::greentea_case_failure_abort_handler(utest::v1::Case const*, utest::v1::failure_t)
 .text._ZN5utest2v127greentea_test_setup_handlerEj
                0x00003b20       0x1c C:/Users/hamed/Desktop/CODES/blinky-OS5/.build/tests/SARA_NBIOT_EVK/GCC_ARM/mbed-os/frameworks/utest/source/utest_greentea_handlers.o
                0x00003b20                utest::v1::greentea_test_setup_handler(unsigned int)
 .text.startup._GLOBAL__sub_I__ZN5utest2v123greentea_abort_handlersE
                0x00003b3c       0x1c C:/Users/hamed/Desktop/CODES/blinky-OS5/.build/tests/SARA_NBIOT_EVK/GCC_ARM/mbed-os/frameworks/utest/source/utest_greentea_handlers.o
 .text._ZN5utest2v17Harness3runERKNS0_13SpecificationE.part.13
                0x00003b58      0x1e4 C:/Users/hamed/Desktop/CODES/blinky-OS5/.build/tests/SARA_NBIOT_EVK/GCC_ARM/mbed-os/frameworks/utest/source/utest_harness.o
 .text._ZN5utest2v17Harness13raise_failureENS0_16failure_reason_tE
                0x00003d3c      0x17c C:/Users/hamed/Desktop/CODES/blinky-OS5/.build/tests/SARA_NBIOT_EVK/GCC_ARM/mbed-os/frameworks/utest/source/utest_harness.o
                0x00003d3c                utest::v1::Harness::raise_failure(utest::v1::failure_reason_t)
 .text._ZN5utest2v17Harness18schedule_next_caseEv
                0x00003eb8      0x150 C:/Users/hamed/Desktop/CODES/blinky-OS5/.build/tests/SARA_NBIOT_EVK/GCC_ARM/mbed-os/frameworks/utest/source/utest_harness.o
                0x00003eb8                utest::v1::Harness::schedule_next_case()
 .text._ZN5utest2v17Harness14handle_timeoutEv
                0x00004008       0x5c C:/Users/hamed/Desktop/CODES/blinky-OS5/.build/tests/SARA_NBIOT_EVK/GCC_ARM/mbed-os/frameworks/utest/source/utest_harness.o
                0x00004008                utest::v1::Harness::handle_timeout()
 .text._ZN5utest2v17Harness13run_next_caseEv
                0x00004064      0x258 C:/Users/hamed/Desktop/CODES/blinky-OS5/.build/tests/SARA_NBIOT_EVK/GCC_ARM/mbed-os/frameworks/utest/source/utest_harness.o
                0x00004064                utest::v1::Harness::run_next_case()
 .text._ZN5utest2v17Harness7is_busyEv
                0x000042bc       0x40 C:/Users/hamed/Desktop/CODES/blinky-OS5/.build/tests/SARA_NBIOT_EVK/GCC_ARM/mbed-os/frameworks/utest/source/utest_harness.o
                0x000042bc                utest::v1::Harness::is_busy()
 .text._ZN5utest2v17Harness3runERKNS0_13SpecificationE
                0x000042fc       0x18 C:/Users/hamed/Desktop/CODES/blinky-OS5/.build/tests/SARA_NBIOT_EVK/GCC_ARM/mbed-os/frameworks/utest/source/utest_harness.o
                0x000042fc                utest::v1::Harness::run(utest::v1::Specification const&)
 .text.startup._GLOBAL__sub_I__ZN5utest2v17Harness13set_schedulerE20utest_v1_scheduler_t
                0x00004314       0x64 C:/Users/hamed/Desktop/CODES/blinky-OS5/.build/tests/SARA_NBIOT_EVK/GCC_ARM/mbed-os/frameworks/utest/source/utest_harness.o
 .text.startup._GLOBAL__sub_I_utest_serial
                0x00004378       0x28 C:/Users/hamed/Desktop/CODES/blinky-OS5/.build/tests/SARA_NBIOT_EVK/GCC_ARM/mbed-os/frameworks/utest/source/utest_serial.o
 .text._ZL14ticker_handlerv
                0x000043a0       0x14 C:/Users/hamed/Desktop/CODES/blinky-OS5/.build/tests/SARA_NBIOT_EVK/GCC_ARM/mbed-os/frameworks/utest/source/utest_shim.o
 .text._ZL20utest_us_ticker_initv
                0x000043b4        0x4 C:/Users/hamed/Desktop/CODES/blinky-OS5/.build/tests/SARA_NBIOT_EVK/GCC_ARM/mbed-os/frameworks/utest/source/utest_shim.o
 .text._ZL19utest_us_ticker_runv
                0x000043b8       0x18 C:/Users/hamed/Desktop/CODES/blinky-OS5/.build/tests/SARA_NBIOT_EVK/GCC_ARM/mbed-os/frameworks/utest/source/utest_shim.o
 .text._ZL22utest_us_ticker_cancelPv
                0x000043d0       0x10 C:/Users/hamed/Desktop/CODES/blinky-OS5/.build/tests/SARA_NBIOT_EVK/GCC_ARM/mbed-os/frameworks/utest/source/utest_shim.o
 .text._ZL20utest_us_ticker_postPFvvEm
                0x000043e0       0x6c C:/Users/hamed/Desktop/CODES/blinky-OS5/.build/tests/SARA_NBIOT_EVK/GCC_ARM/mbed-os/frameworks/utest/source/utest_shim.o
 .text.utest_v1_get_scheduler
                0x0000444c       0x14 C:/Users/hamed/Desktop/CODES/blinky-OS5/.build/tests/SARA_NBIOT_EVK/GCC_ARM/mbed-os/frameworks/utest/source/utest_shim.o
                0x0000444c                utest_v1_get_scheduler
 .text.startup._GLOBAL__sub_I_utest_timeout_object
                0x00004460       0x54 C:/Users/hamed/Desktop/CODES/blinky-OS5/.build/tests/SARA_NBIOT_EVK/GCC_ARM/mbed-os/frameworks/utest/source/utest_shim.o
 .text._ZN5utest2v19stringifyENS0_16failure_reason_tE
                0x000044b4       0xc0 C:/Users/hamed/Desktop/CODES/blinky-OS5/.build/tests/SARA_NBIOT_EVK/GCC_ARM/mbed-os/frameworks/utest/source/utest_types.o
                0x000044b4                utest::v1::stringify(utest::v1::failure_reason_t)
 .text._ZN5utest2v19stringifyENS0_10location_tE
                0x00004574       0x1c C:/Users/hamed/Desktop/CODES/blinky-OS5/.build/tests/SARA_NBIOT_EVK/GCC_ARM/mbed-os/frameworks/utest/source/utest_types.o
                0x00004574                utest::v1::stringify(utest::v1::location_t)
 .text.startup._GLOBAL__sub_I__ZN5utest2v19stringifyENS0_16failure_reason_tE
                0x00004590       0x1c C:/Users/hamed/Desktop/CODES/blinky-OS5/.build/tests/SARA_NBIOT_EVK/GCC_ARM/mbed-os/frameworks/utest/source/utest_types.o
 .text._Z22test_case_rtc_strftimev
                0x000045ac       0x88 C:/Users/hamed/Desktop/CODES/blinky-OS5/.build/tests/SARA_NBIOT_EVK/GCC_ARM/./mbed-os/TESTS/mbed_drivers/rtc/./main.o
                0x000045ac                test_case_rtc_strftime()
 .text._Z19greentea_test_setupj
                0x00004634       0x18 C:/Users/hamed/Desktop/CODES/blinky-OS5/.build/tests/SARA_NBIOT_EVK/GCC_ARM/./mbed-os/TESTS/mbed_drivers/rtc/./main.o
                0x00004634                greentea_test_setup(unsigned int)
 .text.startup.main
                0x0000464c       0x10 C:/Users/hamed/Desktop/CODES/blinky-OS5/.build/tests/SARA_NBIOT_EVK/GCC_ARM/./mbed-os/TESTS/mbed_drivers/rtc/./main.o
                0x0000464c                main
 .text.startup._GLOBAL__sub_I__Z22test_case_rtc_strftimev
                0x0000465c       0x88 C:/Users/hamed/Desktop/CODES/blinky-OS5/.build/tests/SARA_NBIOT_EVK/GCC_ARM/./mbed-os/TESTS/mbed_drivers/rtc/./main.o
 .text._ZdaPv   0x000046e4        0x8 c:/gcc4mbed-master/gcc4mbed-master/gcc-arm-none-eabi/bin/../lib/gcc/arm-none-eabi/5.2.1/../../../../arm-none-eabi/lib/armv6-m\libstdc++_nano.a(del_opv.o)
                0x000046e4                operator delete[](void*)
 .text.__aeabi_atexit
                0x000046ec        0xe c:/gcc4mbed-master/gcc4mbed-master/gcc-arm-none-eabi/bin/../lib/gcc/arm-none-eabi/5.2.1/../../../../arm-none-eabi/lib/armv6-m\libstdc++_nano.a(atexit_arm.o)
                0x000046ec                __aeabi_atexit
 .text._ZdlPv   0x000046fa        0x8 c:/gcc4mbed-master/gcc4mbed-master/gcc-arm-none-eabi/bin/../lib/gcc/arm-none-eabi/5.2.1/../../../../arm-none-eabi/lib/armv6-m\libstdc++_nano.a(del_op.o)
                0x000046fa                operator delete(void*)
 .text._Znwj    0x00004702       0x24 c:/gcc4mbed-master/gcc4mbed-master/gcc-arm-none-eabi/bin/../lib/gcc/arm-none-eabi/5.2.1/../../../../arm-none-eabi/lib/armv6-m\libstdc++_nano.a(new_op.o)
                0x00004702                operator new(unsigned int)
 .text._Znaj    0x00004726        0x8 c:/gcc4mbed-master/gcc4mbed-master/gcc-arm-none-eabi/bin/../lib/gcc/arm-none-eabi/5.2.1/../../../../arm-none-eabi/lib/armv6-m\libstdc++_nano.a(new_opv.o)
                0x00004726                operator new[](unsigned int)
 *fill*         0x0000472e        0x2 
 .text._ZSt15get_new_handlerv
                0x00004730        0xc c:/gcc4mbed-master/gcc4mbed-master/gcc-arm-none-eabi/bin/../lib/gcc/arm-none-eabi/5.2.1/../../../../arm-none-eabi/lib/armv6-m\libstdc++_nano.a(new_handler.o)
                0x00004730                std::get_new_handler()
 .text.abort    0x0000473c        0xe c:/gcc4mbed-master/gcc4mbed-master/gcc-arm-none-eabi/bin/../lib/gcc/arm-none-eabi/5.2.1/../../../../arm-none-eabi/lib/armv6-m\libc_nano.a(lib_a-abort.o)
                0x0000473c                abort
 .text.atexit   0x0000474a       0x10 c:/gcc4mbed-master/gcc4mbed-master/gcc-arm-none-eabi/bin/../lib/gcc/arm-none-eabi/5.2.1/../../../../arm-none-eabi/lib/armv6-m\libc_nano.a(lib_a-atexit.o)
                0x0000474a                atexit
 *fill*         0x0000475a        0x2 
 .text.__cxa_atexit
                0x0000475c       0x1c c:/gcc4mbed-master/gcc4mbed-master/gcc-arm-none-eabi/bin/../lib/gcc/arm-none-eabi/5.2.1/../../../../arm-none-eabi/lib/armv6-m\libc_nano.a(lib_a-cxa_atexit.o)
                0x0000475c                __cxa_atexit
 .text.exit     0x00004778       0x2c c:/gcc4mbed-master/gcc4mbed-master/gcc-arm-none-eabi/bin/../lib/gcc/arm-none-eabi/5.2.1/../../../../arm-none-eabi/lib/armv6-m\libc_nano.a(lib_a-exit.o)
                0x00004778                exit
 .text.__sflush_r
                0x000047a4      0x10c c:/gcc4mbed-master/gcc4mbed-master/gcc-arm-none-eabi/bin/../lib/gcc/arm-none-eabi/5.2.1/../../../../arm-none-eabi/lib/armv6-m\libc_nano.a(lib_a-fflush.o)
                0x000047a4                __sflush_r
 .text._fflush_r
                0x000048b0       0x58 c:/gcc4mbed-master/gcc4mbed-master/gcc-arm-none-eabi/bin/../lib/gcc/arm-none-eabi/5.2.1/../../../../arm-none-eabi/lib/armv6-m\libc_nano.a(lib_a-fflush.o)
                0x000048b0                _fflush_r
 .text.fflush   0x00004908       0x28 c:/gcc4mbed-master/gcc4mbed-master/gcc-arm-none-eabi/bin/../lib/gcc/arm-none-eabi/5.2.1/../../../../arm-none-eabi/lib/armv6-m\libc_nano.a(lib_a-fflush.o)
                0x00004908                fflush
 .text._cleanup_r
                0x00004930       0x10 c:/gcc4mbed-master/gcc4mbed-master/gcc-arm-none-eabi/bin/../lib/gcc/arm-none-eabi/5.2.1/../../../../arm-none-eabi/lib/armv6-m\libc_nano.a(lib_a-findfp.o)
                0x00004930                _cleanup_r
 .text.std.isra.0
                0x00004940       0x48 c:/gcc4mbed-master/gcc4mbed-master/gcc-arm-none-eabi/bin/../lib/gcc/arm-none-eabi/5.2.1/../../../../arm-none-eabi/lib/armv6-m\libc_nano.a(lib_a-findfp.o)
 .text.__sfmoreglue
                0x00004988       0x2c c:/gcc4mbed-master/gcc4mbed-master/gcc-arm-none-eabi/bin/../lib/gcc/arm-none-eabi/5.2.1/../../../../arm-none-eabi/lib/armv6-m\libc_nano.a(lib_a-findfp.o)
                0x00004988                __sfmoreglue
 .text.__sinit  0x000049b4       0x68 c:/gcc4mbed-master/gcc4mbed-master/gcc-arm-none-eabi/bin/../lib/gcc/arm-none-eabi/5.2.1/../../../../arm-none-eabi/lib/armv6-m\libc_nano.a(lib_a-findfp.o)
                0x000049b4                __sinit
 .text.__sfp    0x00004a1c       0x7c c:/gcc4mbed-master/gcc4mbed-master/gcc-arm-none-eabi/bin/../lib/gcc/arm-none-eabi/5.2.1/../../../../arm-none-eabi/lib/armv6-m\libc_nano.a(lib_a-findfp.o)
                0x00004a1c                __sfp
 .text.__libc_fini_array
                0x00004a98       0x28 c:/gcc4mbed-master/gcc4mbed-master/gcc-arm-none-eabi/bin/../lib/gcc/arm-none-eabi/5.2.1/../../../../arm-none-eabi/lib/armv6-m\libc_nano.a(lib_a-fini.o)
                0x00004a98                __libc_fini_array
 .text._fwalk_reent
                0x00004ac0       0x42 c:/gcc4mbed-master/gcc4mbed-master/gcc-arm-none-eabi/bin/../lib/gcc/arm-none-eabi/5.2.1/../../../../arm-none-eabi/lib/armv6-m\libc_nano.a(lib_a-fwalk.o)
                0x00004ac0                _fwalk_reent
 *fill*         0x00004b02        0x2 
 .text.__libc_init_array
                0x00004b04       0x4c c:/gcc4mbed-master/gcc4mbed-master/gcc-arm-none-eabi/bin/../lib/gcc/arm-none-eabi/5.2.1/../../../../arm-none-eabi/lib/armv6-m\libc_nano.a(lib_a-init.o)
                0x00004b04                __libc_init_array
 .text.localtime
                0x00004b50       0x24 c:/gcc4mbed-master/gcc4mbed-master/gcc-arm-none-eabi/bin/../lib/gcc/arm-none-eabi/5.2.1/../../../../arm-none-eabi/lib/armv6-m\libc_nano.a(lib_a-lcltime.o)
                0x00004b50                localtime
 .text.localtime_r
                0x00004b74      0x1e0 c:/gcc4mbed-master/gcc4mbed-master/gcc-arm-none-eabi/bin/../lib/gcc/arm-none-eabi/5.2.1/../../../../arm-none-eabi/lib/armv6-m\libc_nano.a(lib_a-lcltime_r.o)
                0x00004b74                localtime_r
 .text.malloc   0x00004d54       0x14 c:/gcc4mbed-master/gcc4mbed-master/gcc-arm-none-eabi/bin/../lib/gcc/arm-none-eabi/5.2.1/../../../../arm-none-eabi/lib/armv6-m\libc_nano.a(lib_a-malloc.o)
                0x00004d54                malloc
 .text.free     0x00004d68       0x14 c:/gcc4mbed-master/gcc4mbed-master/gcc-arm-none-eabi/bin/../lib/gcc/arm-none-eabi/5.2.1/../../../../arm-none-eabi/lib/armv6-m\libc_nano.a(lib_a-malloc.o)
                0x00004d68                free