Archive member included to satisfy reference by file (symbol)

c:/gcc4mbed-master/gcc4mbed-master/gcc-arm-none-eabi/bin/../lib/gcc/arm-none-eabi/5.2.1/../../../../arm-none-eabi/lib/armv6-m\libstdc++_nano.a(del_opv.o)
                              ./.build/SARA_NBIOT_EVK/GCC_ARM/mbed-os/core/hal/common/RawSerial.o (operator delete[](void*))
c:/gcc4mbed-master/gcc4mbed-master/gcc-arm-none-eabi/bin/../lib/gcc/arm-none-eabi/5.2.1/../../../../arm-none-eabi/lib/armv6-m\libstdc++_nano.a(atexit_arm.o)
                              ./.build/SARA_NBIOT_EVK/GCC_ARM/mbed-os/core/hal/common/FileBase.o (__aeabi_atexit)
c:/gcc4mbed-master/gcc4mbed-master/gcc-arm-none-eabi/bin/../lib/gcc/arm-none-eabi/5.2.1/../../../../arm-none-eabi/lib/armv6-m\libstdc++_nano.a(del_op.o)
                              ./.build/SARA_NBIOT_EVK/GCC_ARM/mbed-os/core/hal/common/BusIn.o (operator delete(void*))
c:/gcc4mbed-master/gcc4mbed-master/gcc-arm-none-eabi/bin/../lib/gcc/arm-none-eabi/5.2.1/../../../../arm-none-eabi/lib/armv6-m\libstdc++_nano.a(new_op.o)
                              ./.build/SARA_NBIOT_EVK/GCC_ARM/mbed-os/core/hal/common/BusIn.o (operator new(unsigned int))
c:/gcc4mbed-master/gcc4mbed-master/gcc-arm-none-eabi/bin/../lib/gcc/arm-none-eabi/5.2.1/../../../../arm-none-eabi/lib/armv6-m\libstdc++_nano.a(new_opv.o)
                              ./.build/SARA_NBIOT_EVK/GCC_ARM/mbed-os/core/hal/common/RawSerial.o (operator new[](unsigned int))
c:/gcc4mbed-master/gcc4mbed-master/gcc-arm-none-eabi/bin/../lib/gcc/arm-none-eabi/5.2.1/../../../../arm-none-eabi/lib/armv6-m\libstdc++_nano.a(guard.o)
                              ./.build/SARA_NBIOT_EVK/GCC_ARM/./blinky.o (__cxa_guard_acquire)
c:/gcc4mbed-master/gcc4mbed-master/gcc-arm-none-eabi/bin/../lib/gcc/arm-none-eabi/5.2.1/../../../../arm-none-eabi/lib/armv6-m\libstdc++_nano.a(new_handler.o)
                              c:/gcc4mbed-master/gcc4mbed-master/gcc-arm-none-eabi/bin/../lib/gcc/arm-none-eabi/5.2.1/../../../../arm-none-eabi/lib/armv6-m\libstdc++_nano.a(new_op.o) (std::get_new_handler())
c:/gcc4mbed-master/gcc4mbed-master/gcc-arm-none-eabi/bin/../lib/gcc/arm-none-eabi/5.2.1/../../../../arm-none-eabi/lib/armv6-m\libm.a(lib_a-s_fpclassify.o)
                              ./.build/SARA_NBIOT_EVK/GCC_ARM/mbed-os/frameworks/unity/source/unity.o (__fpclassifyd)
c:/gcc4mbed-master/gcc4mbed-master/gcc-arm-none-eabi/bin/../lib/gcc/arm-none-eabi/5.2.1/../../../../arm-none-eabi/lib/armv6-m\libm.a(lib_a-sf_fpclassify.o)
                              ./.build/SARA_NBIOT_EVK/GCC_ARM/mbed-os/frameworks/unity/source/unity.o (__fpclassifyf)
c:/gcc4mbed-master/gcc4mbed-master/gcc-arm-none-eabi/bin/../lib/gcc/arm-none-eabi/5.2.1/../../../../arm-none-eabi/lib/armv6-m\libc_nano.a(lib_a-abort.o)
                              c:/gcc4mbed-master/gcc4mbed-master/gcc-arm-none-eabi/bin/../lib/gcc/arm-none-eabi/5.2.1/../../../../arm-none-eabi/lib/armv6-m\libstdc++_nano.a(new_op.o) (abort)
c:/gcc4mbed-master/gcc4mbed-master/gcc-arm-none-eabi/bin/../lib/gcc/arm-none-eabi/5.2.1/../../../../arm-none-eabi/lib/armv6-m\libc_nano.a(lib_a-atexit.o)
                              ./.build/SARA_NBIOT_EVK/GCC_ARM/mbed-os/core/rtos/rtx/TARGET_CORTEX_M/RTX_Conf_CM.o (atexit)
c:/gcc4mbed-master/gcc4mbed-master/gcc-arm-none-eabi/bin/../lib/gcc/arm-none-eabi/5.2.1/../../../../arm-none-eabi/lib/armv6-m\libc_nano.a(lib_a-calloc.o)
                              ./.build/SARA_NBIOT_EVK/GCC_ARM/mbed-os/features/mbedtls/src/asn1parse.o (calloc)
c:/gcc4mbed-master/gcc4mbed-master/gcc-arm-none-eabi/bin/../lib/gcc/arm-none-eabi/5.2.1/../../../../arm-none-eabi/lib/armv6-m\libc_nano.a(lib_a-ctype_.o)
                              ./.build/SARA_NBIOT_EVK/GCC_ARM/mbed-os/features/storage/cfstore/source/cfstore_fnmatch.o (__ctype_ptr__)
c:/gcc4mbed-master/gcc4mbed-master/gcc-arm-none-eabi/bin/../lib/gcc/arm-none-eabi/5.2.1/../../../../arm-none-eabi/lib/armv6-m\libc_nano.a(lib_a-cxa_atexit.o)
                              c:/gcc4mbed-master/gcc4mbed-master/gcc-arm-none-eabi/bin/../lib/gcc/arm-none-eabi/5.2.1/../../../../arm-none-eabi/lib/armv6-m\libstdc++_nano.a(atexit_arm.o) (__cxa_atexit)
c:/gcc4mbed-master/gcc4mbed-master/gcc-arm-none-eabi/bin/../lib/gcc/arm-none-eabi/5.2.1/../../../../arm-none-eabi/lib/armv6-m\libc_nano.a(lib_a-errno.o)
                              ./.build/SARA_NBIOT_EVK/GCC_ARM/mbed-os/core/hal/common/retarget.o (__errno)
c:/gcc4mbed-master/gcc4mbed-master/gcc-arm-none-eabi/bin/../lib/gcc/arm-none-eabi/5.2.1/../../../../arm-none-eabi/lib/armv6-m\libc_nano.a(lib_a-exit.o)
                              c:/gcc4mbed-master/gcc4mbed-master/gcc-arm-none-eabi/bin/../lib/gcc/arm-none-eabi/5.2.1/../../../../arm-none-eabi/lib/armv6-m/crt0.o (exit)
c:/gcc4mbed-master/gcc4mbed-master/gcc-arm-none-eabi/bin/../lib/gcc/arm-none-eabi/5.2.1/../../../../arm-none-eabi/lib/armv6-m\libc_nano.a(lib_a-fclose.o)
                              ./.build/SARA_NBIOT_EVK/GCC_ARM/mbed-os/core/hal/common/Stream.o (fclose)
[...]
Memory Configuration

Name             Origin             Length             Attributes
VECTORS          0x00000000         0x000000c0
FLASH_PROGRAM    0x000000c0         0x0000ff40
SRAM             0x01000000         0x00003f00
IPC_MAILBOX      0x01003f00         0x00000100
*default*        0x00000000         0xffffffff

Linker script and memory map

LOAD c:/gcc4mbed-master/gcc4mbed-master/gcc-arm-none-eabi/bin/../lib/gcc/arm-none-eabi/5.2.1/armv6-m/crti.o
LOAD c:/gcc4mbed-master/gcc4mbed-master/gcc-arm-none-eabi/bin/../lib/gcc/arm-none-eabi/5.2.1/armv6-m/crtbegin.o
LOAD c:/gcc4mbed-master/gcc4mbed-master/gcc-arm-none-eabi/bin/../lib/gcc/arm-none-eabi/5.2.1/../../../../arm-none-eabi/lib/armv6-m/crt0.o
LOAD ./.build/SARA_NBIOT_EVK/GCC_ARM/./blinky.o
LOAD ./.build/SARA_NBIOT_EVK/GCC_ARM/mbed-os/core/hal/common/BusIn.o
LOAD ./.build/SARA_NBIOT_EVK/GCC_ARM/mbed-os/core/hal/common/AnalogIn.o
LOAD ./.build/SARA_NBIOT_EVK/GCC_ARM/mbed-os/core/hal/common/BusInOut.o
LOAD ./.build/SARA_NBIOT_EVK/GCC_ARM/mbed-os/core/hal/common/CallChain.o
LOAD ./.build/SARA_NBIOT_EVK/GCC_ARM/mbed-os/core/hal/common/CAN.o
LOAD ./.build/SARA_NBIOT_EVK/GCC_ARM/mbed-os/core/hal/common/BusOut.o
LOAD ./.build/SARA_NBIOT_EVK/GCC_ARM/mbed-os/core/hal/common/Ethernet.o
LOAD ./.build/SARA_NBIOT_EVK/GCC_ARM/mbed-os/core/hal/common/FileBase.o
LOAD ./.build/SARA_NBIOT_EVK/GCC_ARM/mbed-os/core/hal/common/FileLike.o
LOAD ./.build/SARA_NBIOT_EVK/GCC_ARM/mbed-os/core/hal/common/FilePath.o
LOAD ./.build/SARA_NBIOT_EVK/GCC_ARM/mbed-os/core/hal/common/FileSystemLike.o
LOAD ./.build/SARA_NBIOT_EVK/GCC_ARM/mbed-os/core/hal/common/I2C.o
LOAD ./.build/SARA_NBIOT_EVK/GCC_ARM/mbed-os/core/hal/common/I2CSlave.o
LOAD ./.build/SARA_NBIOT_EVK/GCC_ARM/mbed-os/core/hal/common/InterruptIn.o
LOAD ./.build/SARA_NBIOT_EVK/GCC_ARM/mbed-os/core/hal/common/LocalFileSystem.o
LOAD ./.build/SARA_NBIOT_EVK/GCC_ARM/mbed-os/core/hal/common/InterruptManager.o
LOAD ./.build/SARA_NBIOT_EVK/GCC_ARM/mbed-os/core/hal/common/SPI.o
LOAD ./.build/SARA_NBIOT_EVK/GCC_ARM/mbed-os/core/hal/common/RawSerial.o
LOAD ./.build/SARA_NBIOT_EVK/GCC_ARM/mbed-os/core/hal/common/SPISlave.o
LOAD ./.build/SARA_NBIOT_EVK/GCC_ARM/mbed-os/core/hal/common/Serial.o
LOAD ./.build/SARA_NBIOT_EVK/GCC_ARM/mbed-os/core/hal/common/SerialBase.o
LOAD ./.build/SARA_NBIOT_EVK/GCC_ARM/mbed-os/core/hal/common/Stream.o
LOAD ./.build/SARA_NBIOT_EVK/GCC_ARM/mbed-os/core/hal/common/Ticker.o
LOAD ./.build/SARA_NBIOT_EVK/GCC_ARM/mbed-os/core/hal/common/Timeout.o
LOAD ./.build/SARA_NBIOT_EVK/GCC_ARM/mbed-os/core/hal/common/TimerEvent.o
LOAD ./.build/SARA_NBIOT_EVK/GCC_ARM/mbed-os/core/hal/common/Timer.o
LOAD ./.build/SARA_NBIOT_EVK/GCC_ARM/mbed-os/core/hal/common/assert.o
LOAD ./.build/SARA_NBIOT_EVK/GCC_ARM/mbed-os/core/hal/common/board.o
LOAD ./.build/SARA_NBIOT_EVK/GCC_ARM/mbed-os/core/hal/common/critical.o
LOAD ./.build/SARA_NBIOT_EVK/GCC_ARM/mbed-os/core/hal/common/error.o
LOAD ./.build/SARA_NBIOT_EVK/GCC_ARM/mbed-os/core/hal/common/gpio.o
LOAD ./.build/SARA_NBIOT_EVK/GCC_ARM/mbed-os/core/hal/common/lp_ticker_api.o
LOAD ./.build/SARA_NBIOT_EVK/GCC_ARM/mbed-os/core/hal/common/pinmap_common.o
LOAD ./.build/SARA_NBIOT_EVK/GCC_ARM/mbed-os/core/hal/common/mbed_interface.o
LOAD ./.build/SARA_NBIOT_EVK/GCC_ARM/mbed-os/core/hal/common/rtc_time.o
LOAD ./.build/SARA_NBIOT_EVK/GCC_ARM/mbed-os/core/hal/common/retarget.o
LOAD ./.build/SARA_NBIOT_EVK/GCC_ARM/mbed-os/core/hal/common/semihost_api.o
LOAD ./.build/SARA_NBIOT_EVK/GCC_ARM/mbed-os/core/hal/common/ticker_api.o
LOAD ./.build/SARA_NBIOT_EVK/GCC_ARM/mbed-os/core/hal/common/wait_api.o
LOAD ./.build/SARA_NBIOT_EVK/GCC_ARM/mbed-os/core/hal/common/us_ticker_api.o
LOAD ./.build/SARA_NBIOT_EVK/GCC_ARM/mbed-os/core/hal/targets/cmsis/TARGET_ublox/TARGET_HI2110/TOOLCHAIN_GCC_ARM/startup_HI2110.o
LOAD ./.build/SARA_NBIOT_EVK/GCC_ARM/mbed-os/core/hal/targets/cmsis/TARGET_ublox/TARGET_HI2110/cmsis_nvic.o
LOAD ./.build/SARA_NBIOT_EVK/GCC_ARM/mbed-os/core/hal/targets/hal/TARGET_ublox/TARGET_HI2110/HI2110_init.o
LOAD ./.build/SARA_NBIOT_EVK/GCC_ARM/mbed-os/core/hal/targets/cmsis/TARGET_ublox/TARGET_HI2110/system_HI2110.o
LOAD ./.build/SARA_NBIOT_EVK/GCC_ARM/mbed-os/core/hal/targets/hal/TARGET_ublox/TARGET_HI2110/gpio_api.o
LOAD ./.build/SARA_NBIOT_EVK/GCC_ARM/mbed-os/core/hal/targets/hal/TARGET_ublox/TARGET_HI2110/gpio_irq_api.o
LOAD ./.build/SARA_NBIOT_EVK/GCC_ARM/mbed-os/core/hal/targets/hal/TARGET_ublox/TARGET_HI2110/mbed_overrides.o
LOAD ./.build/SARA_NBIOT_EVK/GCC_ARM/mbed-os/core/hal/targets/hal/TARGET_ublox/TARGET_HI2110/lp_ticker.o
LOAD ./.build/SARA_NBIOT_EVK/GCC_ARM/mbed-os/core/hal/targets/hal/TARGET_ublox/TARGET_HI2110/pinmap.o
LOAD ./.build/SARA_NBIOT_EVK/GCC_ARM/mbed-os/core/hal/targets/hal/TARGET_ublox/TARGET_HI2110/port_api.o
LOAD ./.build/SARA_NBIOT_EVK/GCC_ARM/mbed-os/core/hal/targets/hal/TARGET_ublox/TARGET_HI2110/sleep.o
LOAD ./.build/SARA_NBIOT_EVK/GCC_ARM/mbed-os/core/hal/targets/hal/TARGET_ublox/TARGET_HI2110/serial_api.o
LOAD ./.build/SARA_NBIOT_EVK/GCC_ARM/mbed-os/core/hal/targets/hal/TARGET_ublox/TARGET_HI2110/us_ticker.o
LOAD ./.build/SARA_NBIOT_EVK/GCC_ARM/mbed-os/core/rtos/rtos/Mutex.o
LOAD ./.build/SARA_NBIOT_EVK/GCC_ARM/mbed-os/core/rtos/rtos/RtosTimer.o
LOAD ./.build/SARA_NBIOT_EVK/GCC_ARM/mbed-os/core/rtos/rtos/Semaphore.o
LOAD ./.build/SARA_NBIOT_EVK/GCC_ARM/mbed-os/core/rtos/rtos/rtos_idle.o
LOAD ./.build/SARA_NBIOT_EVK/GCC_ARM/mbed-os/core/rtos/rtos/Thread.o
LOAD ./.build/SARA_NBIOT_EVK/GCC_ARM/mbed-os/core/rtos/rtx/TARGET_CORTEX_M/HAL_CM.o
LOAD ./.build/SARA_NBIOT_EVK/GCC_ARM/mbed-os/core/rtos/rtx/TARGET_CORTEX_M/RTX_Conf_CM.o
LOAD ./.build/SARA_NBIOT_EVK/GCC_ARM/mbed-os/core/rtos/rtx/TARGET_CORTEX_M/TARGET_M0/TOOLCHAIN_GCC/HAL_CM0.o
LOAD ./.build/SARA_NBIOT_EVK/GCC_ARM/mbed-os/core/rtos/rtx/TARGET_CORTEX_M/TARGET_M0/TOOLCHAIN_GCC/SVC_Table.o
LOAD ./.build/SARA_NBIOT_EVK/GCC_ARM/mbed-os/core/rtos/rtx/TARGET_CORTEX_M/rt_Event.o
LOAD ./.build/SARA_NBIOT_EVK/GCC_ARM/mbed-os/core/rtos/rtx/TARGET_CORTEX_M/rt_CMSIS.o
LOAD ./.build/SARA_NBIOT_EVK/GCC_ARM/mbed-os/core/rtos/rtx/TARGET_CORTEX_M/rt_List.o
LOAD ./.build/SARA_NBIOT_EVK/GCC_ARM/mbed-os/core/rtos/rtx/TARGET_CORTEX_M/rt_Mailbox.o
LOAD ./.build/SARA_NBIOT_EVK/GCC_ARM/mbed-os/core/rtos/rtx/TARGET_CORTEX_M/rt_MemBox.o
LOAD ./.build/SARA_NBIOT_EVK/GCC_ARM/mbed-os/core/rtos/rtx/TARGET_CORTEX_M/rt_Memory.o
LOAD ./.build/SARA_NBIOT_EVK/GCC_ARM/mbed-os/core/rtos/rtx/TARGET_CORTEX_M/rt_Mutex.o
LOAD ./.build/SARA_NBIOT_EVK/GCC_ARM/mbed-os/core/rtos/rtx/TARGET_CORTEX_M/rt_OsEventObserver.o
LOAD ./.build/SARA_NBIOT_EVK/GCC_ARM/mbed-os/core/rtos/rtx/TARGET_CORTEX_M/rt_Robin.o
LOAD ./.build/SARA_NBIOT_EVK/GCC_ARM/mbed-os/core/rtos/rtx/TARGET_CORTEX_M/rt_Semaphore.o
LOAD ./.build/SARA_NBIOT_EVK/GCC_ARM/mbed-os/core/rtos/rtx/TARGET_CORTEX_M/rt_System.o
LOAD ./.build/SARA_NBIOT_EVK/GCC_ARM/mbed-os/core/rtos/rtx/TARGET_CORTEX_M/rt_Task.o
LOAD ./.build/SARA_NBIOT_EVK/GCC_ARM/mbed-os/core/rtos/rtx/TARGET_CORTEX_M/rt_Time.o
LOAD ./.build/SARA_NBIOT_EVK/GCC_ARM/mbed-os/core/rtos/rtx/TARGET_CORTEX_M/rt_Timer.o
LOAD ./.build/SARA_NBIOT_EVK/GCC_ARM/mbed-os/drivers/ESP8266Interface/ESP8266/ATParser/BufferedSerial/Buffer/MyBuffer.o
LOAD ./.build/SARA_NBIOT_EVK/GCC_ARM/mbed-os/drivers/ESP8266Interface/ESP8266/ATParser/ATParser.o
LOAD ./.build/SARA_NBIOT_EVK/GCC_ARM/mbed-os/drivers/ESP8266Interface/ESP8266Interface.o
LOAD ./.build/SARA_NBIOT_EVK/GCC_ARM/mbed-os/drivers/ESP8266Interface/ESP8266/ATParser/BufferedSerial/BufferedPrint.o
LOAD ./.build/SARA_NBIOT_EVK/GCC_ARM/mbed-os/drivers/ESP8266Interface/ESP8266/ESP8266.o
LOAD ./.build/SARA_NBIOT_EVK/GCC_ARM/mbed-os/features/NetworkSocketAPI/DnsQuery/DnsQuery.o
LOAD ./.build/SARA_NBIOT_EVK/GCC_ARM/mbed-os/drivers/ESP8266Interface/ESP8266/ATParser/BufferedSerial/BufferedSerial.o
LOAD ./.build/SARA_NBIOT_EVK/GCC_ARM/mbed-os/features/NetworkSocketAPI/NetworkStack.o
LOAD ./.build/SARA_NBIOT_EVK/GCC_ARM/mbed-os/features/NetworkSocketAPI/Socket.o
LOAD ./.build/SARA_NBIOT_EVK/GCC_ARM/mbed-os/features/NetworkSocketAPI/SocketAddress.o
LOAD ./.build/SARA_NBIOT_EVK/GCC_ARM/mbed-os/features/NetworkSocketAPI/TCPServer.o
LOAD ./.build/SARA_NBIOT_EVK/GCC_ARM/mbed-os/features/NetworkSocketAPI/TCPSocket.o
LOAD ./.build/SARA_NBIOT_EVK/GCC_ARM/mbed-os/features/mbedtls/src/aesni.o
LOAD ./.build/SARA_NBIOT_EVK/GCC_ARM/mbed-os/features/mbedtls/src/arc4.o
LOAD ./.build/SARA_NBIOT_EVK/GCC_ARM/mbed-os/features/NetworkSocketAPI/UDPSocket.o
LOAD ./.build/SARA_NBIOT_EVK/GCC_ARM/mbed-os/features/mbedtls/src/aes.o
LOAD ./.build/SARA_NBIOT_EVK/GCC_ARM/mbed-os/features/mbedtls/src/asn1parse.o
LOAD ./.build/SARA_NBIOT_EVK/GCC_ARM/mbed-os/features/mbedtls/src/base64.o
LOAD ./.build/SARA_NBIOT_EVK/GCC_ARM/mbed-os/features/mbedtls/src/asn1write.o
LOAD ./.build/SARA_NBIOT_EVK/GCC_ARM/mbed-os/features/mbedtls/src/camellia.o
LOAD ./.build/SARA_NBIOT_EVK/GCC_ARM/mbed-os/features/mbedtls/src/blowfish.o
LOAD ./.build/SARA_NBIOT_EVK/GCC_ARM/mbed-os/features/mbedtls/src/bignum.o
LOAD ./.build/SARA_NBIOT_EVK/GCC_ARM/mbed-os/features/mbedtls/src/certs.o
LOAD ./.build/SARA_NBIOT_EVK/GCC_ARM/mbed-os/features/mbedtls/src/ccm.o
LOAD ./.build/SARA_NBIOT_EVK/GCC_ARM/mbed-os/features/mbedtls/src/cipher.o
LOAD ./.build/SARA_NBIOT_EVK/GCC_ARM/mbed-os/features/mbedtls/src/cipher_wrap.o
LOAD ./.build/SARA_NBIOT_EVK/GCC_ARM/mbed-os/features/mbedtls/src/debug.o
LOAD ./.build/SARA_NBIOT_EVK/GCC_ARM/mbed-os/features/mbedtls/src/dhm.o
LOAD ./.build/SARA_NBIOT_EVK/GCC_ARM/mbed-os/features/mbedtls/src/des.o
LOAD ./.build/SARA_NBIOT_EVK/GCC_ARM/mbed-os/features/mbedtls/src/ctr_drbg.o
LOAD ./.build/SARA_NBIOT_EVK/GCC_ARM/mbed-os/features/mbedtls/src/ecdh.o
LOAD ./.build/SARA_NBIOT_EVK/GCC_ARM/mbed-os/features/mbedtls/src/ecjpake.o
LOAD ./.build/SARA_NBIOT_EVK/GCC_ARM/mbed-os/features/mbedtls/src/ecdsa.o
LOAD ./.build/SARA_NBIOT_EVK/GCC_ARM/mbed-os/features/mbedtls/src/entropy.o
LOAD ./.build/SARA_NBIOT_EVK/GCC_ARM/mbed-os/features/mbedtls/src/ecp_curves.o
LOAD ./.build/SARA_NBIOT_EVK/GCC_ARM/mbed-os/features/mbedtls/src/entropy_poll.o
LOAD ./.build/SARA_NBIOT_EVK/GCC_ARM/mbed-os/features/mbedtls/src/ecp.o
LOAD ./.build/SARA_NBIOT_EVK/GCC_ARM/mbed-os/features/mbedtls/src/havege.o
LOAD ./.build/SARA_NBIOT_EVK/GCC_ARM/mbed-os/features/mbedtls/src/error.o
LOAD ./.build/SARA_NBIOT_EVK/GCC_ARM/mbed-os/features/mbedtls/src/gcm.o
LOAD ./.build/SARA_NBIOT_EVK/GCC_ARM/mbed-os/features/mbedtls/src/md2.o
LOAD ./.build/SARA_NBIOT_EVK/GCC_ARM/mbed-os/features/mbedtls/src/hmac_drbg.o
LOAD ./.build/SARA_NBIOT_EVK/GCC_ARM/mbed-os/features/mbedtls/src/md4.o
LOAD ./.build/SARA_NBIOT_EVK/GCC_ARM/mbed-os/features/mbedtls/src/md.o
LOAD ./.build/SARA_NBIOT_EVK/GCC_ARM/mbed-os/features/mbedtls/src/md5.o
LOAD ./.build/SARA_NBIOT_EVK/GCC_ARM/mbed-os/features/mbedtls/src/md_wrap.o
LOAD ./.build/SARA_NBIOT_EVK/GCC_ARM/mbed-os/features/mbedtls/src/memory_buffer_alloc.o
LOAD ./.build/SARA_NBIOT_EVK/GCC_ARM/mbed-os/features/mbedtls/src/net.o
LOAD ./.build/SARA_NBIOT_EVK/GCC_ARM/mbed-os/features/mbedtls/src/padlock.o
LOAD ./.build/SARA_NBIOT_EVK/GCC_ARM/mbed-os/features/mbedtls/src/oid.o
LOAD ./.build/SARA_NBIOT_EVK/GCC_ARM/mbed-os/features/mbedtls/src/pk.o
LOAD ./.build/SARA_NBIOT_EVK/GCC_ARM/mbed-os/features/mbedtls/src/pkcs11.o
LOAD ./.build/SARA_NBIOT_EVK/GCC_ARM/mbed-os/features/mbedtls/src/pem.o
LOAD ./.build/SARA_NBIOT_EVK/GCC_ARM/mbed-os/features/mbedtls/src/pkcs5.o
LOAD ./.build/SARA_NBIOT_EVK/GCC_ARM/mbed-os/features/mbedtls/src/pk_wrap.o
LOAD ./.build/SARA_NBIOT_EVK/GCC_ARM/mbed-os/features/mbedtls/src/pkcs12.o
LOAD ./.build/SARA_NBIOT_EVK/GCC_ARM/mbed-os/features/mbedtls/src/ripemd160.o
LOAD ./.build/SARA_NBIOT_EVK/GCC_ARM/mbed-os/features/mbedtls/src/pkparse.o
LOAD ./.build/SARA_NBIOT_EVK/GCC_ARM/mbed-os/features/mbedtls/src/pkwrite.o
LOAD ./.build/SARA_NBIOT_EVK/GCC_ARM/mbed-os/features/mbedtls/src/sha1.o
LOAD ./.build/SARA_NBIOT_EVK/GCC_ARM/mbed-os/features/mbedtls/src/platform.o
LOAD ./.build/SARA_NBIOT_EVK/GCC_ARM/mbed-os/features/mbedtls/src/rsa.o
LOAD ./.build/SARA_NBIOT_EVK/GCC_ARM/mbed-os/features/mbedtls/src/sha256.o
LOAD ./.build/SARA_NBIOT_EVK/GCC_ARM/mbed-os/features/mbedtls/src/sha512.o
LOAD ./.build/SARA_NBIOT_EVK/GCC_ARM/mbed-os/features/mbedtls/src/ssl_cache.o
LOAD ./.build/SARA_NBIOT_EVK/GCC_ARM/mbed-os/features/mbedtls/src/ssl_ciphersuites.o
LOAD ./.build/SARA_NBIOT_EVK/GCC_ARM/mbed-os/features/mbedtls/src/ssl_srv.o
LOAD ./.build/SARA_NBIOT_EVK/GCC_ARM/mbed-os/features/mbedtls/src/ssl_ticket.o
LOAD ./.build/SARA_NBIOT_EVK/GCC_ARM/mbed-os/features/mbedtls/src/ssl_cli.o
LOAD ./.build/SARA_NBIOT_EVK/GCC_ARM/mbed-os/features/mbedtls/src/ssl_cookie.o
LOAD ./.build/SARA_NBIOT_EVK/GCC_ARM/mbed-os/features/mbedtls/src/version.o
LOAD ./.build/SARA_NBIOT_EVK/GCC_ARM/mbed-os/features/mbedtls/src/threading.o
LOAD ./.build/SARA_NBIOT_EVK/GCC_ARM/mbed-os/features/mbedtls/src/timing.o
LOAD ./.build/SARA_NBIOT_EVK/GCC_ARM/mbed-os/features/mbedtls/src/x509.o
LOAD ./.build/SARA_NBIOT_EVK/GCC_ARM/mbed-os/features/mbedtls/src/ssl_tls.o
LOAD ./.build/SARA_NBIOT_EVK/GCC_ARM/mbed-os/features/mbedtls/src/version_features.o
LOAD ./.build/SARA_NBIOT_EVK/GCC_ARM/mbed-os/features/mbedtls/src/x509_create.o
LOAD ./.build/SARA_NBIOT_EVK/GCC_ARM/mbed-os/features/mbedtls/src/x509_csr.o
LOAD ./.build/SARA_NBIOT_EVK/GCC_ARM/mbed-os/features/mbedtls/src/x509_crl.o
LOAD ./.build/SARA_NBIOT_EVK/GCC_ARM/mbed-os/features/mbedtls/src/x509_crt.o
LOAD ./.build/SARA_NBIOT_EVK/GCC_ARM/mbed-os/features/mbedtls/src/x509write_crt.o
LOAD ./.build/SARA_NBIOT_EVK/GCC_ARM/mbed-os/features/mbedtls/src/x509write_csr.o
LOAD ./.build/SARA_NBIOT_EVK/GCC_ARM/mbed-os/features/mbedtls/src/xtea.o
LOAD ./.build/SARA_NBIOT_EVK/GCC_ARM/mbed-os/features/storage/cfstore/source/cfstore_fnmatch.o
LOAD ./.build/SARA_NBIOT_EVK/GCC_ARM/mbed-os/features/storage/cfstore/source/cfstore_test.o
LOAD ./.build/SARA_NBIOT_EVK/GCC_ARM/mbed-os/features/storage/flash-journal/flash-journal-strategy-sequential/strategy.o
LOAD ./.build/SARA_NBIOT_EVK/GCC_ARM/mbed-os/features/storage/cfstore/source/configuration_store.o
LOAD ./.build/SARA_NBIOT_EVK/GCC_ARM/mbed-os/frameworks/greentea-client/source/test_env.o
LOAD ./.build/SARA_NBIOT_EVK/GCC_ARM/mbed-os/features/storage/flash-journal/flash-journal-strategy-sequential/support_funcs.o
LOAD ./.build/SARA_NBIOT_EVK/GCC_ARM/mbed-os/frameworks/unity/source/unity.o
LOAD ./.build/SARA_NBIOT_EVK/GCC_ARM/mbed-os/frameworks/utest/mbed-utest-shim.o
LOAD ./.build/SARA_NBIOT_EVK/GCC_ARM/mbed-os/frameworks/utest/source/utest_case.o
LOAD ./.build/SARA_NBIOT_EVK/GCC_ARM/mbed-os/frameworks/utest/source/unity_handler.o
LOAD ./.build/SARA_NBIOT_EVK/GCC_ARM/mbed-os/frameworks/utest/source/utest_default_handlers.o
LOAD ./.build/SARA_NBIOT_EVK/GCC_ARM/mbed-os/frameworks/utest/source/utest_greentea_handlers.o
LOAD ./.build/SARA_NBIOT_EVK/GCC_ARM/mbed-os/frameworks/utest/source/utest_serial.o
LOAD ./.build/SARA_NBIOT_EVK/GCC_ARM/mbed-os/frameworks/utest/source/utest_harness.o
LOAD ./.build/SARA_NBIOT_EVK/GCC_ARM/mbed-os/frameworks/utest/source/utest_stack_trace.o
LOAD ./.build/SARA_NBIOT_EVK/GCC_ARM/mbed-os/frameworks/utest/source/utest_shim.o
LOAD ./.build/SARA_NBIOT_EVK/GCC_ARM/mbed-os/frameworks/utest/source/utest_types.o
START GROUP
LOAD c:/gcc4mbed-master/gcc4mbed-master/gcc-arm-none-eabi/bin/../lib/gcc/arm-none-eabi/5.2.1/../../../../arm-none-eabi/lib/armv6-m\libstdc++_nano.a
LOAD c:/gcc4mbed-master/gcc4mbed-master/gcc-arm-none-eabi/bin/../lib/gcc/arm-none-eabi/5.2.1/../../../../arm-none-eabi/lib/armv6-m\libsupc++_nano.a
LOAD c:/gcc4mbed-master/gcc4mbed-master/gcc-arm-none-eabi/bin/../lib/gcc/arm-none-eabi/5.2.1/../../../../arm-none-eabi/lib/armv6-m\libm.a
LOAD c:/gcc4mbed-master/gcc4mbed-master/gcc-arm-none-eabi/bin/../lib/gcc/arm-none-eabi/5.2.1/../../../../arm-none-eabi/lib/armv6-m\libc_nano.a
LOAD c:/gcc4mbed-master/gcc4mbed-master/gcc-arm-none-eabi/bin/../lib/gcc/arm-none-eabi/5.2.1/armv6-m\libgcc.a
LOAD c:/gcc4mbed-master/gcc4mbed-master/gcc-arm-none-eabi/bin/../lib/gcc/arm-none-eabi/5.2.1/../../../../arm-none-eabi/lib/armv6-m\libnosys.a
END GROUP
LOAD c:/gcc4mbed-master/gcc4mbed-master/gcc-arm-none-eabi/bin/../lib/gcc/arm-none-eabi/5.2.1/../../../../arm-none-eabi/lib/armv6-m\libstdc++_nano.a
LOAD c:/gcc4mbed-master/gcc4mbed-master/gcc-arm-none-eabi/bin/../lib/gcc/arm-none-eabi/5.2.1/../../../../arm-none-eabi/lib/armv6-m\libsupc++_nano.a
LOAD c:/gcc4mbed-master/gcc4mbed-master/gcc-arm-none-eabi/bin/../lib/gcc/arm-none-eabi/5.2.1/../../../../arm-none-eabi/lib/armv6-m\libm.a
LOAD c:/gcc4mbed-master/gcc4mbed-master/gcc-arm-none-eabi/bin/../lib/gcc/arm-none-eabi/5.2.1/../../../../arm-none-eabi/lib/armv6-m\libc_nano.a
LOAD c:/gcc4mbed-master/gcc4mbed-master/gcc-arm-none-eabi/bin/../lib/gcc/arm-none-eabi/5.2.1/armv6-m\libgcc.a
LOAD c:/gcc4mbed-master/gcc4mbed-master/gcc-arm-none-eabi/bin/../lib/gcc/arm-none-eabi/5.2.1/../../../../arm-none-eabi/lib/armv6-m\libnosys.a
START GROUP
LOAD c:/gcc4mbed-master/gcc4mbed-master/gcc-arm-none-eabi/bin/../lib/gcc/arm-none-eabi/5.2.1/armv6-m\libgcc.a
LOAD c:/gcc4mbed-master/gcc4mbed-master/gcc-arm-none-eabi/bin/../lib/gcc/arm-none-eabi/5.2.1/../../../../arm-none-eabi/lib/armv6-m\libc_nano.a
END GROUP
START GROUP
LOAD c:/gcc4mbed-master/gcc4mbed-master/gcc-arm-none-eabi/bin/../lib/gcc/arm-none-eabi/5.2.1/armv6-m\libgcc.a
LOAD c:/gcc4mbed-master/gcc4mbed-master/gcc-arm-none-eabi/bin/../lib/gcc/arm-none-eabi/5.2.1/../../../../arm-none-eabi/lib/armv6-m\libc_nano.a
END GROUP
LOAD c:/gcc4mbed-master/gcc4mbed-master/gcc-arm-none-eabi/bin/../lib/gcc/arm-none-eabi/5.2.1/armv6-m/crtend.o
LOAD c:/gcc4mbed-master/gcc4mbed-master/gcc-arm-none-eabi/bin/../lib/gcc/arm-none-eabi/5.2.1/armv6-m/crtn.o
                0x00000000                . = 0x0

startup         0x00000000       0x88
 *(.isr_vector)
 .isr_vector    0x00000000       0x88 ./.build/SARA_NBIOT_EVK/GCC_ARM/mbed-os/core/hal/targets/cmsis/TARGET_ublox/TARGET_HI2110/TOOLCHAIN_GCC_ARM/startup_HI2110.o
                0x00000000                g_pfnVectors

.text           0x000000c0     0x7978
                0x000000c0                . = ALIGN (0x4)
 *(.text)
 .text          0x000000c0       0xb4 c:/gcc4mbed-master/gcc4mbed-master/gcc-arm-none-eabi/bin/../lib/gcc/arm-none-eabi/5.2.1/armv6-m/crtbegin.o
 .text          0x00000174       0x78 c:/gcc4mbed-master/gcc4mbed-master/gcc-arm-none-eabi/bin/../lib/gcc/arm-none-eabi/5.2.1/../../../../arm-none-eabi/lib/armv6-m/crt0.o
                0x00000174                _start
                0x00000174                _mainCRTStartup
 .text          0x000001ec      0x154 ./.build/SARA_NBIOT_EVK/GCC_ARM/mbed-os/core/rtos/rtx/TARGET_CORTEX_M/TARGET_M0/TOOLCHAIN_GCC/HAL_CM0.o
                0x000001ec                rt_set_PSP
                0x000001f2                rt_get_PSP
                0x000001f8                os_set_env
                0x00000216                _alloc_box
                0x00000230                _free_box
                0x0000024a                SVC_Handler
                0x000002d0                PendSV_Handler
                0x000002d4                Sys_Switch
                0x00000318                SysTick_Handler
                0x0000031e                OS_Tick_Handler
 .text          0x00000340      0x114 c:/gcc4mbed-master/gcc4mbed-master/gcc-arm-none-eabi/bin/../lib/gcc/arm-none-eabi/5.2.1/armv6-m\libgcc.a(_udivsi3.o)
                0x00000340                __aeabi_uidiv
                0x00000340                __udivsi3
                0x0000044c                __aeabi_uidivmod
 .text          0x00000454        0x4 c:/gcc4mbed-master/gcc4mbed-master/gcc-arm-none-eabi/bin/../lib/gcc/arm-none-eabi/5.2.1/armv6-m\libgcc.a(_dvmd_tls.o)
                0x00000454                __aeabi_idiv0
                0x00000454                __aeabi_ldiv0
 .text          0x00000458      0x228 c:/gcc4mbed-master/gcc4mbed-master/gcc-arm-none-eabi/bin/../lib/gcc/arm-none-eabi/5.2.1/armv6-m\libgcc.a(mulsf3.o)
                0x00000458                __aeabi_fmul
 .text          0x00000680       0x44 c:/gcc4mbed-master/gcc4mbed-master/gcc-arm-none-eabi/bin/../lib/gcc/arm-none-eabi/5.2.1/armv6-m\libgcc.a(fixsfsi.o)
                0x00000680                __aeabi_f2iz
 .text          0x000006c4       0x3c c:/gcc4mbed-master/gcc4mbed-master/gcc-arm-none-eabi/bin/../lib/gcc/arm-none-eabi/5.2.1/armv6-m\libgcc.a(_clzsi2.o)
                0x000006c4                __clzsi2
 *(.text*)
 .text.gpio_write
                0x00000700       0x48 ./.build/SARA_NBIOT_EVK/GCC_ARM/./blinky.o
 .text.gpio_read
                0x00000748       0x40 ./.build/SARA_NBIOT_EVK/GCC_ARM/./blinky.o
 .text._ZN4mbed10DigitalOutC2E7PinName
                0x00000788       0x38 ./.build/SARA_NBIOT_EVK/GCC_ARM/./blinky.o
                0x00000788                mbed::DigitalOut::DigitalOut(PinName)
                0x00000788                mbed::DigitalOut::DigitalOut(PinName)
 .text._ZN4mbed10DigitalOut5writeEi
                0x000007c0       0x1c ./.build/SARA_NBIOT_EVK/GCC_ARM/./blinky.o
                0x000007c0                mbed::DigitalOut::write(int)
 .text._ZN4mbed10DigitalOut4readEv
                0x000007dc       0x18 ./.build/SARA_NBIOT_EVK/GCC_ARM/./blinky.o
                0x000007dc                mbed::DigitalOut::read()
 .text._ZN4mbed10DigitalOutaSEi
                0x000007f4       0x1c ./.build/SARA_NBIOT_EVK/GCC_ARM/./blinky.o
                0x000007f4                mbed::DigitalOut::operator=(int)
 .text._ZN4mbed10DigitalOutcviEv
                0x00000810       0x18 ./.build/SARA_NBIOT_EVK/GCC_ARM/./blinky.o
                0x00000810                mbed::DigitalOut::operator int()
 .text._ZL6blinkyv
                0x00000828       0x74 ./.build/SARA_NBIOT_EVK/GCC_ARM/./blinky.o
 .text.main     0x0000089c       0x14 ./.build/SARA_NBIOT_EVK/GCC_ARM/./blinky.o
                0x0000089c                main
 .text._ZN4mbed8CallbackIFvvEE4callEv
                0x000008b0       0x24 ./.build/SARA_NBIOT_EVK/GCC_ARM/mbed-os/core/hal/common/CallChain.o
                0x000008b0                mbed::Callback<void ()>::call()
 .text._Z41__static_initialization_and_destruction_0ii
                0x000008d4       0x40 ./.build/SARA_NBIOT_EVK/GCC_ARM/mbed-os/core/hal/common/FileBase.o
 .text._GLOBAL__sub_I__ZN4mbed8FileBase5_headE
                0x00000914       0x14 ./.build/SARA_NBIOT_EVK/GCC_ARM/mbed-os/core/hal/common/FileBase.o
 .text._ZN4mbed8CallbackIFvvEEC2EPS1_
                0x00000928       0x1c ./.build/SARA_NBIOT_EVK/GCC_ARM/mbed-os/core/hal/common/InterruptIn.o
                0x00000928                mbed::Callback<void ()>::Callback(void (*)())
                0x00000928                mbed::Callback<void ()>::Callback(void (*)())
 .text._ZN4mbed8CallbackIFvvEE6attachEPS1_
                0x00000944       0x30 ./.build/SARA_NBIOT_EVK/GCC_ARM/mbed-os/core/hal/common/InterruptIn.o
                0x00000944                mbed::Callback<void ()>::attach(void (*)())
 .text._ZN4mbed8CallbackIFvvEE12_staticthunkEPvS3_
                0x00000974       0x14 ./.build/SARA_NBIOT_EVK/GCC_ARM/mbed-os/core/hal/common/InterruptIn.o
                0x00000974                mbed::Callback<void ()>::_staticthunk(void*, void*)
 .text._ZN4mbed10SerialBaseD2Ev
                0x00000988       0x28 ./.build/SARA_NBIOT_EVK/GCC_ARM/mbed-os/core/hal/common/RawSerial.o
                0x00000988                mbed::SerialBase::~SerialBase()
                0x00000988                mbed::SerialBase::~SerialBase()
 .text._ZN4mbed10SerialBaseD0Ev
                0x000009b0       0x20 ./.build/SARA_NBIOT_EVK/GCC_ARM/mbed-os/core/hal/common/RawSerial.o
                0x000009b0                mbed::SerialBase::~SerialBase()
 .text._ZN4mbed9RawSerialC2E7PinNameS1_
                0x000009d0       0x44 ./.build/SARA_NBIOT_EVK/GCC_ARM/mbed-os/core/hal/common/RawSerial.o
                0x000009d0                mbed::RawSerial::RawSerial(PinName, PinName)
                0x000009d0                mbed::RawSerial::RawSerial(PinName, PinName)
 .text._ZN4mbed9RawSerial4putcEi
                0x00000a14       0x3c ./.build/SARA_NBIOT_EVK/GCC_ARM/mbed-os/core/hal/common/RawSerial.o
                0x00000a14                mbed::RawSerial::putc(int)
 .text._ZN4mbed9RawSerial4putsEPKc
                0x00000a50       0x48 ./.build/SARA_NBIOT_EVK/GCC_ARM/mbed-os/core/hal/common/RawSerial.o
                0x00000a50                mbed::RawSerial::puts(char const*)
 .text._ZN4mbed9RawSerial6printfEPKcz
                0x00000a98       0x98 ./.build/SARA_NBIOT_EVK/GCC_ARM/mbed-os/core/hal/common/RawSerial.o
                0x00000a98                mbed::RawSerial::printf(char const*, ...)
 .text._ZN4mbed9RawSerial4lockEv
                0x00000b30        0xc ./.build/SARA_NBIOT_EVK/GCC_ARM/mbed-os/core/hal/common/RawSerial.o
                0x00000b30                mbed::RawSerial::lock()
 .text._ZN4mbed9RawSerial6unlockEv
                0x00000b3c        0xc ./.build/SARA_NBIOT_EVK/GCC_ARM/mbed-os/core/hal/common/RawSerial.o
                0x00000b3c                mbed::RawSerial::unlock()
 .text._ZN4mbed9RawSerialD2Ev
                0x00000b48       0x30 ./.build/SARA_NBIOT_EVK/GCC_ARM/mbed-os/core/hal/common/RawSerial.o
                0x00000b48                mbed::RawSerial::~RawSerial()
                0x00000b48                mbed::RawSerial::~RawSerial()
 .text._ZN4mbed9RawSerialD0Ev
                0x00000b78       0x20 ./.build/SARA_NBIOT_EVK/GCC_ARM/mbed-os/core/hal/common/RawSerial.o
                0x00000b78                mbed::RawSerial::~RawSerial()
 .text._ZN4mbed10SerialBaseC2E7PinNameS1_
                0x00000b98       0x88 ./.build/SARA_NBIOT_EVK/GCC_ARM/mbed-os/core/hal/common/SerialBase.o
                0x00000b98                mbed::SerialBase::SerialBase(PinName, PinName)
                0x00000b98                mbed::SerialBase::SerialBase(PinName, PinName)
 .text._ZN4mbed10SerialBase12_irq_handlerEm9SerialIrq
                0x00000c20       0x30 ./.build/SARA_NBIOT_EVK/GCC_ARM/mbed-os/core/hal/common/SerialBase.o
                0x00000c20                mbed::SerialBase::_irq_handler(unsigned long, SerialIrq)
 .text._ZN4mbed10SerialBase10_base_putcEi
                0x00000c50       0x20 ./.build/SARA_NBIOT_EVK/GCC_ARM/mbed-os/core/hal/common/SerialBase.o
                0x00000c50                mbed::SerialBase::_base_putc(int)
 .text._ZN4mbed10SerialBase4lockEv
                0x00000c70        0xc ./.build/SARA_NBIOT_EVK/GCC_ARM/mbed-os/core/hal/common/SerialBase.o
                0x00000c70                mbed::SerialBase::lock()
 .text._ZN4mbed10SerialBase6unlockEv
                0x00000c7c        0xc ./.build/SARA_NBIOT_EVK/GCC_ARM/mbed-os/core/hal/common/SerialBase.o
                0x00000c7c                mbed::SerialBase::unlock()
 .text._ZN4mbed6TickerD2Ev
                0x00000c88       0x38 ./.build/SARA_NBIOT_EVK/GCC_ARM/mbed-os/core/hal/common/Ticker.o
                0x00000c88                mbed::Ticker::~Ticker()
                0x00000c88                mbed::Ticker::~Ticker()
 .text._ZN4mbed6TickerD0Ev
                0x00000cc0       0x20 ./.build/SARA_NBIOT_EVK/GCC_ARM/mbed-os/core/hal/common/Ticker.o
                0x00000cc0                mbed::Ticker::~Ticker()
 .text._ZN4mbed6Ticker6detachEv
                0x00000ce0       0x28 ./.build/SARA_NBIOT_EVK/GCC_ARM/mbed-os/core/hal/common/Ticker.o
                0x00000ce0                mbed::Ticker::detach()
 .text._ZN4mbed6Ticker7handlerEv
                0x00000d08       0x28 ./.build/SARA_NBIOT_EVK/GCC_ARM/mbed-os/core/hal/common/Ticker.o
                0x00000d08                mbed::Ticker::handler()
 .text._ZN4mbed7Timeout7handlerEv
                0x00000d30       0x18 ./.build/SARA_NBIOT_EVK/GCC_ARM/mbed-os/core/hal/common/Timeout.o
                0x00000d30                mbed::Timeout::handler()
 .text._ZN4mbed7TimeoutD2Ev
                0x00000d48       0x30 ./.build/SARA_NBIOT_EVK/GCC_ARM/mbed-os/core/hal/common/Timeout.o
                0x00000d48                mbed::Timeout::~Timeout()
                0x00000d48                mbed::Timeout::~Timeout()
 .text._ZN4mbed7TimeoutD0Ev
                0x00000d78       0x20 ./.build/SARA_NBIOT_EVK/GCC_ARM/mbed-os/core/hal/common/Timeout.o
                0x00000d78                mbed::Timeout::~Timeout()
 .text._ZN4mbed10TimerEventC2Ev
                0x00000d98       0x48 ./.build/SARA_NBIOT_EVK/GCC_ARM/mbed-os/core/hal/common/TimerEvent.o
                0x00000d98                mbed::TimerEvent::TimerEvent()
                0x00000d98                mbed::TimerEvent::TimerEvent()
 .text._ZN4mbed10TimerEvent3irqEm
                0x00000de0       0x20 ./.build/SARA_NBIOT_EVK/GCC_ARM/mbed-os/core/hal/common/TimerEvent.o
                0x00000de0                mbed::TimerEvent::irq(unsigned long)
 .text._ZN4mbed10TimerEventD2Ev
                0x00000e00       0x30 ./.build/SARA_NBIOT_EVK/GCC_ARM/mbed-os/core/hal/common/TimerEvent.o
                0x00000e00                mbed::TimerEvent::~TimerEvent()
                0x00000e00                mbed::TimerEvent::~TimerEvent()
 .text._ZN4mbed10TimerEvent6insertEm
                0x00000e30       0x20 ./.build/SARA_NBIOT_EVK/GCC_ARM/mbed-os/core/hal/common/TimerEvent.o
                0x00000e30                mbed::TimerEvent::insert(unsigned long)
 .text._ZN4mbed10TimerEvent6removeEv
                0x00000e50       0x1c ./.build/SARA_NBIOT_EVK/GCC_ARM/mbed-os/core/hal/common/TimerEvent.o
                0x00000e50                mbed::TimerEvent::remove()
 .text.mbed_assert_internal
                0x00000e6c       0x28 ./.build/SARA_NBIOT_EVK/GCC_ARM/mbed-os/core/hal/common/assert.o
                0x00000e6c                mbed_assert_internal
 .text.mbed_die
                0x00000e94       0x14 ./.build/SARA_NBIOT_EVK/GCC_ARM/mbed-os/core/hal/common/board.o
                0x00000e94                mbed_die
 .text.mbed_error_printf
                0x00000ea8       0x20 ./.build/SARA_NBIOT_EVK/GCC_ARM/mbed-os/core/hal/common/board.o
                0x00000ea8                mbed_error_printf
 .text.mbed_error_vfprintf
                0x00000ec8       0x70 ./.build/SARA_NBIOT_EVK/GCC_ARM/mbed-os/core/hal/common/board.o
                0x00000ec8                mbed_error_vfprintf
 .text.get_interrupts_disabled
                0x00000f38       0x14 ./.build/SARA_NBIOT_EVK/GCC_ARM/mbed-os/core/hal/common/critical.o
 .text.core_util_critical_section_enter
                0x00000f4c       0x74 ./.build/SARA_NBIOT_EVK/GCC_ARM/mbed-os/core/hal/common/critical.o
                0x00000f4c                core_util_critical_section_enter
 .text.core_util_critical_section_exit
                0x00000fc0       0x5c ./.build/SARA_NBIOT_EVK/GCC_ARM/mbed-os/core/hal/common/critical.o
                0x00000fc0                core_util_critical_section_exit
 .text.error    0x0000101c       0x1c ./.build/SARA_NBIOT_EVK/GCC_ARM/mbed-os/core/hal/common/error.o
                0x0000101c                error
 .text.gpio_write
                0x00001038       0x48 ./.build/SARA_NBIOT_EVK/GCC_ARM/mbed-os/core/hal/common/gpio.o
 .text._gpio_init_out
                0x00001080       0x68 ./.build/SARA_NBIOT_EVK/GCC_ARM/mbed-os/core/hal/common/gpio.o
 .text.gpio_init_out
                0x000010e8       0x28 ./.build/SARA_NBIOT_EVK/GCC_ARM/mbed-os/core/hal/common/gpio.o
                0x000010e8                gpio_init_out
 .text.gpio_init_out_ex
                0x00001110       0x2c ./.build/SARA_NBIOT_EVK/GCC_ARM/mbed-os/core/hal/common/gpio.o
                0x00001110                gpio_init_out_ex
 .text._ZL11init_serialv
                0x0000113c       0x24 ./.build/SARA_NBIOT_EVK/GCC_ARM/mbed-os/core/hal/common/retarget.o
 .text._close   0x00001160       0x50 ./.build/SARA_NBIOT_EVK/GCC_ARM/mbed-os/core/hal/common/retarget.o
                0x00001160                _close
 .text._write   0x000011b0       0x8c ./.build/SARA_NBIOT_EVK/GCC_ARM/mbed-os/core/hal/common/retarget.o
                0x000011b0                _write
 .text._read    0x0000123c       0x74 ./.build/SARA_NBIOT_EVK/GCC_ARM/mbed-os/core/hal/common/retarget.o
                0x0000123c                _read
 .text._isatty  0x000012b0       0x44 ./.build/SARA_NBIOT_EVK/GCC_ARM/mbed-os/core/hal/common/retarget.o
                0x000012b0                _isatty
 .text._lseek   0x000012f4       0x48 ./.build/SARA_NBIOT_EVK/GCC_ARM/mbed-os/core/hal/common/retarget.o
                0x000012f4                _lseek
 .text._fstat   0x0000133c       0x3c ./.build/SARA_NBIOT_EVK/GCC_ARM/mbed-os/core/hal/common/retarget.o
                0x0000133c                _fstat
 .text.__cxa_pure_virtual
                0x00001378        0x8 ./.build/SARA_NBIOT_EVK/GCC_ARM/mbed-os/core/hal/common/retarget.o
                0x00001378                __cxa_pure_virtual
 .text.__wrap__malloc_r
                0x00001380       0x1c ./.build/SARA_NBIOT_EVK/GCC_ARM/mbed-os/core/hal/common/retarget.o
                0x00001380                __wrap__malloc_r
 .text.__wrap__realloc_r
                0x0000139c       0x20 ./.build/SARA_NBIOT_EVK/GCC_ARM/mbed-os/core/hal/common/retarget.o
                0x0000139c                __wrap__realloc_r
 .text.__wrap__free_r
                0x000013bc       0x1c ./.build/SARA_NBIOT_EVK/GCC_ARM/mbed-os/core/hal/common/retarget.o
                0x000013bc                __wrap__free_r
 .text.software_init_hook
                0x000013d8        0xc ./.build/SARA_NBIOT_EVK/GCC_ARM/mbed-os/core/hal/common/retarget.o
                0x000013d8                software_init_hook
 .text.mbed_main
                0x000013e4        0x4 ./.build/SARA_NBIOT_EVK/GCC_ARM/mbed-os/core/hal/common/retarget.o
                0x000013e4                mbed_main
 .text.__wrap_main
                0x000013e8       0x14 ./.build/SARA_NBIOT_EVK/GCC_ARM/mbed-os/core/hal/common/retarget.o
                0x000013e8                __wrap_main
 .text._sbrk    0x000013fc       0x50 ./.build/SARA_NBIOT_EVK/GCC_ARM/mbed-os/core/hal/common/retarget.o
                0x000013fc                _sbrk
 .text._exit    0x0000144c       0x30 ./.build/SARA_NBIOT_EVK/GCC_ARM/mbed-os/core/hal/common/retarget.o
                0x0000144c                _exit
 .text._Z41__static_initialization_and_destruction_0ii
                0x0000147c       0x40 ./.build/SARA_NBIOT_EVK/GCC_ARM/mbed-os/core/hal/common/retarget.o
 .text._GLOBAL__sub_I___stdin_name
                0x000014bc       0x14 ./.build/SARA_NBIOT_EVK/GCC_ARM/mbed-os/core/hal/common/retarget.o
 .text.ticker_set_handler
                0x000014d0       0x20 ./.build/SARA_NBIOT_EVK/GCC_ARM/mbed-os/core/hal/common/ticker_api.o
                0x000014d0                ticker_set_handler
 .text.ticker_irq_handler
                0x000014f0       0x80 ./.build/SARA_NBIOT_EVK/GCC_ARM/mbed-os/core/hal/common/ticker_api.o
                0x000014f0                ticker_irq_handler
 .text.ticker_insert_event
                0x00001570       0x7c ./.build/SARA_NBIOT_EVK/GCC_ARM/mbed-os/core/hal/common/ticker_api.o
                0x00001570                ticker_insert_event
 .text.ticker_remove_event
                0x000015ec       0x80 ./.build/SARA_NBIOT_EVK/GCC_ARM/mbed-os/core/hal/common/ticker_api.o
                0x000015ec                ticker_remove_event
 .text.wait     0x0000166c       0x28 ./.build/SARA_NBIOT_EVK/GCC_ARM/mbed-os/core/hal/common/wait_api.o
                0x0000166c                wait
 .text.wait_ms  0x00001694       0x1c ./.build/SARA_NBIOT_EVK/GCC_ARM/mbed-os/core/hal/common/wait_api.o
                0x00001694                wait_ms
 .text.wait_us  0x000016b0       0x28 ./.build/SARA_NBIOT_EVK/GCC_ARM/mbed-os/core/hal/common/wait_api.o
                0x000016b0                wait_us
 .text.get_us_ticker_data
                0x000016d8        0xc ./.build/SARA_NBIOT_EVK/GCC_ARM/mbed-os/core/hal/common/us_ticker_api.o
                0x000016d8                get_us_ticker_data
 .text.us_ticker_irq_handler
                0x000016e4       0x14 ./.build/SARA_NBIOT_EVK/GCC_ARM/mbed-os/core/hal/common/us_ticker_api.o
                0x000016e4                us_ticker_irq_handler
 .text.Reset_Handler
                0x000016f8       0x60 ./.build/SARA_NBIOT_EVK/GCC_ARM/mbed-os/core/hal/targets/cmsis/TARGET_ublox/TARGET_HI2110/TOOLCHAIN_GCC_ARM/startup_HI2110.o
                0x000016f8                Reset_Handler
 .text.Default_Handler
                0x00001758        0x2 ./.build/SARA_NBIOT_EVK/GCC_ARM/mbed-os/core/hal/targets/cmsis/TARGET_ublox/TARGET_HI2110/TOOLCHAIN_GCC_ARM/startup_HI2110.o
                0x00001758                HardFault_Handler
                0x00001758                NMI_Handler
                0x00001758                IRQ2_SECURITY_Handler
                0x00001758                IRQ15_I2C_Handler
                0x00001758                IRQ17_CAP_Handler
                0x00001758                IRQ10_SSP1_Handler
                0x00001758                IRQ11_PWM0IN_Handler
                0x00001758                Default_Handler
                0x00001758                IRQ13_PWM1IN_Handler
                0x00001758                IRQ6_DMA_Handler
                0x00001758                IRQ9_SSP0_Handler
                0x00001758                IRQ3_PROTOCOL_Handler
                0x00001758                IRQ12_PWM0OUT_Handler
                0x00001758                IRQ14_PWM1OUT_Handler
                0x00001758                IRQ4_APPS_Handler
 *fill*         0x0000175a        0x2 
 .text.get_owner
                0x0000175c       0xc0 ./.build/SARA_NBIOT_EVK/GCC_ARM/mbed-os/core/hal/targets/hal/TARGET_ublox/TARGET_HI2110/HI2110_init.o
 .text.HI2110_init
                0x0000181c       0x48 ./.build/SARA_NBIOT_EVK/GCC_ARM/mbed-os/core/hal/targets/hal/TARGET_ublox/TARGET_HI2110/HI2110_init.o
                0x0000181c                HI2110_init
 .text.SystemInit
                0x00001864       0xa4 ./.build/SARA_NBIOT_EVK/GCC_ARM/mbed-os/core/hal/targets/cmsis/TARGET_ublox/TARGET_HI2110/system_HI2110.o
                0x00001864                SystemInit
 .text.SystemAllowSleep
                0x00001908       0x44 ./.build/SARA_NBIOT_EVK/GCC_ARM/mbed-os/core/hal/targets/cmsis/TARGET_ublox/TARGET_HI2110/system_HI2110.o
                0x00001908                SystemAllowSleep
 .text.gpio_init
                0x0000194c       0x94 ./.build/SARA_NBIOT_EVK/GCC_ARM/mbed-os/core/hal/targets/hal/TARGET_ublox/TARGET_HI2110/gpio_api.o
                0x0000194c                gpio_init
 .text.gpio_mode
                0x000019e0       0x28 ./.build/SARA_NBIOT_EVK/GCC_ARM/mbed-os/core/hal/targets/hal/TARGET_ublox/TARGET_HI2110/gpio_api.o
                0x000019e0                gpio_mode
 .text.gpio_dir
                0x00001a08       0x6c ./.build/SARA_NBIOT_EVK/GCC_ARM/mbed-os/core/hal/targets/hal/TARGET_ublox/TARGET_HI2110/gpio_api.o
                0x00001a08                gpio_dir
 .text.IRQ5_GPIO_Handler
                0x00001a74       0xc0 ./.build/SARA_NBIOT_EVK/GCC_ARM/mbed-os/core/hal/targets/hal/TARGET_ublox/TARGET_HI2110/gpio_irq_api.o
                0x00001a74                IRQ5_GPIO_Handler
 .text.mbed_sdk_init
                0x00001b34        0xc ./.build/SARA_NBIOT_EVK/GCC_ARM/mbed-os/core/hal/targets/hal/TARGET_ublox/TARGET_HI2110/mbed_overrides.o
                0x00001b34                mbed_sdk_init
 .text.set_interrupt_to_32bit_overflow
                0x00001b40       0x40 ./.build/SARA_NBIOT_EVK/GCC_ARM/mbed-os/core/hal/targets/hal/TARGET_ublox/TARGET_HI2110/lp_ticker.o
 .text.set_interrupt_to_user_value
                0x00001b80       0x38 ./.build/SARA_NBIOT_EVK/GCC_ARM/mbed-os/core/hal/targets/hal/TARGET_ublox/TARGET_HI2110/lp_ticker.o
 .text.IRQ0_RTC_Handler
                0x00001bb8       0xd0 ./.build/SARA_NBIOT_EVK/GCC_ARM/mbed-os/core/hal/targets/hal/TARGET_ublox/TARGET_HI2110/lp_ticker.o
                0x00001bb8                IRQ0_RTC_Handler
 .text.clr_mask
                0x00001c88       0x24 ./.build/SARA_NBIOT_EVK/GCC_ARM/mbed-os/core/hal/targets/hal/TARGET_ublox/TARGET_HI2110/pinmap.o
 .text.set_mask
                0x00001cac       0x24 ./.build/SARA_NBIOT_EVK/GCC_ARM/mbed-os/core/hal/targets/hal/TARGET_ublox/TARGET_HI2110/pinmap.o
 .text.func_reg
                0x00001cd0       0x2c ./.build/SARA_NBIOT_EVK/GCC_ARM/mbed-os/core/hal/targets/hal/TARGET_ublox/TARGET_HI2110/pinmap.o
 .text.get_owner
                0x00001cfc       0x58 ./.build/SARA_NBIOT_EVK/GCC_ARM/mbed-os/core/hal/targets/hal/TARGET_ublox/TARGET_HI2110/pinmap.o
 .text.pin_function
                0x00001d54       0xe8 ./.build/SARA_NBIOT_EVK/GCC_ARM/mbed-os/core/hal/targets/hal/TARGET_ublox/TARGET_HI2110/pinmap.o
                0x00001d54                pin_function
 .text.pin_mode
                0x00001e3c       0x90 ./.build/SARA_NBIOT_EVK/GCC_ARM/mbed-os/core/hal/targets/hal/TARGET_ublox/TARGET_HI2110/pinmap.o
                0x00001e3c                pin_mode
 .text.NVIC_EnableIRQ
                0x00001ecc       0x2c ./.build/SARA_NBIOT_EVK/GCC_ARM/mbed-os/core/hal/targets/hal/TARGET_ublox/TARGET_HI2110/serial_api.o
 .text.NVIC_DisableIRQ
                0x00001ef8       0x2c ./.build/SARA_NBIOT_EVK/GCC_ARM/mbed-os/core/hal/targets/hal/TARGET_ublox/TARGET_HI2110/serial_api.o
 .text.NVIC_SetPendingIRQ
                0x00001f24       0x2c ./.build/SARA_NBIOT_EVK/GCC_ARM/mbed-os/core/hal/targets/hal/TARGET_ublox/TARGET_HI2110/serial_api.o
 .text.NVIC_ClearPendingIRQ
                0x00001f50       0x2c ./.build/SARA_NBIOT_EVK/GCC_ARM/mbed-os/core/hal/targets/hal/TARGET_ublox/TARGET_HI2110/serial_api.o
 .text.init_config
                0x00001f7c      0x1b8 ./.build/SARA_NBIOT_EVK/GCC_ARM/mbed-os/core/hal/targets/hal/TARGET_ublox/TARGET_HI2110/serial_api.o
 .text.deinit_config
                0x00002134       0xac ./.build/SARA_NBIOT_EVK/GCC_ARM/mbed-os/core/hal/targets/hal/TARGET_ublox/TARGET_HI2110/serial_api.o
 .text.set_baud
                0x000021e0       0xe0 ./.build/SARA_NBIOT_EVK/GCC_ARM/mbed-os/core/hal/targets/hal/TARGET_ublox/TARGET_HI2110/serial_api.o
 .text.irq_enable
                0x000022c0       0x54 ./.build/SARA_NBIOT_EVK/GCC_ARM/mbed-os/core/hal/targets/hal/TARGET_ublox/TARGET_HI2110/serial_api.o
 .text.irq_disable
                0x00002314       0x54 ./.build/SARA_NBIOT_EVK/GCC_ARM/mbed-os/core/hal/targets/hal/TARGET_ublox/TARGET_HI2110/serial_api.o
 .text.IRQ7_UART0_Handler
                0x00002368       0x5c ./.build/SARA_NBIOT_EVK/GCC_ARM/mbed-os/core/hal/targets/hal/TARGET_ublox/TARGET_HI2110/serial_api.o
                0x00002368                IRQ7_UART0_Handler
 .text.IRQ8_UART1_Handler
                0x000023c4       0x5c ./.build/SARA_NBIOT_EVK/GCC_ARM/mbed-os/core/hal/targets/hal/TARGET_ublox/TARGET_HI2110/serial_api.o
                0x000023c4                IRQ8_UART1_Handler
 .text.IRQ16_LPUART_Handler
                0x00002420       0x54 ./.build/SARA_NBIOT_EVK/GCC_ARM/mbed-os/core/hal/targets/hal/TARGET_ublox/TARGET_HI2110/serial_api.o
                0x00002420                IRQ16_LPUART_Handler
 .text.serial_init
                0x00002474       0xc4 ./.build/SARA_NBIOT_EVK/GCC_ARM/mbed-os/core/hal/targets/hal/TARGET_ublox/TARGET_HI2110/serial_api.o
                0x00002474                serial_init
 .text.serial_baud
                0x00002538      0x1a4 ./.build/SARA_NBIOT_EVK/GCC_ARM/mbed-os/core/hal/targets/hal/TARGET_ublox/TARGET_HI2110/serial_api.o
                0x00002538                serial_baud
 .text.serial_format
                0x000026dc      0x204 ./.build/SARA_NBIOT_EVK/GCC_ARM/mbed-os/core/hal/targets/hal/TARGET_ublox/TARGET_HI2110/serial_api.o
                0x000026dc                serial_format
 .text.serial_irq_handler
                0x000028e0       0x2c ./.build/SARA_NBIOT_EVK/GCC_ARM/mbed-os/core/hal/targets/hal/TARGET_ublox/TARGET_HI2110/serial_api.o
                0x000028e0                serial_irq_handler
 .text.serial_irq_set
                0x0000290c      0x160 ./.build/SARA_NBIOT_EVK/GCC_ARM/mbed-os/core/hal/targets/hal/TARGET_ublox/TARGET_HI2110/serial_api.o
                0x0000290c                serial_irq_set
 .text.serial_getc
                0x00002a6c       0x70 ./.build/SARA_NBIOT_EVK/GCC_ARM/mbed-os/core/hal/targets/hal/TARGET_ublox/TARGET_HI2110/serial_api.o
                0x00002a6c                serial_getc
 .text.serial_putc
                0x00002adc       0x28 ./.build/SARA_NBIOT_EVK/GCC_ARM/mbed-os/core/hal/targets/hal/TARGET_ublox/TARGET_HI2110/serial_api.o
                0x00002adc                serial_putc
 .text.serial_readable
                0x00002b04       0x74 ./.build/SARA_NBIOT_EVK/GCC_ARM/mbed-os/core/hal/targets/hal/TARGET_ublox/TARGET_HI2110/serial_api.o
                0x00002b04                serial_readable
 .text.serial_writable
                0x00002b78       0x1c ./.build/SARA_NBIOT_EVK/GCC_ARM/mbed-os/core/hal/targets/hal/TARGET_ublox/TARGET_HI2110/serial_api.o
                0x00002b78                serial_writable
 .text.NVIC_EnableIRQ
                0x00002b94       0x2c ./.build/SARA_NBIOT_EVK/GCC_ARM/mbed-os/core/hal/targets/hal/TARGET_ublox/TARGET_HI2110/us_ticker.o
 .text.NVIC_DisableIRQ
                0x00002bc0       0x2c ./.build/SARA_NBIOT_EVK/GCC_ARM/mbed-os/core/hal/targets/hal/TARGET_ublox/TARGET_HI2110/us_ticker.o
 .text.NVIC_ClearPendingIRQ
                0x00002bec       0x2c ./.build/SARA_NBIOT_EVK/GCC_ARM/mbed-os/core/hal/targets/hal/TARGET_ublox/TARGET_HI2110/us_ticker.o
 .text.divide_by_48
                0x00002c18       0x54 ./.build/SARA_NBIOT_EVK/GCC_ARM/mbed-os/core/hal/targets/hal/TARGET_ublox/TARGET_HI2110/us_ticker.o
 .text.IRQ1_TMR0_Handler
                0x00002c6c       0x70 ./.build/SARA_NBIOT_EVK/GCC_ARM/mbed-os/core/hal/targets/hal/TARGET_ublox/TARGET_HI2110/us_ticker.o
                0x00002c6c                IRQ1_TMR0_Handler
 .text.us_ticker_init
                0x00002cdc       0x80 ./.build/SARA_NBIOT_EVK/GCC_ARM/mbed-os/core/hal/targets/hal/TARGET_ublox/TARGET_HI2110/us_ticker.o
                0x00002cdc                us_ticker_init
 .text.us_ticker_read
                0x00002d5c       0x68 ./.build/SARA_NBIOT_EVK/GCC_ARM/mbed-os/core/hal/targets/hal/TARGET_ublox/TARGET_HI2110/us_ticker.o
                0x00002d5c                us_ticker_read
 .text.us_ticker_set_interrupt
                0x00002dc4       0xbc ./.build/SARA_NBIOT_EVK/GCC_ARM/mbed-os/core/hal/targets/hal/TARGET_ublox/TARGET_HI2110/us_ticker.o
                0x00002dc4                us_ticker_set_interrupt
 .text.us_ticker_disable_interrupt
                0x00002e80        0xc ./.build/SARA_NBIOT_EVK/GCC_ARM/mbed-os/core/hal/targets/hal/TARGET_ublox/TARGET_HI2110/us_ticker.o
                0x00002e80                us_ticker_disable_interrupt
 .text.us_ticker_clear_interrupt
                0x00002e8c        0xc ./.build/SARA_NBIOT_EVK/GCC_ARM/mbed-os/core/hal/targets/hal/TARGET_ublox/TARGET_HI2110/us_ticker.o
                0x00002e8c                us_ticker_clear_interrupt
 .text._ZN4rtos5MutexC2Ev
                0x00002e98       0x4c ./.build/SARA_NBIOT_EVK/GCC_ARM/mbed-os/core/rtos/rtos/Mutex.o
                0x00002e98                rtos::Mutex::Mutex()
                0x00002e98                rtos::Mutex::Mutex()
 .text._ZN4rtos5MutexD2Ev
                0x00002ee4       0x18 ./.build/SARA_NBIOT_EVK/GCC_ARM/mbed-os/core/rtos/rtos/Mutex.o
                0x00002ee4                rtos::Mutex::~Mutex()
                0x00002ee4                rtos::Mutex::~Mutex()
 .text.default_idle_hook
                0x00002efc        0x4 ./.build/SARA_NBIOT_EVK/GCC_ARM/mbed-os/core/rtos/rtos/rtos_idle.o
 .text.rtos_idle_loop
                0x00002f00       0x10 ./.build/SARA_NBIOT_EVK/GCC_ARM/mbed-os/core/rtos/rtos/rtos_idle.o
                0x00002f00                rtos_idle_loop
 .text.rt_init_stack
                0x00002f10       0xfc ./.build/SARA_NBIOT_EVK/GCC_ARM/mbed-os/core/rtos/rtx/TARGET_CORTEX_M/HAL_CM.o
                0x00002f10                rt_init_stack
 .text.rt_ret_regs
                0x0000300c       0x10 ./.build/SARA_NBIOT_EVK/GCC_ARM/mbed-os/core/rtos/rtx/TARGET_CORTEX_M/HAL_CM.o
 .text.rt_ret_val
                0x0000301c       0x20 ./.build/SARA_NBIOT_EVK/GCC_ARM/mbed-os/core/rtos/rtx/TARGET_CORTEX_M/HAL_CM.o
                0x0000301c                rt_ret_val
 .text.rt_ret_val2
                0x0000303c       0x2c ./.build/SARA_NBIOT_EVK/GCC_ARM/mbed-os/core/rtos/rtx/TARGET_CORTEX_M/HAL_CM.o
                0x0000303c                rt_ret_val2
 .text.os_idle_demon
                0x00003068        0xc ./.build/SARA_NBIOT_EVK/GCC_ARM/mbed-os/core/rtos/rtx/TARGET_CORTEX_M/RTX_Conf_CM.o
                0x00003068                os_idle_demon
 .text.os_error
                0x00003074       0x24 ./.build/SARA_NBIOT_EVK/GCC_ARM/mbed-os/core/rtos/rtx/TARGET_CORTEX_M/RTX_Conf_CM.o
                0x00003074                os_error
 .text.set_main_stack
                0x00003098       0x24 ./.build/SARA_NBIOT_EVK/GCC_ARM/mbed-os/core/rtos/rtx/TARGET_CORTEX_M/RTX_Conf_CM.o
                0x00003098                set_main_stack
 .text.pre_main
                0x000030bc       0x44 ./.build/SARA_NBIOT_EVK/GCC_ARM/mbed-os/core/rtos/rtx/TARGET_CORTEX_M/RTX_Conf_CM.o
                0x000030bc                pre_main
 .text.software_init_hook_rtos
                0x00003100       0x1c ./.build/SARA_NBIOT_EVK/GCC_ARM/mbed-os/core/rtos/rtx/TARGET_CORTEX_M/RTX_Conf_CM.o
                0x00003100                software_init_hook_rtos
 .text.rt_evt_psh
                0x0000311c       0xc8 ./.build/SARA_NBIOT_EVK/GCC_ARM/mbed-os/core/rtos/rtx/TARGET_CORTEX_M/rt_Event.o
                0x0000311c                rt_evt_psh
 .text.rt_tid2ptcb
                0x000031e4       0x34 ./.build/SARA_NBIOT_EVK/GCC_ARM/mbed-os/core/rtos/rtx/TARGET_CORTEX_M/rt_CMSIS.o
                0x000031e4                rt_tid2ptcb
 .text.rt_id2obj
                0x00003218       0x18 ./.build/SARA_NBIOT_EVK/GCC_ARM/mbed-os/core/rtos/rtx/TARGET_CORTEX_M/rt_CMSIS.o
 .text.svcKernelInitialize
                0x00003230       0x74 ./.build/SARA_NBIOT_EVK/GCC_ARM/mbed-os/core/rtos/rtx/TARGET_CORTEX_M/rt_CMSIS.o
                0x00003230                svcKernelInitialize
 .text.svcKernelStart
                0x000032a4       0x6c ./.build/SARA_NBIOT_EVK/GCC_ARM/mbed-os/core/rtos/rtx/TARGET_CORTEX_M/rt_CMSIS.o
                0x000032a4                svcKernelStart
 .text.svcKernelRunning
                0x00003310        0xc ./.build/SARA_NBIOT_EVK/GCC_ARM/mbed-os/core/rtos/rtx/TARGET_CORTEX_M/rt_CMSIS.o
                0x00003310                svcKernelRunning
 .text.osKernelInitialize
                0x0000331c       0x40 ./.build/SARA_NBIOT_EVK/GCC_ARM/mbed-os/core/rtos/rtx/TARGET_CORTEX_M/rt_CMSIS.o
                0x0000331c                osKernelInitialize
 .text.osKernelStart
                0x0000335c       0xe0 ./.build/SARA_NBIOT_EVK/GCC_ARM/mbed-os/core/rtos/rtx/TARGET_CORTEX_M/rt_CMSIS.o
                0x0000335c                osKernelStart
 .text.osKernelRunning
                0x0000343c       0x3c ./.build/SARA_NBIOT_EVK/GCC_ARM/mbed-os/core/rtos/rtx/TARGET_CORTEX_M/rt_CMSIS.o
                0x0000343c                osKernelRunning
 .text.sysThreadError
                0x00003478        0xc ./.build/SARA_NBIOT_EVK/GCC_ARM/mbed-os/core/rtos/rtx/TARGET_CORTEX_M/rt_CMSIS.o
 .text.svcThreadCreate
                0x00003484       0xdc ./.build/SARA_NBIOT_EVK/GCC_ARM/mbed-os/core/rtos/rtx/TARGET_CORTEX_M/rt_CMSIS.o
                0x00003484                svcThreadCreate
 .text.svcThreadGetId
                0x00003560       0x2c ./.build/SARA_NBIOT_EVK/GCC_ARM/mbed-os/core/rtos/rtx/TARGET_CORTEX_M/rt_CMSIS.o
                0x00003560                svcThreadGetId
 .text.svcThreadTerminate
                0x0000358c       0x60 ./.build/SARA_NBIOT_EVK/GCC_ARM/mbed-os/core/rtos/rtx/TARGET_CORTEX_M/rt_CMSIS.o
                0x0000358c                svcThreadTerminate
 .text.osThreadCreate
                0x000035ec       0x1c ./.build/SARA_NBIOT_EVK/GCC_ARM/mbed-os/core/rtos/rtx/TARGET_CORTEX_M/rt_CMSIS.o
                0x000035ec                osThreadCreate
 .text.osThreadContextCreate
                0x00003608       0x6c ./.build/SARA_NBIOT_EVK/GCC_ARM/mbed-os/core/rtos/rtx/TARGET_CORTEX_M/rt_CMSIS.o
                0x00003608                osThreadContextCreate
 .text.osThreadExit
                0x00003674       0x20 ./.build/SARA_NBIOT_EVK/GCC_ARM/mbed-os/core/rtos/rtx/TARGET_CORTEX_M/rt_CMSIS.o
                0x00003674                osThreadExit
 .text.rt_timer_insert
                0x00003694       0x78 ./.build/SARA_NBIOT_EVK/GCC_ARM/mbed-os/core/rtos/rtx/TARGET_CORTEX_M/rt_CMSIS.o
 .text.sysTimerTick
                0x0000370c       0x88 ./.build/SARA_NBIOT_EVK/GCC_ARM/mbed-os/core/rtos/rtx/TARGET_CORTEX_M/rt_CMSIS.o
                0x0000370c                sysTimerTick
 .text.svcMutexCreate
                0x00003794       0x50 ./.build/SARA_NBIOT_EVK/GCC_ARM/mbed-os/core/rtos/rtx/TARGET_CORTEX_M/rt_CMSIS.o
                0x00003794                svcMutexCreate
 .text.svcMutexDelete
                0x000037e4       0x38 ./.build/SARA_NBIOT_EVK/GCC_ARM/mbed-os/core/rtos/rtx/TARGET_CORTEX_M/rt_CMSIS.o
                0x000037e4                svcMutexDelete
 .text.osMutexCreate
                0x0000381c       0x58 ./.build/SARA_NBIOT_EVK/GCC_ARM/mbed-os/core/rtos/rtx/TARGET_CORTEX_M/rt_CMSIS.o
                0x0000381c                osMutexCreate
 .text.osMutexDelete
                0x00003874       0x30 ./.build/SARA_NBIOT_EVK/GCC_ARM/mbed-os/core/rtos/rtx/TARGET_CORTEX_M/rt_CMSIS.o
                0x00003874                osMutexDelete
 .text.svcMessageCreate
                0x000038a4       0x60 ./.build/SARA_NBIOT_EVK/GCC_ARM/mbed-os/core/rtos/rtx/TARGET_CORTEX_M/rt_CMSIS.o
                0x000038a4                svcMessageCreate
 .text.isrMessagePut
                0x00003904       0x4c ./.build/SARA_NBIOT_EVK/GCC_ARM/mbed-os/core/rtos/rtx/TARGET_CORTEX_M/rt_CMSIS.o
                0x00003904                isrMessagePut
 .text.rt_inc_qi
                0x00003950       0x54 ./.build/SARA_NBIOT_EVK/GCC_ARM/mbed-os/core/rtos/rtx/TARGET_CORTEX_M/rt_List.o
 .text.rt_put_prio
                0x000039a4       0x84 ./.build/SARA_NBIOT_EVK/GCC_ARM/mbed-os/core/rtos/rtx/TARGET_CORTEX_M/rt_List.o
                0x000039a4                rt_put_prio
 .text.rt_get_first
                0x00003a28       0x58 ./.build/SARA_NBIOT_EVK/GCC_ARM/mbed-os/core/rtos/rtx/TARGET_CORTEX_M/rt_List.o
                0x00003a28                rt_get_first
 .text.rt_put_rdy_first
                0x00003a80       0x24 ./.build/SARA_NBIOT_EVK/GCC_ARM/mbed-os/core/rtos/rtx/TARGET_CORTEX_M/rt_List.o
                0x00003a80                rt_put_rdy_first
 .text.rt_resort_prio
                0x00003aa4       0x50 ./.build/SARA_NBIOT_EVK/GCC_ARM/mbed-os/core/rtos/rtx/TARGET_CORTEX_M/rt_List.o
                0x00003aa4                rt_resort_prio
 .text.rt_dec_dly
                0x00003af4       0xcc ./.build/SARA_NBIOT_EVK/GCC_ARM/mbed-os/core/rtos/rtx/TARGET_CORTEX_M/rt_List.o
                0x00003af4                rt_dec_dly
 .text.rt_rmv_list
                0x00003bc0       0x5c ./.build/SARA_NBIOT_EVK/GCC_ARM/mbed-os/core/rtos/rtx/TARGET_CORTEX_M/rt_List.o
                0x00003bc0                rt_rmv_list
 .text.rt_rmv_dly
                0x00003c1c       0x54 ./.build/SARA_NBIOT_EVK/GCC_ARM/mbed-os/core/rtos/rtx/TARGET_CORTEX_M/rt_List.o
                0x00003c1c                rt_rmv_dly
 .text.rt_psq_enq
                0x00003c70       0x5c ./.build/SARA_NBIOT_EVK/GCC_ARM/mbed-os/core/rtos/rtx/TARGET_CORTEX_M/rt_List.o
                0x00003c70                rt_psq_enq
 .text.rt_mbx_init
                0x00003ccc       0x50 ./.build/SARA_NBIOT_EVK/GCC_ARM/mbed-os/core/rtos/rtx/TARGET_CORTEX_M/rt_Mailbox.o
                0x00003ccc                rt_mbx_init
 .text.rt_mbx_check
                0x00003d1c       0x1c ./.build/SARA_NBIOT_EVK/GCC_ARM/mbed-os/core/rtos/rtx/TARGET_CORTEX_M/rt_Mailbox.o
                0x00003d1c                rt_mbx_check
 .text.isr_mbx_send
                0x00003d38       0x24 ./.build/SARA_NBIOT_EVK/GCC_ARM/mbed-os/core/rtos/rtx/TARGET_CORTEX_M/rt_Mailbox.o
                0x00003d38                isr_mbx_send
 .text.rt_mbx_psh
                0x00003d5c      0x180 ./.build/SARA_NBIOT_EVK/GCC_ARM/mbed-os/core/rtos/rtx/TARGET_CORTEX_M/rt_Mailbox.o
                0x00003d5c                rt_mbx_psh
 .text._init_box
                0x00003edc       0xa4 ./.build/SARA_NBIOT_EVK/GCC_ARM/mbed-os/core/rtos/rtx/TARGET_CORTEX_M/rt_MemBox.o
                0x00003edc                _init_box
 .text.rt_alloc_box
                0x00003f80       0x38 ./.build/SARA_NBIOT_EVK/GCC_ARM/mbed-os/core/rtos/rtx/TARGET_CORTEX_M/rt_MemBox.o
                0x00003f80                rt_alloc_box
 .text.rt_free_box
                0x00003fb8       0x4c ./.build/SARA_NBIOT_EVK/GCC_ARM/mbed-os/core/rtos/rtx/TARGET_CORTEX_M/rt_MemBox.o
                0x00003fb8                rt_free_box
 .text.rt_mut_init
                0x00004004       0x2c ./.build/SARA_NBIOT_EVK/GCC_ARM/mbed-os/core/rtos/rtx/TARGET_CORTEX_M/rt_Mutex.o
                0x00004004                rt_mut_init
 .text.rt_mut_delete
                0x00004030      0x144 ./.build/SARA_NBIOT_EVK/GCC_ARM/mbed-os/core/rtos/rtx/TARGET_CORTEX_M/rt_Mutex.o
                0x00004030                rt_mut_delete
 .text.rt_init_robin
                0x00004174       0x1c ./.build/SARA_NBIOT_EVK/GCC_ARM/mbed-os/core/rtos/rtx/TARGET_CORTEX_M/rt_Robin.o
                0x00004174                rt_init_robin
 .text.rt_chk_robin
                0x00004190       0x70 ./.build/SARA_NBIOT_EVK/GCC_ARM/mbed-os/core/rtos/rtx/TARGET_CORTEX_M/rt_Robin.o
                0x00004190                rt_chk_robin
 .text.rt_sem_psh
                0x00004200       0x58 ./.build/SARA_NBIOT_EVK/GCC_ARM/mbed-os/core/rtos/rtx/TARGET_CORTEX_M/rt_Semaphore.o
                0x00004200                rt_sem_psh
 .text.rt_systick_init
                0x00004258       0x3c ./.build/SARA_NBIOT_EVK/GCC_ARM/mbed-os/core/rtos/rtx/TARGET_CORTEX_M/rt_System.o
 .text.rt_psh_req
                0x00004294       0x2c ./.build/SARA_NBIOT_EVK/GCC_ARM/mbed-os/core/rtos/rtx/TARGET_CORTEX_M/rt_System.o
                0x00004294                rt_psh_req
 .text.rt_pop_req
                0x000042c0       0xdc ./.build/SARA_NBIOT_EVK/GCC_ARM/mbed-os/core/rtos/rtx/TARGET_CORTEX_M/rt_System.o
                0x000042c0                rt_pop_req
 .text.os_tick_init
                0x0000439c       0x10 ./.build/SARA_NBIOT_EVK/GCC_ARM/mbed-os/core/rtos/rtx/TARGET_CORTEX_M/rt_System.o
                0x0000439c                os_tick_init
 .text.os_tick_irqack
                0x000043ac        0x4 ./.build/SARA_NBIOT_EVK/GCC_ARM/mbed-os/core/rtos/rtx/TARGET_CORTEX_M/rt_System.o
                0x000043ac                os_tick_irqack
 .text.rt_systick
                0x000043b0       0x54 ./.build/SARA_NBIOT_EVK/GCC_ARM/mbed-os/core/rtos/rtx/TARGET_CORTEX_M/rt_System.o
                0x000043b0                rt_systick
 .text.rt_stk_check
                0x00004404       0x3c ./.build/SARA_NBIOT_EVK/GCC_ARM/mbed-os/core/rtos/rtx/TARGET_CORTEX_M/rt_System.o
                0x00004404                rt_stk_check
 .text.rt_svc_init
                0x00004440       0x30 ./.build/SARA_NBIOT_EVK/GCC_ARM/mbed-os/core/rtos/rtx/TARGET_CORTEX_M/rt_Task.o
 .text.rt_get_TID
                0x00004470       0x3c ./.build/SARA_NBIOT_EVK/GCC_ARM/mbed-os/core/rtos/rtx/TARGET_CORTEX_M/rt_Task.o
 .text.rt_init_context
                0x000044ac       0x9c ./.build/SARA_NBIOT_EVK/GCC_ARM/mbed-os/core/rtos/rtx/TARGET_CORTEX_M/rt_Task.o
 .text.rt_switch_req
                0x00004548       0x40 ./.build/SARA_NBIOT_EVK/GCC_ARM/mbed-os/core/rtos/rtx/TARGET_CORTEX_M/rt_Task.o
                0x00004548                rt_switch_req
 .text.rt_dispatch
                0x00004588       0x6c ./.build/SARA_NBIOT_EVK/GCC_ARM/mbed-os/core/rtos/rtx/TARGET_CORTEX_M/rt_Task.o
                0x00004588                rt_dispatch
 .text.rt_tsk_self
                0x000045f4       0x1c ./.build/SARA_NBIOT_EVK/GCC_ARM/mbed-os/core/rtos/rtx/TARGET_CORTEX_M/rt_Task.o
                0x000045f4                rt_tsk_self
 .text.rt_tsk_prio
                0x00004610       0xe8 ./.build/SARA_NBIOT_EVK/GCC_ARM/mbed-os/core/rtos/rtx/TARGET_CORTEX_M/rt_Task.o
                0x00004610                rt_tsk_prio
 .text.rt_tsk_create
                0x000046f8       0x90 ./.build/SARA_NBIOT_EVK/GCC_ARM/mbed-os/core/rtos/rtx/TARGET_CORTEX_M/rt_Task.o
                0x000046f8                rt_tsk_create
 .text.rt_tsk_delete
                0x00004788      0x23c ./.build/SARA_NBIOT_EVK/GCC_ARM/mbed-os/core/rtos/rtx/TARGET_CORTEX_M/rt_Task.o
                0x00004788                rt_tsk_delete
 .text.rt_sys_init
                0x000049c4      0x110 ./.build/SARA_NBIOT_EVK/GCC_ARM/mbed-os/core/rtos/rtx/TARGET_CORTEX_M/rt_Task.o
                0x000049c4                rt_sys_init
 .text.rt_sys_start
                0x00004ad4       0x7c ./.build/SARA_NBIOT_EVK/GCC_ARM/mbed-os/core/rtos/rtx/TARGET_CORTEX_M/rt_Task.o
                0x00004ad4                rt_sys_start
 .text._Z25GREENTEA_TESTSUITE_RESULTi
                0x00004b50       0x14 ./.build/SARA_NBIOT_EVK/GCC_ARM/mbed-os/frameworks/greentea-client/source/test_env.o
                0x00004b50                GREENTEA_TESTSUITE_RESULT(int)
 .text._Z23greentea_write_preamblev
                0x00004b64       0x20 ./.build/SARA_NBIOT_EVK/GCC_ARM/mbed-os/frameworks/greentea-client/source/test_env.o
                0x00004b64                greentea_write_preamble()
 .text._Z24greentea_write_postamblev
                0x00004b84       0x28 ./.build/SARA_NBIOT_EVK/GCC_ARM/mbed-os/frameworks/greentea-client/source/test_env.o
                0x00004b84                greentea_write_postamble()
 .text._Z21greentea_write_stringPKc
                0x00004bac       0x30 ./.build/SARA_NBIOT_EVK/GCC_ARM/mbed-os/frameworks/greentea-client/source/test_env.o
                0x00004bac                greentea_write_string(char const*)
 .text._Z18greentea_write_inti
                0x00004bdc       0x4c ./.build/SARA_NBIOT_EVK/GCC_ARM/mbed-os/frameworks/greentea-client/source/test_env.o
                0x00004bdc                greentea_write_int(int)
 .text._Z16greentea_send_kvPKcS0_
                0x00004c28       0x40 ./.build/SARA_NBIOT_EVK/GCC_ARM/mbed-os/frameworks/greentea-client/source/test_env.o
                0x00004c28                greentea_send_kv(char const*, char const*)
 .text._Z16greentea_send_kvPKci
                0x00004c68       0x3c ./.build/SARA_NBIOT_EVK/GCC_ARM/mbed-os/frameworks/greentea-client/source/test_env.o
                0x00004c68                greentea_send_kv(char const*, int)
 .text._Z16greentea_send_kvPKcS0_ii
                0x00004ca4       0x64 ./.build/SARA_NBIOT_EVK/GCC_ARM/mbed-os/frameworks/greentea-client/source/test_env.o
                0x00004ca4                greentea_send_kv(char const*, char const*, int, int)
 .text._Z16greentea_send_kvPKcii
                0x00004d08       0x50 ./.build/SARA_NBIOT_EVK/GCC_ARM/mbed-os/frameworks/greentea-client/source/test_env.o
                0x00004d08                greentea_send_kv(char const*, int, int)
 .text._ZL26greentea_notify_completioni
                0x00004d58       0x48 ./.build/SARA_NBIOT_EVK/GCC_ARM/mbed-os/frameworks/greentea-client/source/test_env.o
 .text._Z41__static_initialization_and_destruction_0ii
                0x00004da0       0x44 ./.build/SARA_NBIOT_EVK/GCC_ARM/mbed-os/frameworks/greentea-client/source/test_env.o
 .text._GLOBAL__sub_I_GREENTEA_TEST_ENV_END
                0x00004de4       0x14 ./.build/SARA_NBIOT_EVK/GCC_ARM/mbed-os/frameworks/greentea-client/source/test_env.o
 .text._ZN5utest2v19control_tC2ENS0_8repeat_tEm
                0x00004df8       0x28 ./.build/SARA_NBIOT_EVK/GCC_ARM/mbed-os/frameworks/utest/mbed-utest-shim.o
                0x00004df8                utest::v1::control_t::control_t(utest::v1::repeat_t, unsigned long)
                0x00004df8                utest::v1::control_t::control_t(utest::v1::repeat_t, unsigned long)
 .text._ZN5utest2v19control_tC2ENS0_8repeat_tE
                0x00004e20       0x28 ./.build/SARA_NBIOT_EVK/GCC_ARM/mbed-os/frameworks/utest/mbed-utest-shim.o
                0x00004e20                utest::v1::control_t::control_t(utest::v1::repeat_t)
                0x00004e20                utest::v1::control_t::control_t(utest::v1::repeat_t)
 .text._ZN5utest2v19control_tC2Em
                0x00004e48       0x1c ./.build/SARA_NBIOT_EVK/GCC_ARM/mbed-os/frameworks/utest/mbed-utest-shim.o
                0x00004e48                utest::v1::control_t::control_t(unsigned long)
                0x00004e48                utest::v1::control_t::control_t(unsigned long)
 .text._Z41__static_initialization_and_destruction_0ii
                0x00004e64       0xac ./.build/SARA_NBIOT_EVK/GCC_ARM/mbed-os/frameworks/utest/mbed-utest-shim.o
 .text._GLOBAL__sub_I_utest_v1_enter_critical_section
                0x00004f10       0x14 ./.build/SARA_NBIOT_EVK/GCC_ARM/mbed-os/frameworks/utest/mbed-utest-shim.o
 .text._ZNK5utest2v14Case15get_descriptionEv
                0x00004f24       0x10 ./.build/SARA_NBIOT_EVK/GCC_ARM/mbed-os/frameworks/utest/source/utest_case.o
                0x00004f24                utest::v1::Case::get_description() const
 .text._Z41__static_initialization_and_destruction_0ii
                0x00004f34       0xac ./.build/SARA_NBIOT_EVK/GCC_ARM/mbed-os/frameworks/utest/source/utest_case.o
 .text._GLOBAL__sub_I__ZN5utest2v14CaseC2EPKcPFNS0_8status_tEPKS1_jEPFvvEPFS4_S6_jjNS0_9failure_tEEPFS4_S6_SB_E
                0x00004fe0       0x14 ./.build/SARA_NBIOT_EVK/GCC_ARM/mbed-os/frameworks/utest/source/utest_case.o
 .text._Z41__static_initialization_and_destruction_0ii
                0x00004ff4       0xac ./.build/SARA_NBIOT_EVK/GCC_ARM/mbed-os/frameworks/utest/source/unity_handler.o
 .text._GLOBAL__sub_I_utest_unity_assert_failure
                0x000050a0       0x14 ./.build/SARA_NBIOT_EVK/GCC_ARM/mbed-os/frameworks/utest/source/unity_handler.o
 .text._ZN5utest2v129verbose_test_teardown_handlerEjjNS0_9failure_tE
                0x000050b4       0x70 ./.build/SARA_NBIOT_EVK/GCC_ARM/mbed-os/frameworks/utest/source/utest_default_handlers.o
                0x000050b4                utest::v1::verbose_test_teardown_handler(unsigned int, unsigned int, utest::v1::failure_t)
 .text._ZN5utest2v128verbose_test_failure_handlerENS0_9failure_tE
                0x00005124       0x38 ./.build/SARA_NBIOT_EVK/GCC_ARM/mbed-os/frameworks/utest/source/utest_default_handlers.o
                0x00005124                utest::v1::verbose_test_failure_handler(utest::v1::failure_t)
 .text._ZN5utest2v126verbose_case_setup_handlerEPKNS0_4CaseEj
                0x0000515c       0x34 ./.build/SARA_NBIOT_EVK/GCC_ARM/mbed-os/frameworks/utest/source/utest_default_handlers.o
                0x0000515c                utest::v1::verbose_case_setup_handler(utest::v1::Case const*, unsigned int)
 .text._ZN5utest2v129verbose_case_teardown_handlerEPKNS0_4CaseEjjNS0_9failure_tE
                0x00005190       0x70 ./.build/SARA_NBIOT_EVK/GCC_ARM/mbed-os/frameworks/utest/source/utest_default_handlers.o
                0x00005190                utest::v1::verbose_case_teardown_handler(utest::v1::Case const*, unsigned int, unsigned int, utest::v1::failure_t)
 .text._ZN5utest2v128verbose_case_failure_handlerEPKNS0_4CaseENS0_9failure_tE
                0x00005200       0x4c ./.build/SARA_NBIOT_EVK/GCC_ARM/mbed-os/frameworks/utest/source/utest_default_handlers.o
                0x00005200                utest::v1::verbose_case_failure_handler(utest::v1::Case const*, utest::v1::failure_t)
 .text._Z41__static_initialization_and_destruction_0ii
                0x0000524c       0xac ./.build/SARA_NBIOT_EVK/GCC_ARM/mbed-os/frameworks/utest/source/utest_default_handlers.o
 .text._GLOBAL__sub_I__ZN5utest2v125verbose_continue_handlersE
                0x000052f8       0x14 ./.build/SARA_NBIOT_EVK/GCC_ARM/mbed-os/frameworks/utest/source/utest_default_handlers.o
 .text._ZL26unknown_test_setup_handlerj
                0x0000530c       0x34 ./.build/SARA_NBIOT_EVK/GCC_ARM/mbed-os/frameworks/utest/source/utest_greentea_handlers.o
 .text._ZL20test_failure_handlerN5utest2v19failure_tE
                0x00005340       0x30 ./.build/SARA_NBIOT_EVK/GCC_ARM/mbed-os/frameworks/utest/source/utest_greentea_handlers.o
 .text._ZN5utest2v130greentea_test_teardown_handlerEjjNS0_9failure_tE
                0x00005370       0x5c ./.build/SARA_NBIOT_EVK/GCC_ARM/mbed-os/frameworks/utest/source/utest_greentea_handlers.o
                0x00005370                utest::v1::greentea_test_teardown_handler(unsigned int, unsigned int, utest::v1::failure_t)
 .text._ZN5utest2v127greentea_case_setup_handlerEPKNS0_4CaseEj
                0x000053cc       0x44 ./.build/SARA_NBIOT_EVK/GCC_ARM/mbed-os/frameworks/utest/source/utest_greentea_handlers.o
                0x000053cc                utest::v1::greentea_case_setup_handler(utest::v1::Case const*, unsigned int)
 .text._ZN5utest2v130greentea_case_teardown_handlerEPKNS0_4CaseEjjNS0_9failure_tE
                0x00005410       0x40 ./.build/SARA_NBIOT_EVK/GCC_ARM/mbed-os/frameworks/utest/source/utest_greentea_handlers.o
                0x00005410                utest::v1::greentea_case_teardown_handler(utest::v1::Case const*, unsigned int, unsigned int, utest::v1::failure_t)
 .text._ZN5utest2v135greentea_case_failure_abort_handlerEPKNS0_4CaseENS0_9failure_tE
                0x00005450       0x38 ./.build/SARA_NBIOT_EVK/GCC_ARM/mbed-os/frameworks/utest/source/utest_greentea_handlers.o
                0x00005450                utest::v1::greentea_case_failure_abort_handler(utest::v1::Case const*, utest::v1::failure_t)
 .text._Z41__static_initialization_and_destruction_0ii
                0x00005488       0xac ./.build/SARA_NBIOT_EVK/GCC_ARM/mbed-os/frameworks/utest/source/utest_greentea_handlers.o
 .text._GLOBAL__sub_I__ZN5utest2v123greentea_abort_handlersE
                0x00005534       0x14 ./.build/SARA_NBIOT_EVK/GCC_ARM/mbed-os/frameworks/utest/source/utest_greentea_handlers.o
 .text._Z41__static_initialization_and_destruction_0ii
                0x00005548       0x44 ./.build/SARA_NBIOT_EVK/GCC_ARM/mbed-os/frameworks/utest/source/utest_serial.o
 .text._GLOBAL__sub_I_utest_serial
                0x0000558c       0x14 ./.build/SARA_NBIOT_EVK/GCC_ARM/mbed-os/frameworks/utest/source/utest_serial.o
 .text._Z41__static_initialization_and_destruction_0ii
                0x000055a0       0xdc ./.build/SARA_NBIOT_EVK/GCC_ARM/mbed-os/frameworks/utest/source/utest_harness.o
 .text._GLOBAL__sub_I__ZN5utest2v17Harness13set_schedulerE20utest_v1_scheduler_t
                0x0000567c       0x14 ./.build/SARA_NBIOT_EVK/GCC_ARM/mbed-os/frameworks/utest/source/utest_harness.o
 .text._ZN4mbed6TickerC2Ev
                0x00005690       0x2c ./.build/SARA_NBIOT_EVK/GCC_ARM/mbed-os/frameworks/utest/source/utest_shim.o
                0x00005690                mbed::Ticker::Ticker()
                0x00005690                mbed::Ticker::Ticker()
 .text._ZN4mbed7TimeoutC2Ev
                0x000056bc       0x20 ./.build/SARA_NBIOT_EVK/GCC_ARM/mbed-os/frameworks/utest/source/utest_shim.o
                0x000056bc                mbed::Timeout::Timeout()
                0x000056bc                mbed::Timeout::Timeout()
 .text._Z41__static_initialization_and_destruction_0ii
                0x000056dc       0x40 ./.build/SARA_NBIOT_EVK/GCC_ARM/mbed-os/frameworks/utest/source/utest_shim.o
 .text._GLOBAL__sub_I_utest_timeout_object
                0x0000571c       0x14 ./.build/SARA_NBIOT_EVK/GCC_ARM/mbed-os/frameworks/utest/source/utest_shim.o
 .text._ZN5utest2v19stringifyENS0_16failure_reason_tE
                0x00005730      0x108 ./.build/SARA_NBIOT_EVK/GCC_ARM/mbed-os/frameworks/utest/source/utest_types.o
                0x00005730                utest::v1::stringify(utest::v1::failure_reason_t)
 .text._ZN5utest2v19stringifyENS0_10location_tE
                0x00005838       0x68 ./.build/SARA_NBIOT_EVK/GCC_ARM/mbed-os/frameworks/utest/source/utest_types.o
                0x00005838                utest::v1::stringify(utest::v1::location_t)
 .text._Z41__static_initialization_and_destruction_0ii
                0x000058a0       0x98 ./.build/SARA_NBIOT_EVK/GCC_ARM/mbed-os/frameworks/utest/source/utest_types.o
 .text._GLOBAL__sub_I__ZN5utest2v19stringifyENS0_16failure_reason_tE
                0x00005938       0x14 ./.build/SARA_NBIOT_EVK/GCC_ARM/mbed-os/frameworks/utest/source/utest_types.o
 .text._ZdaPv   0x0000594c        0x8 c:/gcc4mbed-master/gcc4mbed-master/gcc-arm-none-eabi/bin/../lib/gcc/arm-none-eabi/5.2.1/../../../../arm-none-eabi/lib/armv6-m\libstdc++_nano.a(del_opv.o)
                0x0000594c                operator delete[](void*)
 .text.__aeabi_atexit
                0x00005954        0xe c:/gcc4mbed-master/gcc4mbed-master/gcc-arm-none-eabi/bin/../lib/gcc/arm-none-eabi/5.2.1/../../../../arm-none-eabi/lib/armv6-m\libstdc++_nano.a(atexit_arm.o)
                0x00005954                __aeabi_atexit
 .text._ZdlPv   0x00005962        0x8 c:/gcc4mbed-master/gcc4mbed-master/gcc-arm-none-eabi/bin/../lib/gcc/arm-none-eabi/5.2.1/../../../../arm-none-eabi/lib/armv6-m\libstdc++_nano.a(del_op.o)
                0x00005962                operator delete(void*)
 .text._Znwj    0x0000596a       0x24 c:/gcc4mbed-master/gcc4mbed-master/gcc-arm-none-eabi/bin/../lib/gcc/arm-none-eabi/5.2.1/../../../../arm-none-eabi/lib/armv6-m\libstdc++_nano.a(new_op.o)
                0x0000596a                operator new(unsigned int)
 .text._Znaj    0x0000598e        0x8 c:/gcc4mbed-master/gcc4mbed-master/gcc-arm-none-eabi/bin/../lib/gcc/arm-none-eabi/5.2.1/../../../../arm-none-eabi/lib/armv6-m\libstdc++_nano.a(new_opv.o)
                0x0000598e                operator new[](unsigned int)
 .text.__cxa_guard_acquire
                0x00005996       0x1a c:/gcc4mbed-master/gcc4mbed-master/gcc-arm-none-eabi/bin/../lib/gcc/arm-none-eabi/5.2.1/../../../../arm-none-eabi/lib/armv6-m\libstdc++_nano.a(guard.o)
                0x00005996                __cxa_guard_acquire
 .text.__cxa_guard_release
                0x000059b0        0x6 c:/gcc4mbed-master/gcc4mbed-master/gcc-arm-none-eabi/bin/../lib/gcc/arm-none-eabi/5.2.1/../../../../arm-none-eabi/lib/armv6-m\libstdc++_nano.a(guard.o)
                0x000059b0                __cxa_guard_release
 *fill*         0x000059b6        0x2 
 .text._ZSt15get_new_handlerv
                0x000059b8        0xc c:/gcc4mbed-master/gcc4mbed-master/gcc-arm-none-eabi/bin/../lib/gcc/arm-none-eabi/5.2.1/../../../../arm-none-eabi/lib/armv6-m\libstdc++_nano.a(new_handler.o)
                0x000059b8                std::get_new_handler()
 .text.abort    0x000059c4        0xe c:/gcc4mbed-master/gcc4mbed-master/gcc-arm-none-eabi/bin/../lib/gcc/arm-none-eabi/5.2.1/../../../../arm-none-eabi/lib/armv6-m\libc_nano.a(lib_a-abort.o)
                0x000059c4                abort
 .text.atexit   0x000059d2       0x10 c:/gcc4mbed-master/gcc4mbed-master/gcc-arm-none-eabi/bin/../lib/gcc/arm-none-eabi/5.2.1/../../../../arm-none-eabi/lib/armv6-m\libc_nano.a(lib_a-atexit.o)
                0x000059d2                atexit
 *fill*         0x000059e2        0x2 
 .text.__cxa_atexit
                0x000059e4       0x1c c:/gcc4mbed-master/gcc4mbed-master/gcc-arm-none-eabi/bin/../lib/gcc/arm-none-eabi/5.2.1/../../../../arm-none-eabi/lib/armv6-m\libc_nano.a(lib_a-cxa_atexit.o)
                0x000059e4                __cxa_atexit
 .text.__errno  0x00005a00        0xc c:/gcc4mbed-master/gcc4mbed-master/gcc-arm-none-eabi/bin/../lib/gcc/arm-none-eabi/5.2.1/../../../../arm-none-eabi/lib/armv6-m\libc_nano.a(lib_a-errno.o)
                0x00005a00                __errno
 .text.exit     0x00005a0c       0x2c c:/gcc4mbed-master/gcc4mbed-master/gcc-arm-none-eabi/bin/../lib/gcc/arm-none-eabi/5.2.1/../../../../arm-none-eabi/lib/armv6-m\libc_nano.a(lib_a-exit.o)
                0x00005a0c                exit
 .text.__sflush_r
                0x00005a38      0x10c c:/gcc4mbed-master/gcc4mbed-master/gcc-arm-none-eabi/bin/../lib/gcc/arm-none-eabi/5.2.1/../../../../arm-none-eabi/lib/armv6-m\libc_nano.a(lib_a-fflush.o)
                0x00005a38                __sflush_r
 .text._fflush_r
                0x00005b44       0x58 c:/gcc4mbed-master/gcc4mbed-master/gcc-arm-none-eabi/bin/../lib/gcc/arm-none-eabi/5.2.1/../../../../arm-none-eabi/lib/armv6-m\libc_nano.a(lib_a-fflush.o)
                0x00005b44                _fflush_r
 .text.fflush   0x00005b9c       0x28 c:/gcc4mbed-master/gcc4mbed-master/gcc-arm-none-eabi/bin/../lib/gcc/arm-none-eabi/5.2.1/../../../../arm-none-eabi/lib/armv6-m\libc_nano.a(lib_a-fflush.o)
                0x00005b9c                fflush
 .text._cleanup_r
                0x00005bc4       0x10 c:/gcc4mbed-master/gcc4mbed-master/gcc-arm-none-eabi/bin/../lib/gcc/arm-none-eabi/5.2.1/../../../../arm-none-eabi/lib/armv6-m\libc_nano.a(lib_a-findfp.o)
                0x00005bc4                _cleanup_r
 .text.std.isra.0
                0x00005bd4       0x48 c:/gcc4mbed-master/gcc4mbed-master/gcc-arm-none-eabi/bin/../lib/gcc/arm-none-eabi/5.2.1/../../../../arm-none-eabi/lib/armv6-m\libc_nano.a(lib_a-findfp.o)
 .text.__sfmoreglue
                0x00005c1c       0x2c c:/gcc4mbed-master/gcc4mbed-master/gcc-arm-none-eabi/bin/../lib/gcc/arm-none-eabi/5.2.1/../../../../arm-none-eabi/lib/armv6-m\libc_nano.a(lib_a-findfp.o)
                0x00005c1c                __sfmoreglue
 .text.__sinit  0x00005c48       0x68 c:/gcc4mbed-master/gcc4mbed-master/gcc-arm-none-eabi/bin/../lib/gcc/arm-none-eabi/5.2.1/../../../../arm-none-eabi/lib/armv6-m\libc_nano.a(lib_a-findfp.o)
                0x00005c48                __sinit
 .text.__sfp    0x00005cb0       0x7c c:/gcc4mbed-master/gcc4mbed-master/gcc-arm-none-eabi/bin/../lib/gcc/arm-none-eabi/5.2.1/../../../../arm-none-eabi/lib/armv6-m\libc_nano.a(lib_a-findfp.o)
                0x00005cb0                __sfp
 .text.__libc_fini_array
                0x00005d2c       0x28 c:/gcc4mbed-master/gcc4mbed-master/gcc-arm-none-eabi/bin/../lib/gcc/arm-none-eabi/5.2.1/../../../../arm-none-eabi/lib/armv6-m\libc_nano.a(lib_a-fini.o)
                0x00005d2c                __libc_fini_array
 .text._fwalk_reent
                0x00005d54       0x42 c:/gcc4mbed-master/gcc4mbed-master/gcc-arm-none-eabi/bin/../lib/gcc/arm-none-eabi/5.2.1/../../../../arm-none-eabi/lib/armv6-m\libc_nano.a(lib_a-fwalk.o)
                0x00005d54                _fwalk_reent
 *fill*         0x00005d96        0x2 
 .text.__libc_init_array
                0x00005d98       0x4c c:/gcc4mbed-master/gcc4mbed-master/gcc-arm-none-eabi/bin/../lib/gcc/arm-none-eabi/5.2.1/../../../../arm-none-eabi/lib/armv6-m\libc_nano.a(lib_a-init.o)
                0x00005d98                __libc_init_array
 .text.__smakebuf_r
                0x00005de4       0xa4 c:/gcc4mbed-master/gcc4mbed-master/gcc-arm-none-eabi/bin/../lib/gcc/arm-none-eabi/5.2.1/../../../../arm-none-eabi/lib/armv6-m\libc_nano.a(lib_a-makebuf.o)
                0x00005de4                __smakebuf_r
 .text.malloc   0x00005e88       0x14 c:/gcc4mbed-master/gcc4mbed-master/gcc-arm-none-eabi/bin/../lib/gcc/arm-none-eabi/5.2.1/../../../../arm-none-eabi/lib/armv6-m\libc_nano.a(lib_a-malloc.o)
                0x00005e88                malloc
 .text.free     0x00005e9c       0x14 c:/gcc4mbed-master/gcc4mbed-master/gcc-arm-none-eabi/bin/../lib/gcc/arm-none-eabi/5.2.1/../../../../arm-none-eabi/lib/armv6-m\libc_nano.a(lib_a-malloc.o)
                0x00005e9c                free
 .text.memchr   0x00005eb0       0x16 c:/gcc4mbed-master/gcc4mbed-master/gcc-arm-none-eabi/bin/../lib/gcc/arm-none-eabi/5.2.1/../../../../arm-none-eabi/lib/armv6-m\libc_nano.a(lib_a-memchr-stub.o)
                0x00005eb0                memchr
 .text.memcpy   0x00005ec6       0x12 c:/gcc4mbed-master/gcc4mbed-master/gcc-arm-none-eabi/bin/../lib/gcc/arm-none-eabi/5.2.1/../../../../arm-none-eabi/lib/armv6-m\libc_nano.a(lib_a-memcpy-stub.o)
                0x00005ec6                memcpy
 .text.memmove  0x00005ed8       0x2a c:/gcc4mbed-master/gcc4mbed-master/gcc-arm-none-eabi/bin/../lib/gcc/arm-none-eabi/5.2.1/../../../../arm-none-eabi/lib/armv6-m\libc_nano.a(lib_a-memmove.o)
                0x00005ed8                memmove
 .text.memset   0x00005f02       0x10 c:/gcc4mbed-master/gcc4mbed-master/gcc-arm-none-eabi/bin/../lib/gcc/arm-none-eabi/5.2.1/../../../../arm-none-eabi/lib/armv6-m\libc_nano.a(lib_a-memset.o)
                0x00005f02                memset
 *fill*         0x00005f12        0x2 
 .text._free_r  0x00005f14       0x8c c:/gcc4mbed-master/gcc4mbed-master/gcc-arm-none-eabi/bin/../lib/gcc/arm-none-eabi/5.2.1/../../../../arm-none-eabi/lib/armv6-m\libc_nano.a(lib_a-nano-freer.o)
                0x00005f14                _free_r
 .text._malloc_r
                0x00005fa0       0xac c:/gcc4mbed-master/gcc4mbed-master/gcc-arm-none-eabi/bin/../lib/gcc/arm-none-eabi/5.2.1/../../../../arm-none-eabi/lib/armv6-m\libc_nano.a(lib_a-nano-mallocr.o)
                0x00005fa0                _malloc_r
 .text._realloc_r
                0x0000604c       0x4c c:/gcc4mbed-master/gcc4mbed-master/gcc-arm-none-eabi/bin/../lib/gcc/arm-none-eabi/5.2.1/../../../../arm-none-eabi/lib/armv6-m\libc_nano.a(lib_a-nano-reallocr.o)
                0x0000604c                _realloc_r
 .text.__sfputc_r
                0x00006098       0x2a c:/gcc4mbed-master/gcc4mbed-master/gcc-arm-none-eabi/bin/../lib/gcc/arm-none-eabi/5.2.1/../../../../arm-none-eabi/lib/armv6-m\libc_nano.a(lib_a-nano-vfprintf.o)
 .text.__sfputs_r
                0x000060c2       0x24 c:/gcc4mbed-master/gcc4mbed-master/gcc-arm-none-eabi/bin/../lib/gcc/arm-none-eabi/5.2.1/../../../../arm-none-eabi/lib/armv6-m\libc_nano.a(lib_a-nano-vfprintf.o)
                0x000060c2                __sfputs_r
 *fill*         0x000060e6        0x2 
 .text._vfprintf_r
                0x000060e8      0x238 c:/gcc4mbed-master/gcc4mbed-master/gcc-arm-none-eabi/bin/../lib/gcc/arm-none-eabi/5.2.1/../../../../arm-none-eabi/lib/armv6-m\libc_nano.a(lib_a-nano-vfprintf.o)
                0x000060e8                _vfprintf_r
                0x000060e8                _vfiprintf_r
 .text._printf_common
                0x00006320       0xdc c:/gcc4mbed-master/gcc4mbed-master/gcc-arm-none-eabi/bin/../lib/gcc/arm-none-eabi/5.2.1/../../../../arm-none-eabi/lib/armv6-m\libc_nano.a(lib_a-nano-vfprintf_i.o)
                0x00006320                _printf_common
 .text._printf_i
                0x000063fc      0x244 c:/gcc4mbed-master/gcc4mbed-master/gcc-arm-none-eabi/bin/../lib/gcc/arm-none-eabi/5.2.1/../../../../arm-none-eabi/lib/armv6-m\libc_nano.a(lib_a-nano-vfprintf_i.o)
                0x000063fc                _printf_i
 .text.printf   0x00006640       0x34 c:/gcc4mbed-master/gcc4mbed-master/gcc-arm-none-eabi/bin/../lib/gcc/arm-none-eabi/5.2.1/../../../../arm-none-eabi/lib/armv6-m\libc_nano.a(lib_a-printf.o)
                0x00006640                iprintf
                0x00006640                printf
 .text._sbrk_r  0x00006674       0x24 c:/gcc4mbed-master/gcc4mbed-master/gcc-arm-none-eabi/bin/../lib/gcc/arm-none-eabi/5.2.1/../../../../arm-none-eabi/lib/armv6-m\libc_nano.a(lib_a-sbrkr.o)
                0x00006674                _sbrk_r
 .text._raise_r
                0x00006698       0x54 c:/gcc4mbed-master/gcc4mbed-master/gcc-arm-none-eabi/bin/../lib/gcc/arm-none-eabi/5.2.1/../../../../arm-none-eabi/lib/armv6-m\libc_nano.a(lib_a-signal.o)
                0x00006698                _raise_r
 .text.raise    0x000066ec       0x14 c:/gcc4mbed-master/gcc4mbed-master/gcc-arm-none-eabi/bin/../lib/gcc/arm-none-eabi/5.2.1/../../../../arm-none-eabi/lib/armv6-m\libc_nano.a(lib_a-signal.o)
                0x000066ec                raise
 .text._kill_r  0x00006700       0x24 c:/gcc4mbed-master/gcc4mbed-master/gcc-arm-none-eabi/bin/../lib/gcc/arm-none-eabi/5.2.1/../../../../arm-none-eabi/lib/armv6-m\libc_nano.a(lib_a-signalr.o)
                0x00006700                _kill_r
 .text._getpid_r
                0x00006724        0x8 c:/gcc4mbed-master/gcc4mbed-master/gcc-arm-none-eabi/bin/../lib/gcc/arm-none-eabi/5.2.1/../../../../arm-none-eabi/lib/armv6-m\libc_nano.a(lib_a-signalr.o)
                0x00006724                _getpid_r
 .text.sprintf  0x0000672c       0x44 c:/gcc4mbed-master/gcc4mbed-master/gcc-arm-none-eabi/bin/../lib/gcc/arm-none-eabi/5.2.1/../../../../arm-none-eabi/lib/armv6-m\libc_nano.a(lib_a-sprintf.o)
                0x0000672c                siprintf
                0x0000672c                sprintf
 .text.__sread  0x00006770       0x28 c:/gcc4mbed-master/gcc4mbed-master/gcc-arm-none-eabi/bin/../lib/gcc/arm-none-eabi/5.2.1/../../../../arm-none-eabi/lib/armv6-m\libc_nano.a(lib_a-stdio.o)
                0x00006770                __sread
 .text.__swrite
                0x00006798       0x38 c:/gcc4mbed-master/gcc4mbed-master/gcc-arm-none-eabi/bin/../lib/gcc/arm-none-eabi/5.2.1/../../../../arm-none-eabi/lib/armv6-m\libc_nano.a(lib_a-stdio.o)
                0x00006798                __swrite
 .text.__sseek  0x000067d0       0x2c c:/gcc4mbed-master/gcc4mbed-master/gcc-arm-none-eabi/bin/../lib/gcc/arm-none-eabi/5.2.1/../../../../arm-none-eabi/lib/armv6-m\libc_nano.a(lib_a-stdio.o)
                0x000067d0                __sseek
 .text.__sclose
                0x000067fc        0xc c:/gcc4mbed-master/gcc4mbed-master/gcc-arm-none-eabi/bin/../lib/gcc/arm-none-eabi/5.2.1/../../../../arm-none-eabi/lib/armv6-m\libc_nano.a(lib_a-stdio.o)
                0x000067fc                __sclose
 .text._vsnprintf_r
                0x00006808       0x56 c:/gcc4mbed-master/gcc4mbed-master/gcc-arm-none-eabi/bin/../lib/gcc/arm-none-eabi/5.2.1/../../../../arm-none-eabi/lib/armv6-m\libc_nano.a(lib_a-vsnprintf.o)
                0x00006808                _vsniprintf_r
                0x00006808                _vsnprintf_r
 *fill*         0x0000685e        0x2 
 .text.vsnprintf
                0x00006860       0x18 c:/gcc4mbed-master/gcc4mbed-master/gcc-arm-none-eabi/bin/../lib/gcc/arm-none-eabi/5.2.1/../../../../arm-none-eabi/lib/armv6-m\libc_nano.a(lib_a-vsnprintf.o)
                0x00006860                vsniprintf
                0x00006860                vsnprintf
 .text._vsprintf_r
                0x00006878       0x30 c:/gcc4mbed-master/gcc4mbed-master/gcc-arm-none-eabi/bin/../lib/gcc/arm-none-eabi/5.2.1/../../../../arm-none-eabi/lib/armv6-m\libc_nano.a(lib_a-vsprintf.o)
                0x00006878                _vsprintf_r
                0x00006878                _vsiprintf_r
 .text.vsprintf
                0x000068a8       0x18 c:/gcc4mbed-master/gcc4mbed-master/gcc-arm-none-eabi/bin/../lib/gcc/arm-none-eabi/5.2.1/../../../../arm-none-eabi/lib/armv6-m\libc_nano.a(lib_a-vsprintf.o)
                0x000068a8                vsiprintf
                0x000068a8                vsprintf
 .text.__swbuf_r
                0x000068c0       0xb0 c:/gcc4mbed-master/gcc4mbed-master/gcc-arm-none-eabi/bin/../lib/gcc/arm-none-eabi/5.2.1/../../../../arm-none-eabi/lib/armv6-m\libc_nano.a(lib_a-wbuf.o)
                0x000068c0                __swbuf_r
 .text._write_r
                0x00006970       0x28 c:/gcc4mbed-master/gcc4mbed-master/gcc-arm-none-eabi/bin/../lib/gcc/arm-none-eabi/5.2.1/../../../../arm-none-eabi/lib/armv6-m\libc_nano.a(lib_a-writer.o)
                0x00006970                _write_r
 .text.__swsetup_r
                0x00006998       0xe8 c:/gcc4mbed-master/gcc4mbed-master/gcc-arm-none-eabi/bin/../lib/gcc/arm-none-eabi/5.2.1/../../../../arm-none-eabi/lib/armv6-m\libc_nano.a(lib_a-wsetup.o)
                0x00006998                __swsetup_r
 .text.__register_exitproc
                0x00006a80       0xb8 c:/gcc4mbed-master/gcc4mbed-master/gcc-arm-none-eabi/bin/../lib/gcc/arm-none-eabi/5.2.1/../../../../arm-none-eabi/lib/armv6-m\libc_nano.a(lib_a-__atexit.o)
                0x00006a80                __register_exitproc
 .text.__call_exitprocs
                0x00006b38       0xec c:/gcc4mbed-master/gcc4mbed-master/gcc-arm-none-eabi/bin/../lib/gcc/arm-none-eabi/5.2.1/../../../../arm-none-eabi/lib/armv6-m\libc_nano.a(lib_a-__call_atexit.o)
                0x00006b38                __call_exitprocs
 .text._close_r
                0x00006c24       0x24 c:/gcc4mbed-master/gcc4mbed-master/gcc-arm-none-eabi/bin/../lib/gcc/arm-none-eabi/5.2.1/../../../../arm-none-eabi/lib/armv6-m\libc_nano.a(lib_a-closer.o)
                0x00006c24                _close_r
 .text._fstat_r
                0x00006c48       0x24 c:/gcc4mbed-master/gcc4mbed-master/gcc-arm-none-eabi/bin/../lib/gcc/arm-none-eabi/5.2.1/../../../../arm-none-eabi/lib/armv6-m\libc_nano.a(lib_a-fstatr.o)
                0x00006c48                _fstat_r
 .text._isatty_r
                0x00006c6c       0x24 c:/gcc4mbed-master/gcc4mbed-master/gcc-arm-none-eabi/bin/../lib/gcc/arm-none-eabi/5.2.1/../../../../arm-none-eabi/lib/armv6-m\libc_nano.a(lib_a-isattyr.o)
                0x00006c6c                _isatty_r
 .text._lseek_r
                0x00006c90       0x28 c:/gcc4mbed-master/gcc4mbed-master/gcc-arm-none-eabi/bin/../lib/gcc/arm-none-eabi/5.2.1/../../../../arm-none-eabi/lib/armv6-m\libc_nano.a(lib_a-lseekr.o)
                0x00006c90                _lseek_r
 .text._malloc_usable_size_r
                0x00006cb8       0x16 c:/gcc4mbed-master/gcc4mbed-master/gcc-arm-none-eabi/bin/../lib/gcc/arm-none-eabi/5.2.1/../../../../arm-none-eabi/lib/armv6-m\libc_nano.a(lib_a-nano-msizer.o)
                0x00006cb8                _malloc_usable_size_r
 *fill*         0x00006cce        0x2 
 .text.__ssputs_r
                0x00006cd0       0xc4 c:/gcc4mbed-master/gcc4mbed-master/gcc-arm-none-eabi/bin/../lib/gcc/arm-none-eabi/5.2.1/../../../../arm-none-eabi/lib/armv6-m\libc_nano.a(lib_a-nano-svfprintf.o)
                0x00006cd0                __ssputs_r
 .text._svfprintf_r
                0x00006d94      0x1fc c:/gcc4mbed-master/gcc4mbed-master/gcc-arm-none-eabi/bin/../lib/gcc/arm-none-eabi/5.2.1/../../../../arm-none-eabi/lib/armv6-m\libc_nano.a(lib_a-nano-svfprintf.o)
                0x00006d94                _svfiprintf_r
                0x00006d94                _svfprintf_r
 .text._read_r  0x00006f90       0x28 c:/gcc4mbed-master/gcc4mbed-master/gcc-arm-none-eabi/bin/../lib/gcc/arm-none-eabi/5.2.1/../../../../arm-none-eabi/lib/armv6-m\libc_nano.a(lib_a-readr.o)
                0x00006f90                _read_r
 .text._getpid  0x00006fb8       0x10 c:/gcc4mbed-master/gcc4mbed-master/gcc-arm-none-eabi/bin/../lib/gcc/arm-none-eabi/5.2.1/../../../../arm-none-eabi/lib/armv6-m\libnosys.a(getpid.o)
                0x00006fb8                _getpid
 .text._kill    0x00006fc8       0x10 c:/gcc4mbed-master/gcc4mbed-master/gcc-arm-none-eabi/bin/../lib/gcc/arm-none-eabi/5.2.1/../../../../arm-none-eabi/lib/armv6-m\libnosys.a(kill.o)
                0x00006fc8                _kill
 *(.init)
 .init          0x00006fd8        0x4 c:/gcc4mbed-master/gcc4mbed-master/gcc-arm-none-eabi/bin/../lib/gcc/arm-none-eabi/5.2.1/armv6-m/crti.o
                0x00006fd8                _init
 .init          0x00006fdc        0x8 c:/gcc4mbed-master/gcc4mbed-master/gcc-arm-none-eabi/bin/../lib/gcc/arm-none-eabi/5.2.1/armv6-m/crtn.o
 *(.fini)
 .fini          0x00006fe4        0x4 c:/gcc4mbed-master/gcc4mbed-master/gcc-arm-none-eabi/bin/../lib/gcc/arm-none-eabi/5.2.1/armv6-m/crti.o
                0x00006fe4                _fini
 .fini          0x00006fe8        0x8 c:/gcc4mbed-master/gcc4mbed-master/gcc-arm-none-eabi/bin/../lib/gcc/arm-none-eabi/5.2.1/armv6-m/crtn.o
 *crtbegin.o(.ctors)
 *crtbegin?.o(.ctors)
 *(EXCLUDE_FILE(*crtend.o *crtend?.o) .ctors)
 *(SORT(.ctors.*))
 *(.ctors)
 *crtbegin.o(.dtors)
 *crtbegin?.o(.dtors)
 *(EXCLUDE_FILE(*crtend.o *crtend?.o) .dtors)
 *(SORT(.dtors.*))
 *(.dtors)
 *(.rodata)
 .rodata        0x00006ff0       0x6c ./.build/SARA_NBIOT_EVK/GCC_ARM/./blinky.o
 .rodata        0x0000705c       0x31 ./.build/SARA_NBIOT_EVK/GCC_ARM/mbed-os/core/hal/common/assert.o
 *fill*         0x0000708d        0x3 
 .rodata        0x00007090       0x6a ./.build/SARA_NBIOT_EVK/GCC_ARM/mbed-os/core/hal/common/critical.o
 *fill*         0x000070fa        0x2 
 .rodata        0x000070fc       0x60 ./.build/SARA_NBIOT_EVK/GCC_ARM/mbed-os/core/hal/common/gpio.o
 .rodata        0x0000715c       0x4e ./.build/SARA_NBIOT_EVK/GCC_ARM/mbed-os/core/hal/targets/hal/TARGET_ublox/TARGET_HI2110/HI2110_init.o
 *fill*         0x000071aa        0x2 
 .rodata        0x000071ac       0x70 ./.build/SARA_NBIOT_EVK/GCC_ARM/mbed-os/core/hal/targets/hal/TARGET_ublox/TARGET_HI2110/gpio_api.o
 .rodata        0x0000721c       0x76 ./.build/SARA_NBIOT_EVK/GCC_ARM/mbed-os/core/hal/targets/hal/TARGET_ublox/TARGET_HI2110/pinmap.o
 *fill*         0x00007292        0x2 
 .rodata        0x00007294       0xde ./.build/SARA_NBIOT_EVK/GCC_ARM/mbed-os/core/hal/targets/hal/TARGET_ublox/TARGET_HI2110/serial_api.o
 *fill*         0x00007372        0x2 
 .rodata        0x00007374       0x25 ./.build/SARA_NBIOT_EVK/GCC_ARM/mbed-os/core/rtos/rtos/Mutex.o
 *fill*         0x00007399        0x3 
 .rodata        0x0000739c       0xbe ./.build/SARA_NBIOT_EVK/GCC_ARM/mbed-os/frameworks/greentea-client/source/test_env.o
 *fill*         0x0000745a        0x2 
 .rodata        0x0000745c       0xf7 ./.build/SARA_NBIOT_EVK/GCC_ARM/mbed-os/frameworks/utest/source/utest_default_handlers.o
 *fill*         0x00007553        0x1 
 .rodata        0x00007554       0x94 ./.build/SARA_NBIOT_EVK/GCC_ARM/mbed-os/frameworks/utest/source/utest_greentea_handlers.o
 .rodata        0x000075e8      0x227 ./.build/SARA_NBIOT_EVK/GCC_ARM/mbed-os/frameworks/utest/source/utest_types.o
 *fill*         0x0000780f        0x1 
 .rodata        0x00007810       0x40 c:/gcc4mbed-master/gcc4mbed-master/gcc-arm-none-eabi/bin/../lib/gcc/arm-none-eabi/5.2.1/armv6-m\libgcc.a(mulsf3.o)
 *(.rodata*)
 .rodata._ZTVN4mbed9RawSerialE
                0x00007850       0x18 ./.build/SARA_NBIOT_EVK/GCC_ARM/mbed-os/core/hal/common/RawSerial.o
                0x00007850                vtable for mbed::RawSerial
 .rodata._ZTVN4mbed10SerialBaseE
                0x00007868       0x18 ./.build/SARA_NBIOT_EVK/GCC_ARM/mbed-os/core/hal/common/SerialBase.o
                0x00007868                vtable for mbed::SerialBase
 .rodata._ZTVN4mbed6TickerE
                0x00007880       0x14 ./.build/SARA_NBIOT_EVK/GCC_ARM/mbed-os/core/hal/common/Ticker.o